Component: ARM Compiler 5.06 update 7 (build 960) Tool: armlink [4d3601]

==============================================================================

Section Cross References

    main.o(i.car_stop_protect) refers to motor.o(i.motor_pid_reset) for motor_pid_reset
    main.o(i.car_stop_protect) refers to motor.o(.data) for base_speed
    main.o(i.get_mid_error_average) refers to image.o(.bss) for mid_line
    main.o(i.image_ms_to_ticks) refers to main.o(.data) for image_period_ms
    main.o(i.main) refers to zf_common_clock.o(i.clock_init) for clock_init
    main.o(i.main) refers to zf_common_debug.o(i.debug_init) for debug_init
    main.o(i.main) refers to zf_device_ips200.o(i.ips200_init) for ips200_init
    main.o(i.main) refers to zf_device_ips200.o(i.ips200_show_string) for ips200_show_string
    main.o(i.main) refers to zf_driver_delay.o(i.system_delay) for system_delay
    main.o(i.main) refers to zf_device_mt9v03x.o(i.mt9v03x_init) for mt9v03x_init
    main.o(i.main) refers to zf_device_mt9v03x.o(i.mt9v03x_set_reg) for mt9v03x_set_reg
    main.o(i.main) refers to zf_device_mt9v03x.o(i.mt9v03x_set_exposure_time) for mt9v03x_set_exposure_time
    main.o(i.main) refers to imu.o(i.imu_init) for imu_init
    main.o(i.main) refers to mymenu.o(i.Init_menu) for Init_menu
    main.o(i.main) refers to zf_device_key.o(i.key_init) for key_init
    main.o(i.main) refers to motor.o(i.motor_init) for motor_init
    main.o(i.main) refers to motor.o(i.init_encoder) for init_encoder
    main.o(i.main) refers to key.o(i.key_state_reset) for key_state_reset
    main.o(i.main) refers to motor.o(i.motor_pid_reset) for motor_pid_reset
    main.o(i.main) refers to zf_driver_pit.o(i.pit_init) for pit_init
    main.o(i.main) refers to mymenu.o(i.Show_menu) for Show_menu
    main.o(i.main) refers to imu.o(i.imu_update) for imu_update
    main.o(i.main) refers to key.o(i.key_handle) for key_handle
    main.o(i.main) refers to cross.o(i.cross_state_reset) for cross_state_reset
    main.o(i.main) refers to main.o(i.image_ms_to_ticks) for image_ms_to_ticks
    main.o(i.main) refers to main.o(i.image_ticks_to_ms) for image_ticks_to_ms
    main.o(i.main) refers to memcpya.o(.text) for __aeabi_memcpy
    main.o(i.main) refers to image.o(i.otsu_threshold) for otsu_threshold
    main.o(i.main) refers to image.o(i.set_image_twovalues) for set_image_twovalues
    main.o(i.main) refers to image.o(i.find_base_point) for find_base_point
    main.o(i.main) refers to image.o(i.find_boundary) for find_boundary
    main.o(i.main) refers to main.o(i.zebra_state_process) for zebra_state_process
    main.o(i.main) refers to main.o(i.car_stop_protect) for car_stop_protect
    main.o(i.main) refers to mymenu.o(i.menu_is_image_page) for menu_is_image_page
    main.o(i.main) refers to zf_device_ips200.o(i.ips200_show_int) for ips200_show_int
    main.o(i.main) refers to cross.o(i.cross_state_process) for cross_state_process
    main.o(i.main) refers to main.o(i.track_lost_detect) for track_lost_detect
    main.o(i.main) refers to fflti.o(.text) for __aeabi_i2f
    main.o(i.main) refers to fmul.o(.text) for __aeabi_fmul
    main.o(i.main) refers to main.o(i.get_mid_error_average) for get_mid_error_average
    main.o(i.main) refers to image.o(i.mid_line_weighted_average) for mid_line_weighted_average
    main.o(i.main) refers to motor.o(i.steering_set_image_error) for steering_set_image_error
    main.o(i.main) refers to motor.o(i.speed_decision_update) for speed_decision_update
    main.o(i.main) refers to zf_common_clock.o(.data) for system_clock
    main.o(i.main) refers to isr.o(.data) for g_sys_tick
    main.o(i.main) refers to main.o(.data) for last_imu_tick
    main.o(i.main) refers to motor.o(.data) for base_speed
    main.o(i.main) refers to zf_device_mt9v03x.o(.data) for mt9v03x_finish_flag
    main.o(i.main) refers to zf_device_mt9v03x.o(.bss) for mt9v03x_image
    main.o(i.main) refers to image.o(.bss) for base_image
    main.o(i.main) refers to cross.o(.data) for cross_state
    main.o(i.main) refers to zf_device_ips200.o(i.ips200_show_gray_image) for ips200_show_gray_image
    main.o(i.main) refers to image.o(i.draw_boundary) for draw_boundary
    main.o(i.track_lost_detect) refers to main.o(i.track_row_has_visible_road) for track_row_has_visible_road
    main.o(i.track_lost_detect) refers to image.o(.bss) for left_line
    main.o(i.track_row_has_visible_road) refers to image.o(.bss) for twovalues_image
    main.o(i.zebra_count_matching_rows) refers to main.o(i.zebra_count_row_patterns) for zebra_count_row_patterns
    main.o(i.zebra_count_matching_rows) refers to main.o(.data) for zebra_transition_count
    main.o(i.zebra_count_row_patterns) refers to image.o(.bss) for twovalues_image
    main.o(i.zebra_guard_boundaries_valid) refers to image.o(.bss) for left_line
    main.o(i.zebra_state_process) refers to main.o(i.zebra_count_matching_rows) for zebra_count_matching_rows
[...]
    _printf_l                                0x00000000   Number         0  stubs.o ABSOLUTE
    _printf_lc                               0x00000000   Number         0  stubs.o ABSOLUTE
    _printf_ll                               0x00000000   Number         0  stubs.o ABSOLUTE
    _printf_lld                              0x00000000   Number         0  stubs.o ABSOLUTE
    _printf_lli                              0x00000000   Number         0  stubs.o ABSOLUTE
    _printf_llo                              0x00000000   Number         0  stubs.o ABSOLUTE
    _printf_llu                              0x00000000   Number         0  stubs.o ABSOLUTE
    _printf_llx                              0x00000000   Number         0  stubs.o ABSOLUTE
    _printf_longlong_dec                     0x00000000   Number         0  stubs.o ABSOLUTE
    _printf_longlong_hex                     0x00000000   Number         0  stubs.o ABSOLUTE
    _printf_longlong_oct                     0x00000000   Number         0  stubs.o ABSOLUTE
    _printf_ls                               0x00000000   Number         0  stubs.o ABSOLUTE
    _printf_mbtowc                           0x00000000   Number         0  stubs.o ABSOLUTE
    _printf_n                                0x00000000   Number         0  stubs.o ABSOLUTE
    _printf_o                                0x00000000   Number         0  stubs.o ABSOLUTE
    _printf_p                                0x00000000   Number         0  stubs.o ABSOLUTE
    _printf_percent                          0x00000000   Number         0  stubs.o ABSOLUTE
    _printf_pre_padding                      0x00000000   Number         0  stubs.o ABSOLUTE
    _printf_return_value                     0x00000000   Number         0  stubs.o ABSOLUTE
    _printf_s                                0x00000000   Number         0  stubs.o ABSOLUTE
    _printf_sizespec                         0x00000000   Number         0  stubs.o ABSOLUTE
    _printf_str                              0x00000000   Number         0  stubs.o ABSOLUTE
    _printf_truncate_signed                  0x00000000   Number         0  stubs.o ABSOLUTE
    _printf_truncate_unsigned                0x00000000   Number         0  stubs.o ABSOLUTE
    _printf_u                                0x00000000   Number         0  stubs.o ABSOLUTE
    _printf_wc                               0x00000000   Number         0  stubs.o ABSOLUTE
    _printf_wctomb                           0x00000000   Number         0  stubs.o ABSOLUTE
    _printf_widthprec                        0x00000000   Number         0  stubs.o ABSOLUTE
    _printf_x                                0x00000000   Number         0  stubs.o ABSOLUTE
    __arm_fini_                               - Undefined Weak Reference
    __cpp_initialize__aeabi_                  - Undefined Weak Reference
    __cxa_finalize                            - Undefined Weak Reference
    _clock_init                               - Undefined Weak Reference
    _microlib_exit                            - Undefined Weak Reference
    __Vectors_Size                           0x00000190   Number         0  startup_mm32f3277g.o ABSOLUTE
    __Vectors                                0x08000000   Data           4  startup_mm32f3277g.o(RESET)
    __Vectors_End                            0x08000190   Data           0  startup_mm32f3277g.o(RESET)
    __main                                   0x08000401   Thumb Code     0  entry.o(.ARM.Collect$$$$00000000)
    _main_stk                                0x08000401   Thumb Code     0  entry4.o(.ARM.Collect$$$$00000003)
    _main_scatterload                        0x08000405   Thumb Code     0  entry5.o(.ARM.Collect$$$$00000004)
    __main_after_scatterload                 0x08000409   Thumb Code     0  entry5.o(.ARM.Collect$$$$00000004)
    _main_clock                              0x08000409   Thumb Code     0  entry7b.o(.ARM.Collect$$$$00000008)
    _main_cpp_init                           0x08000409   Thumb Code     0  entry8b.o(.ARM.Collect$$$$0000000A)
    _main_init                               0x08000409   Thumb Code     0  entry9a.o(.ARM.Collect$$$$0000000B)
    __rt_lib_shutdown_fini                   0x08000411   Thumb Code     0  entry12b.o(.ARM.Collect$$$$0000000E)
    __rt_final_cpp                           0x08000415   Thumb Code     0  entry10a.o(.ARM.Collect$$$$0000000F)
    __rt_final_exit                          0x08000415   Thumb Code     0  entry11a.o(.ARM.Collect$$$$00000011)
    Reset_Handler                            0x08000419   Thumb Code     8  startup_mm32f3277g.o(.text)
    NMI_Handler                              0x08000421   Thumb Code     2  startup_mm32f3277g.o(.text)
    HardFault_Handler                        0x08000423   Thumb Code     2  startup_mm32f3277g.o(.text)
    MemManage_Handler                        0x08000425   Thumb Code     2  startup_mm32f3277g.o(.text)
    BusFault_Handler                         0x08000427   Thumb Code     2  startup_mm32f3277g.o(.text)
    UsageFault_Handler                       0x08000429   Thumb Code     2  startup_mm32f3277g.o(.text)
    SVC_Handler                              0x0800042b   Thumb Code     2  startup_mm32f3277g.o(.text)
    DebugMon_Handler                         0x0800042d   Thumb Code     2  startup_mm32f3277g.o(.text)
    PendSV_Handler                           0x0800042f   Thumb Code     2  startup_mm32f3277g.o(.text)
    SysTick_Handler                          0x08000431   Thumb Code     2  startup_mm32f3277g.o(.text)
    ADC1_2_IRQHandler                        0x08000433   Thumb Code     0  startup_mm32f3277g.o(.text)
    ADC3_IRQHandler                          0x08000433   Thumb Code     0  startup_mm32f3277g.o(.text)
    CAN1_RX_IRQHandler                       0x08000433   Thumb Code     0  startup_mm32f3277g.o(.text)
    COMP1_2_IRQHandler                       0x08000433   Thumb Code     0  startup_mm32f3277g.o(.text)
    ETH_IRQHandler                           0x08000433   Thumb Code     0  startup_mm32f3277g.o(.text)
    FLASH_IRQHandler                         0x08000433   Thumb Code     0  startup_mm32f3277g.o(.text)
    FlashCache_IRQHandler                    0x08000433   Thumb Code     0  startup_mm32f3277g.o(.text)
    I2C1_IRQHandler                          0x08000433   Thumb Code     0  startup_mm32f3277g.o(.text)
    I2C2_IRQHandler                          0x08000433   Thumb Code     0  startup_mm32f3277g.o(.text)
    OTG_FS_IRQHandler                        0x08000433   Thumb Code     0  startup_mm32f3277g.o(.text)
    OTG_FS_WKUP_IRQHandler                   0x08000433   Thumb Code     0  startup_mm32f3277g.o(.text)
    PVD_IRQHandler                           0x08000433   Thumb Code     0  startup_mm32f3277g.o(.text)
    RCC_CRS_IRQHandler                       0x08000433   Thumb Code     0  startup_mm32f3277g.o(.text)
    RTCAlarm_IRQHandler                      0x08000433   Thumb Code     0  startup_mm32f3277g.o(.text)
    RTC_IRQHandler                           0x08000433   Thumb Code     0  startup_mm32f3277g.o(.text)
    SDIO_IRQHandler                          0x08000433   Thumb Code     0  startup_mm32f3277g.o(.text)
    SPI1_IRQHandler                          0x08000433   Thumb Code     0  startup_mm32f3277g.o(.text)
    SPI2_IRQHandler                          0x08000433   Thumb Code     0  startup_mm32f3277g.o(.text)
    SPI3_IRQHandler                          0x08000433   Thumb Code     0  startup_mm32f3277g.o(.text)
    TAMPER_IRQHandler                        0x08000433   Thumb Code     0  startup_mm32f3277g.o(.text)
    TIM1_BRK_IRQHandler                      0x08000433   Thumb Code     0  startup_mm32f3277g.o(.text)
    TIM1_CC_IRQHandler                       0x08000433   Thumb Code     0  startup_mm32f3277g.o(.text)
    TIM1_TRG_COM_IRQHandler                  0x08000433   Thumb Code     0  startup_mm32f3277g.o(.text)
    TIM8_BRK_IRQHandler                      0x08000433   Thumb Code     0  startup_mm32f3277g.o(.text)
    TIM8_CC_IRQHandler                       0x08000433   Thumb Code     0  startup_mm32f3277g.o(.text)
    TIM8_TRG_COM_IRQHandler                  0x08000433   Thumb Code     0  startup_mm32f3277g.o(.text)
    WWDG_IRQHandler                          0x08000433   Thumb Code     0  startup_mm32f3277g.o(.text)
    __aeabi_memcpy                           0x0800043d   Thumb Code    36  memcpya.o(.text)
    __aeabi_memcpy4                          0x0800043d   Thumb Code     0  memcpya.o(.text)
    __aeabi_memcpy8                          0x0800043d   Thumb Code     0  memcpya.o(.text)
    __aeabi_memset                           0x08000461   Thumb Code    14  memseta.o(.text)
    __aeabi_memset4                          0x08000461   Thumb Code     0  memseta.o(.text)
    __aeabi_memset8                          0x08000461   Thumb Code     0  memseta.o(.text)
    __aeabi_memclr                           0x0800046f   Thumb Code     4  memseta.o(.text)
    __aeabi_memclr4                          0x0800046f   Thumb Code     0  memseta.o(.text)
    __aeabi_memclr8                          0x0800046f   Thumb Code     0  memseta.o(.text)
    _memset$wrapper                          0x08000473   Thumb Code    18  memseta.o(.text)
    strlen                                   0x08000485   Thumb Code    14  strlen.o(.text)
    strncmp                                  0x08000493   Thumb Code    30  strncmp.o(.text)
    __aeabi_fadd                             0x080004b1   Thumb Code   164  fadd.o(.text)
    __aeabi_fsub                             0x08000555   Thumb Code     6  fadd.o(.text)
    __aeabi_frsub                            0x0800055b   Thumb Code     6  fadd.o(.text)
    __aeabi_fmul                             0x08000561   Thumb Code   100  fmul.o(.text)
    __aeabi_fdiv                             0x080005c5   Thumb Code   124  fdiv.o(.text)
    __aeabi_dadd                             0x08000641   Thumb Code   322  dadd.o(.text)
    __aeabi_dsub                             0x08000783   Thumb Code     6  dadd.o(.text)
    __aeabi_drsub                            0x08000789   Thumb Code     6  dadd.o(.text)
    __aeabi_dmul                             0x0800078f   Thumb Code   228  dmul.o(.text)
    __aeabi_i2f                              0x08000873   Thumb Code    18  fflti.o(.text)
    __aeabi_ui2f                             0x08000885   Thumb Code    10  ffltui.o(.text)
    __aeabi_f2iz                             0x0800088f   Thumb Code    50  ffixi.o(.text)
    __aeabi_f2uiz                            0x080008c1   Thumb Code    40  ffixui.o(.text)
    __aeabi_d2uiz                            0x080008e9   Thumb Code    50  dfixui.o(.text)
    __aeabi_f2d                              0x0800091b   Thumb Code    38  f2d.o(.text)
    __aeabi_cdcmpeq                          0x08000941   Thumb Code     0  cdcmple.o(.text)
    __aeabi_cdcmple                          0x08000941   Thumb Code    48  cdcmple.o(.text)
    __aeabi_d2f                              0x08000971   Thumb Code    56  d2f.o(.text)
    __aeabi_cfcmpeq                          0x080009a9   Thumb Code     0  cfcmple.o(.text)
    __aeabi_cfcmple                          0x080009a9   Thumb Code    20  cfcmple.o(.text)
    __aeabi_cfrcmple                         0x080009bd   Thumb Code    20  cfrcmple.o(.text)
    __aeabi_uidiv                            0x080009d1   Thumb Code     0  uidiv.o(.text)
    __aeabi_uidivmod                         0x080009d1   Thumb Code    44  uidiv.o(.text)
    __aeabi_llsl                             0x080009fd   Thumb Code    30  llshl.o(.text)
    _ll_shift_l                              0x080009fd   Thumb Code     0  llshl.o(.text)
    __aeabi_llsr                             0x08000a1b   Thumb Code    32  llushr.o(.text)
    _ll_ushift_r                             0x08000a1b   Thumb Code     0  llushr.o(.text)
    __aeabi_lasr                             0x08000a3b   Thumb Code    36  llsshr.o(.text)
    _ll_sshift_r                             0x08000a3b   Thumb Code     0  llsshr.o(.text)
    __I$use$fp                               0x08000a5f   Thumb Code     0  iusefp.o(.text)
    _float_round                             0x08000a5f   Thumb Code    18  fepilogue.o(.text)
    _float_epilogue                          0x08000a71   Thumb Code    92  fepilogue.o(.text)
    __ARM_scalbnf                            0x08000acd   Thumb Code    24  fscalb.o(.text)
    scalbnf                                  0x08000acd   Thumb Code     0  fscalb.o(.text)
    _fsqrt                                   0x08000ae5   Thumb Code    94  fsqrt.o(.text)
    _frnd                                    0x08000b43   Thumb Code    60  frnd.o(.text)
    _double_round                            0x08000b7f   Thumb Code    30  depilogue.o(.text)
    _double_epilogue                         0x08000b9d   Thumb Code   156  depilogue.o(.text)
    __scatterload                            0x08000c39   Thumb Code    28  init.o(.text)
    __scatterload_rt2                        0x08000c39   Thumb Code     0  init.o(.text)
    __decompress                             0x08000c5d   Thumb Code     0  __dczerorl2.o(.text)
    __decompress1                            0x08000c5d   Thumb Code    86  __dczerorl2.o(.text)
    mt9v03x_set_config_sccb                  0x08000cf1   Thumb Code  2498  zf_device_config.o(.text.mt9v03x_set_config_sccb)
    mt9v03x_set_exposure_time_sccb           0x080016b5   Thumb Code   150  zf_device_config.o(.text.mt9v03x_set_exposure_time_sccb)
    mt9v03x_set_reg_sccb                     0x0800174d   Thumb Code    30  zf_device_config.o(.text.mt9v03x_set_reg_sccb)
    DMA1_Channel1_IRQHandler                 0x080017a1   Thumb Code    24  isr.o(i.DMA1_Channel1_IRQHandler)
    DMA1_Channel2_IRQHandler                 0x080017bd   Thumb Code    24  isr.o(i.DMA1_Channel2_IRQHandler)
    DMA1_Channel3_IRQHandler                 0x080017d9   Thumb Code    24  isr.o(i.DMA1_Channel3_IRQHandler)
    DMA1_Channel4_IRQHandler                 0x080017f5   Thumb Code    32  isr.o(i.DMA1_Channel4_IRQHandler)
    DMA1_Channel5_IRQHandler                 0x0800181d   Thumb Code    24  isr.o(i.DMA1_Channel5_IRQHandler)
    DMA1_Channel6_IRQHandler                 0x08001839   Thumb Code    24  isr.o(i.DMA1_Channel6_IRQHandler)
    DMA1_Channel7_IRQHandler                 0x08001855   Thumb Code    24  isr.o(i.DMA1_Channel7_IRQHandler)
    DMA2_Channel1_IRQHandler                 0x08001871   Thumb Code    28  isr.o(i.DMA2_Channel1_IRQHandler)
    DMA2_Channel2_IRQHandler                 0x08001891   Thumb Code    28  isr.o(i.DMA2_Channel2_IRQHandler)
    DMA2_Channel3_IRQHandler                 0x080018b1   Thumb Code    28  isr.o(i.DMA2_Channel3_IRQHandler)
    DMA2_Channel4_IRQHandler                 0x080018d1   Thumb Code    28  isr.o(i.DMA2_Channel4_IRQHandler)
    DMA2_Channel5_IRQHandler                 0x080018f1   Thumb Code    28  isr.o(i.DMA2_Channel5_IRQHandler)
    EXTI0_IRQHandler                         0x08001911   Thumb Code    14  isr.o(i.EXTI0_IRQHandler)
    EXTI15_10_IRQHandler                     0x08001925   Thumb Code   144  isr.o(i.EXTI15_10_IRQHandler)
    EXTI1_IRQHandler                         0x080019b9   Thumb Code    14  isr.o(i.EXTI1_IRQHandler)
    EXTI2_IRQHandler                         0x080019cd   Thumb Code    14  isr.o(i.EXTI2_IRQHandler)
    EXTI3_IRQHandler                         0x080019e1   Thumb Code    14  isr.o(i.EXTI3_IRQHandler)
    EXTI4_IRQHandler                         0x080019f5   Thumb Code    14  isr.o(i.EXTI4_IRQHandler)
    EXTI9_5_IRQHandler                       0x08001a09   Thumb Code   120  isr.o(i.EXTI9_5_IRQHandler)
    Init_menu                                0x08001a89   Thumb Code   602  mymenu.o(i.Init_menu)
    Show_array                               0x08001f4d   Thumb Code    60  mymenu.o(i.Show_array)
    Show_menu                                0x08001f95   Thumb Code    46  mymenu.o(i.Show_menu)
    Show_txt                                 0x08001fc9   Thumb Code   216  mymenu.o(i.Show_txt)
    SystemInit                               0x080020b5   Thumb Code    10  system_mm32f3277g.o(i.SystemInit)
    TIM1_UP_IRQHandler                       0x080020c5   Thumb Code    16  isr.o(i.TIM1_UP_IRQHandler)
    TIM2_IRQHandler                          0x080020d9   Thumb Code    22  isr.o(i.TIM2_IRQHandler)
    TIM3_IRQHandler                          0x080020f1   Thumb Code    16  isr.o(i.TIM3_IRQHandler)
    TIM4_IRQHandler                          0x08002105   Thumb Code    16  isr.o(i.TIM4_IRQHandler)
    TIM5_IRQHandler                          0x08002119   Thumb Code    16  isr.o(i.TIM5_IRQHandler)
    TIM6_IRQHandler                          0x0800212d   Thumb Code   142  isr.o(i.TIM6_IRQHandler)
    TIM7_IRQHandler                          0x080021dd   Thumb Code    16  isr.o(i.TIM7_IRQHandler)
    TIM8_UP_IRQHandler                       0x080021f1   Thumb Code    22  isr.o(i.TIM8_UP_IRQHandler)
    UART1_IRQHandler                         0x0800220d   Thumb Code    54  isr.o(i.UART1_IRQHandler)
    UART2_IRQHandler                         0x08002249   Thumb Code    60  isr.o(i.UART2_IRQHandler)
    UART3_IRQHandler                         0x08002289   Thumb Code    54  isr.o(i.UART3_IRQHandler)
    UART4_IRQHandler                         0x080022c5   Thumb Code    54  isr.o(i.UART4_IRQHandler)
    UART5_IRQHandler                         0x08002301   Thumb Code    46  isr.o(i.UART5_IRQHandler)
    UART6_IRQHandler                         0x08002335   Thumb Code    62  isr.o(i.UART6_IRQHandler)
    UART7_IRQHandler                         0x0800237d   Thumb Code    54  isr.o(i.UART7_IRQHandler)
    UART8_IRQHandler                         0x080023b9   Thumb Code    62  isr.o(i.UART8_IRQHandler)
    __0sprintf$3                             0x08002401   Thumb Code    34  printf3.o(i.__0sprintf$3)
    __1sprintf$3                             0x08002401   Thumb Code     0  printf3.o(i.__0sprintf$3)
    __2sprintf                               0x08002401   Thumb Code     0  printf3.o(i.__0sprintf$3)
    __ARM_fpclassifyf                        0x08002429   Thumb Code    38  fpclassifyf.o(i.__ARM_fpclassifyf)
    __mathlib_flt_infnan                     0x0800244f   Thumb Code     6  funder.o(i.__mathlib_flt_infnan)
    __mathlib_flt_infnan2                    0x08002455   Thumb Code     4  funder.o(i.__mathlib_flt_infnan2)
    __mathlib_flt_invalid                    0x08002459   Thumb Code     8  funder.o(i.__mathlib_flt_invalid)
    __mathlib_flt_underflow                  0x08002461   Thumb Code    10  funder.o(i.__mathlib_flt_underflow)
    __mathlib_rredf2                         0x0800246d   Thumb Code   344  rredf.o(i.__mathlib_rredf2)
    __scatterload_copy                       0x080025d5   Thumb Code    14  handlers.o(i.__scatterload_copy)
    __scatterload_null                       0x080025e3   Thumb Code     2  handlers.o(i.__scatterload_null)
    __scatterload_zeroinit                   0x080025e5   Thumb Code    14  handlers.o(i.__scatterload_zeroinit)
    __set_errno                              0x080025f5   Thumb Code     6  errno.o(i.__set_errno)
    adc_convert                              0x080027c5   Thumb Code    98  zf_driver_adc.o(i.adc_convert)
    afio_init                                0x08002831   Thumb Code   224  zf_driver_gpio.o(i.afio_init)
    array_down                               0x08002919   Thumb Code    20  mymenu.o(i.array_down)
    array_up                                 0x08002931   Thumb Code    20  mymenu.o(i.array_up)
    asinf                                    0x08002949   Thumb Code   254  asinf.o(i.asinf)
    atan2f                                   0x08002a6d   Thumb Code   598  atan2f.o(i.atan2f)
    back_folder                              0x08002d11   Thumb Code    26  mymenu.o(i.back_folder)
    camera_fifo_init                         0x08002d31   Thumb Code    16  zf_device_camera.o(i.camera_fifo_init)
    camera_init                              0x08002d49   Thumb Code   182  zf_device_camera.o(i.camera_init)
    clock_init                               0x08002e29   Thumb Code    24  zf_common_clock.o(i.clock_init)
    cosf                                     0x08003099   Thumb Code   328  cosf.o(i.cosf)
    create_menu_folder                       0x08003215   Thumb Code    26  menu.o(i.create_menu_folder)
    create_menu_item                         0x0800322f   Thumb Code    72  menu.o(i.create_menu_item)
    create_menu_txt                          0x08003277   Thumb Code    36  menu.o(i.create_menu_txt)
    cross_state_process                      0x080035e5   Thumb Code   120  cross.o(i.cross_state_process)
    cross_state_reset                        0x08003669   Thumb Code    20  cross.o(i.cross_state_reset)
    debug_assert_handler                     0x08003681   Thumb Code    72  zf_common_debug.o(i.debug_assert_handler)
    debug_init                               0x08003715   Thumb Code    40  zf_common_debug.o(i.debug_init)
    debug_log_handler                        0x08003741   Thumb Code    44  zf_common_debug.o(i.debug_log_handler)
    debug_output_init                        0x08003a95   Thumb Code    42  zf_common_debug.o(i.debug_output_init)
    debug_output_struct_init                 0x08003ac9   Thumb Code    28  zf_common_debug.o(i.debug_output_struct_init)
    dm1xa_light_callback                     0x08003b7d   Thumb Code    46  zf_device_dm1xa.o(i.dm1xa_light_callback)
    dm1xa_sound_callback                     0x08003bb5   Thumb Code   178  zf_device_dm1xa.o(i.dm1xa_sound_callback)
    dma_camera_init                          0x08003c85   Thumb Code   296  zf_driver_dma.o(i.dma_camera_init)
    dma_disable                              0x08003db5   Thumb Code    50  zf_driver_dma.o(i.dma_disable)
    dma_enable                               0x08003ded   Thumb Code    50  zf_driver_dma.o(i.dma_enable)
    dma_set_count                            0x08003e25   Thumb Code    26  zf_driver_dma.o(i.dma_set_count)
    draw_boundary                            0x08003e45   Thumb Code    70  image.o(i.draw_boundary)
    dynamic_create_menu_folder               0x08003e9d   Thumb Code    54  menu.o(i.dynamic_create_menu_folder)
    dynamic_create_menu_txt                  0x08003edd   Thumb Code    52  menu.o(i.dynamic_create_menu_txt)
    encoder_clear_count                      0x08003f19   Thumb Code   110  zf_driver_encoder.o(i.encoder_clear_count)
    encoder_get_count                        0x08003f9d   Thumb Code   118  zf_driver_encoder.o(i.encoder_get_count)
    encoder_quad_init                        0x0800402d   Thumb Code   214  zf_driver_encoder.o(i.encoder_quad_init)
    enter_editting                           0x08004149   Thumb Code    30  mymenu.o(i.enter_editting)
    enter_folder                             0x0800416d   Thumb Code    34  mymenu.o(i.enter_folder)
    exti_init                                0x08004195   Thumb Code   524  zf_driver_exti.o(i.exti_init)
    fifo_clear                               0x080043ad   Thumb Code   122  zf_common_fifo.o(i.fifo_clear)
    fifo_init                                0x08004489   Thumb Code    72  zf_common_fifo.o(i.fifo_init)
    fifo_read_buffer                         0x080044fd   Thumb Code   362  zf_common_fifo.o(i.fifo_read_buffer)
    fifo_used                                0x08004695   Thumb Code    30  zf_common_fifo.o(i.fifo_used)
    fifo_write_buffer                        0x080046e1   Thumb Code   378  zf_common_fifo.o(i.fifo_write_buffer)
    fifo_write_element                       0x08004889   Thumb Code   132  zf_common_fifo.o(i.fifo_write_element)
    find_base_point                          0x08004939   Thumb Code   682  image.o(i.find_base_point)
    find_boundary                            0x08004bf1   Thumb Code   714  image.o(i.find_boundary)
    func_float_to_str                        0x08004ee9   Thumb Code   358  zf_common_function.o(i.func_float_to_str)
    func_get_greatest_common_divisor         0x08005085   Thumb Code    20  zf_common_function.o(i.func_get_greatest_common_divisor)
    func_int_to_str                          0x08005099   Thumb Code   134  zf_common_function.o(i.func_int_to_str)
    get_motor_speed                          0x0800519d   Thumb Code   132  motor.o(i.get_motor_speed)
    gpio_get_level                           0x08005241   Thumb Code    32  zf_driver_gpio.o(i.gpio_get_level)
    gpio_init                                0x08005265   Thumb Code   284  zf_driver_gpio.o(i.gpio_init)
    gpio_set_level                           0x08005389   Thumb Code    68  zf_driver_gpio.o(i.gpio_set_level)
    gps_uart_callback                        0x080053d1   Thumb Code   176  zf_device_gps_tau1201.o(i.gps_uart_callback)
    imu963ra_acc_transition                  0x08005505   Thumb Code   106  zf_device_imu963ra.o(i.imu963ra_acc_transition)
    imu963ra_get_acc                         0x080055b1   Thumb Code    68  zf_device_imu963ra.o(i.imu963ra_get_acc)
    imu963ra_get_gyro                        0x08005601   Thumb Code    68  zf_device_imu963ra.o(i.imu963ra_get_gyro)
    imu963ra_gyro_transition                 0x08005651   Thumb Code   154  zf_device_imu963ra.o(i.imu963ra_gyro_transition)
    imu963ra_init                            0x08005705   Thumb Code   334  zf_device_imu963ra.o(i.imu963ra_init)
    imu_init                                 0x08005cad   Thumb Code   102  imu.o(i.imu_init)
    imu_update                               0x08006985   Thumb Code   422  imu.o(i.imu_update)
    init_encoder                             0x08006cdd   Thumb Code    28  motor.o(i.init_encoder)
    interrupt_disable                        0x08006cf9   Thumb Code    62  zf_common_interrupt.o(i.interrupt_disable)
    interrupt_enable                         0x08006d3d   Thumb Code    40  zf_common_interrupt.o(i.interrupt_enable)
    interrupt_global_disable                 0x08006d65   Thumb Code    24  zf_common_interrupt.o(i.interrupt_global_disable)
    interrupt_init                           0x08006d81   Thumb Code    30  zf_common_interrupt.o(i.interrupt_init)
    interrupt_set_priority                   0x08006da9   Thumb Code    42  zf_common_interrupt.o(i.interrupt_set_priority)
    ips200_clear                             0x08006ddd   Thumb Code   116  zf_device_ips200.o(i.ips200_clear)
    ips200_draw_point                        0x08006edd   Thumb Code   124  zf_device_ips200.o(i.ips200_draw_point)
    ips200_init                              0x08006f99   Thumb Code   940  zf_device_ips200.o(i.ips200_init)
    ips200_set_color                         0x08007369   Thumb Code    10  zf_device_ips200.o(i.ips200_set_color)
    ips200_set_dir                           0x0800737d   Thumb Code    62  zf_device_ips200.o(i.ips200_set_dir)
    ips200_show_char                         0x0800749d   Thumb Code   370  zf_device_ips200.o(i.ips200_show_char)
    ips200_show_float                        0x08007665   Thumb Code   270  zf_device_ips200.o(i.ips200_show_float)
    ips200_show_gray_image                   0x080077b1   Thumb Code   292  zf_device_ips200.o(i.ips200_show_gray_image)
    ips200_show_int                          0x08007915   Thumb Code   180  zf_device_ips200.o(i.ips200_show_int)
    ips200_show_string                       0x08007a01   Thumb Code   136  zf_device_ips200.o(i.ips200_show_string)
    key_1                                    0x08007c91   Thumb Code   154  mymenu.o(i.key_1)
    key_2                                    0x08007d39   Thumb Code   154  mymenu.o(i.key_2)
    key_3                                    0x08007de1   Thumb Code    30  mymenu.o(i.key_3)
    key_3_double                             0x08007e05   Thumb Code    22  mymenu.o(i.key_3_double)
    key_4_double                             0x08007e25   Thumb Code    40  mymenu.o(i.key_4_double)
    key_clear_state                          0x08007e5d   Thumb Code     8  zf_device_key.o(i.key_clear_state)
    key_get_state                            0x08007e69   Thumb Code     8  zf_device_key.o(i.key_get_state)
    key_handle                               0x08007e75   Thumb Code   420  key.o(i.key_handle)
    key_init                                 0x0800803d   Thumb Code    64  zf_device_key.o(i.key_init)
    key_scanner                              0x080080b5   Thumb Code   124  zf_device_key.o(i.key_scanner)
    key_state_reset                          0x08008141   Thumb Code    40  key.o(i.key_state_reset)
    main                                     0x0800818d   Thumb Code  1498  main.o(i.main)
    menu_is_image_page                       0x080087a5   Thumb Code    34  mymenu.o(i.menu_is_image_page)
    mid_line_weighted_average                0x080087d1   Thumb Code   108  image.o(i.mid_line_weighted_average)
    motor_init                               0x08008855   Thumb Code    52  motor.o(i.motor_init)
    motor_pid_reset                          0x080088b9   Thumb Code    80  motor.o(i.motor_pid_reset)
    motor_pid_speedcontrol                   0x0800894d   Thumb Code   384  motor.o(i.motor_pid_speedcontrol)
    motorl_set_pwm                           0x08008b09   Thumb Code    78  motor.o(i.motorl_set_pwm)
    motorr_set_pwm                           0x08008b65   Thumb Code    78  motor.o(i.motorr_set_pwm)
    mt9v03x_get_version                      0x08008cad   Thumb Code   112  zf_device_mt9v03x.o(i.mt9v03x_get_version)
    mt9v03x_init                             0x08008d25   Thumb Code   250  zf_device_mt9v03x.o(i.mt9v03x_init)
    mt9v03x_set_exposure_time                0x08008f6d   Thumb Code   172  zf_device_mt9v03x.o(i.mt9v03x_set_exposure_time)
    mt9v03x_set_reg                          0x08009031   Thumb Code   224  zf_device_mt9v03x.o(i.mt9v03x_set_reg)
    otsu_threshold                           0x08009185   Thumb Code   302  image.o(i.otsu_threshold)
    pit_init                                 0x080092b5   Thumb Code   170  zf_driver_pit.o(i.pit_init)
    pwm_init                                 0x080093b9   Thumb Code   418  zf_driver_pwm.o(i.pwm_init)
    pwm_set_duty                             0x080095a9   Thumb Code   184  zf_driver_pwm.o(i.pwm_set_duty)
    set_camera_type                          0x080096a5   Thumb Code    44  zf_device_type.o(i.set_camera_type)
    set_image_twovalues                      0x080096e5   Thumb Code    88  image.o(i.set_image_twovalues)
    sinf                                     0x08009745   Thumb Code   338  sinf.o(i.sinf)
    soft_iic_init                            0x080098cd   Thumb Code    94  zf_driver_soft_iic.o(i.soft_iic_init)
    soft_iic_sccb_read_register              0x08009ab9   Thumb Code   102  zf_driver_soft_iic.o(i.soft_iic_sccb_read_register)
    soft_iic_sccb_write_register             0x08009b51   Thumb Code    70  zf_driver_soft_iic.o(i.soft_iic_sccb_write_register)
    speed_decision_reset                     0x0800a141   Thumb Code   172  motor.o(i.speed_decision_reset)
    speed_decision_update                    0x0800a241   Thumb Code   874  motor.o(i.speed_decision_update)
    spi_init                                 0x0800a6fd   Thumb Code   646  zf_driver_spi.o(i.spi_init)
    spi_read_8bit_register                   0x0800a9c1   Thumb Code   152  zf_driver_spi.o(i.spi_read_8bit_register)
    spi_read_8bit_registers                  0x0800aa5d   Thumb Code   192  zf_driver_spi.o(i.spi_read_8bit_registers)
    spi_write_16bit                          0x0800ab4d   Thumb Code   116  zf_driver_spi.o(i.spi_write_16bit)
    spi_write_8bit                           0x0800abc5   Thumb Code    86  zf_driver_spi.o(i.spi_write_8bit)
    spi_write_8bit_register                  0x0800ac21   Thumb Code   114  zf_driver_spi.o(i.spi_write_8bit_register)
    sqrtf                                    0x0800ac99   Thumb Code    44  sqrtf.o(i.sqrtf)
    steering_control_update                  0x0800acc5   Thumb Code   248  motor.o(i.steering_control_update)
    steering_set_image_error                 0x0800ae01   Thumb Code   380  motor.o(i.steering_set_image_error)
    system_delay                             0x0800afc1   Thumb Code    70  zf_driver_delay.o(i.system_delay)
    timer_clear                              0x0800b011   Thumb Code   136  zf_driver_timer.o(i.timer_clear)
    timer_clock_enable                       0x0800b0b5   Thumb Code   134  zf_driver_timer.o(i.timer_clock_enable)
    timer_etr_init                           0x0800b141   Thumb Code   172  zf_driver_timer.o(i.timer_etr_init)
    timer_funciton_check                     0x0800b235   Thumb Code    32  zf_driver_timer.o(i.timer_funciton_check)
    timer_get                                0x0800b259   Thumb Code    84  zf_driver_timer.o(i.timer_get)
    tsl1401_collect_pit_handler              0x0800b435   Thumb Code   190  zf_device_tsl1401.o(i.tsl1401_collect_pit_handler)
    uart_init                                0x0800b50d   Thumb Code   494  zf_driver_uart.o(i.uart_init)
    uart_query_byte                          0x0800b739   Thumb Code    56  zf_driver_uart.o(i.uart_query_byte)
    uart_rx_interrupt                        0x0800b7a1   Thumb Code    98  zf_driver_uart.o(i.uart_rx_interrupt)
    uart_write_buffer                        0x0800b811   Thumb Code    66  zf_driver_uart.o(i.uart_write_buffer)
    uart_write_byte                          0x0800b885   Thumb Code    28  zf_driver_uart.o(i.uart_write_byte)
    uart_write_string                        0x0800b8a5   Thumb Code    44  zf_driver_uart.o(i.uart_write_string)
    uint8_limit                              0x0800b8fd   Thumb Code    22  calculation.o(i.uint8_limit)
    ascii_font_8x16                          0x0800bb5c   Data        1520  zf_common_font.o(.constdata)
    ascii_font_6x8                           0x0800c14c   Data         552  zf_common_font.o(.constdata)
    chinese_test                             0x0800c374   Data         128  zf_common_font.o(.constdata)
    oled_16x16_chinese                       0x0800c3f4   Data         128  zf_common_font.o(.constdata)
    gImage_seekfree_logo                     0x0800c474   Data       38400  zf_common_font.o(.constdata)
    Region$$Table$$Base                      0x08015a98   Number         0  anon$$obj.o(Region$$Table)
    Region$$Table$$Limit                     0x08015ab8   Number         0  anon$$obj.o(Region$$Table)
    image_period_ms                          0x20000000   Data           4  main.o(.data)
    image_frame_ms                           0x20000004   Data           4  main.o(.data)
    image_proc_ms                            0x20000008   Data           4  main.o(.data)
    image_fps                                0x2000000c   Data           4  main.o(.data)
    image_wait_count                         0x20000010   Data           4  main.o(.data)
    zebra_cross_count                        0x20000014   Data           4  main.o(.data)
    zebra_transition_count                   0x20000018   Data           4  main.o(.data)
    zebra_match_row_count                    0x20000020   Data           4  main.o(.data)
    zebra_state                              0x20000024   Data           4  main.o(.data)
    g_sys_tick                               0x2000004c   Data           4  isr.o(.data)
    current_index                            0x20000054   Data           4  mymenu.o(.data)
    state                                    0x20000060   Data           1  mymenu.o(.data)
    threshold                                0x20000061   Data           1  mymenu.o(.data)
    pwm                                      0x20000064   Data           4  mymenu.o(.data)
    Kp                                       0x2000007c   Data           4  motor.o(.data)
    Ki                                       0x20000080   Data           4  motor.o(.data)
    Kd                                       0x20000084   Data           4  motor.o(.data)
    motor_speedl                             0x20000088   Data           4  motor.o(.data)
    motor_speedr                             0x2000008c   Data           4  motor.o(.data)
    encoder_diffl                            0x20000090   Data           4  motor.o(.data)
    encoder_diffr                            0x20000094   Data           4  motor.o(.data)
    encoder_test_total_l                     0x20000098   Data           4  motor.o(.data)
    encoder_test_total_r                     0x2000009c   Data           4  motor.o(.data)
    real_speedl                              0x200000a0   Data           4  motor.o(.data)
    real_speedr                              0x200000a4   Data           4  motor.o(.data)
    target_speedl                            0x200000a8   Data           4  motor.o(.data)
    target_speedr                            0x200000ac   Data           4  motor.o(.data)
    base_speed                               0x200000b0   Data           4  motor.o(.data)
    run_base_speed                           0x200000b4   Data           4  motor.o(.data)
    vision_yaw_kp                            0x200000b8   Data           4  motor.o(.data)
    vision_yaw_kd                            0x200000bc   Data           4  motor.o(.data)
    vision_yaw_kff                           0x200000c0   Data           4  motor.o(.data)
    yaw_rate_kp                              0x200000c4   Data           4  motor.o(.data)
    yaw_rate_limit_dps                       0x200000c8   Data           4  motor.o(.data)
    yaw_rate_feedback_sign                   0x200000cc   Data           4  motor.o(.data)
    yaw_rate_ref_dps                         0x200000d0   Data           4  motor.o(.data)
    yaw_rate_error_dps                       0x200000d4   Data           4  motor.o(.data)
    SPEED_ENTER_LINE_PX                      0x200000f4   Data           4  motor.o(.data)
    SPEED_EXIT_LINE_PX                       0x200000f8   Data           4  motor.o(.data)
    speed_straight_speed                     0x200000fc   Data           4  motor.o(.data)
    speed_corner_speed                       0x20000100   Data           4  motor.o(.data)
    speed_straight_yaw_feedback_sign         0x20000104   Data           4  motor.o(.data)
    speed_corner_yaw_feedback_sign           0x20000108   Data           4  motor.o(.data)
    speed_straight_yaw_rate_kp               0x2000010c   Data           4  motor.o(.data)
    speed_corner_yaw_rate_kp                 0x20000110   Data           4  motor.o(.data)
    speed_straight_vision_kp                 0x20000114   Data           4  motor.o(.data)
    speed_corner_vision_kp                   0x20000118   Data           4  motor.o(.data)
    speed_oscillation_gyro_threshold         0x2000011c   Data           4  motor.o(.data)
    speed_oscillation_reversal_required      0x20000120   Data           4  motor.o(.data)
    speed_state                              0x20000124   Data           4  motor.o(.data)
    speed_decision_speed                     0x20000128   Data           4  motor.o(.data)
    speed_accel_step                         0x2000012c   Data           4  motor.o(.data)
    speed_decel_step                         0x20000130   Data           4  motor.o(.data)
    speed_straight_confirm_frames            0x20000134   Data           4  motor.o(.data)
    speed_corner_confirm_frames              0x20000138   Data           4  motor.o(.data)
    base_point_left                          0x20000180   Data           1  image.o(.data)
    base_point_right                         0x20000181   Data           1  image.o(.data)
    search_end_line                          0x20000182   Data           1  image.o(.data)
    left_search_right_range                  0x20000183   Data           1  image.o(.data)
    left_search_left_range                   0x20000184   Data           1  image.o(.data)
    right_search_left_range                  0x20000185   Data           1  image.o(.data)
    right_search_right_range                 0x20000186   Data           1  image.o(.data)
    lost_counter                             0x20000187   Data           1  image.o(.data)
    mid_weight_list                          0x20000189   Data         120  image.o(.data)
    mid_line_last                            0x20000201   Data           1  image.o(.data)
    cross_state                              0x20000206   Data           1  cross.o(.data)
    imu_ready                                0x20000214   Data           1  imu.o(.data)
    imu_mag_valid                            0x20000215   Data           1  imu.o(.data)
    imu_gyro_z_dps                           0x20000218   Data           4  imu.o(.data)
    imu_gyro_z_dps_filter                    0x2000021c   Data           4  imu.o(.data)
    imu_pitch                                0x20000220   Data           4  imu.o(.data)
    imu_roll                                 0x20000224   Data           4  imu.o(.data)
    imu_yaw                                  0x20000228   Data           4  imu.o(.data)
    Kgyro_steer                              0x2000022c   Data           4  imu.o(.data)
    system_clock                             0x20000278   Data           4  zf_common_clock.o(.data)
    gpio_group                               0x200002a0   Data          32  zf_driver_gpio.o(.data)
    camera_receiver_buffer                   0x20000308   Data           8  zf_device_camera.o(.data)
    camera_send_image_frame_header           0x20000310   Data           4  zf_device_camera.o(.data)
    gps_tau1201_flag                         0x2000031e   Data           1  zf_device_gps_tau1201.o(.data)
    gps_gga_state                            0x20000320   Data           1  zf_device_gps_tau1201.o(.data)
    gps_rmc_state                            0x20000321   Data           1  zf_device_gps_tau1201.o(.data)
    imu963ra_gyro_x                          0x20000322   Data           2  zf_device_imu963ra.o(.data)
    imu963ra_gyro_y                          0x20000324   Data           2  zf_device_imu963ra.o(.data)
    imu963ra_gyro_z                          0x20000326   Data           2  zf_device_imu963ra.o(.data)
    imu963ra_acc_x                           0x20000328   Data           2  zf_device_imu963ra.o(.data)
    imu963ra_acc_y                           0x2000032a   Data           2  zf_device_imu963ra.o(.data)
    imu963ra_acc_z                           0x2000032c   Data           2  zf_device_imu963ra.o(.data)
    imu963ra_mag_x                           0x2000032e   Data           2  zf_device_imu963ra.o(.data)
    imu963ra_mag_y                           0x20000330   Data           2  zf_device_imu963ra.o(.data)
    imu963ra_mag_z                           0x20000332   Data           2  zf_device_imu963ra.o(.data)
    mt9v03x_finish_flag                      0x2000034c   Data           1  zf_device_mt9v03x.o(.data)
    tsl1401_finish_flag                      0x2000039d   Data           1  zf_device_tsl1401.o(.data)
    camera_type                              0x200003a0   Data           1  zf_device_type.o(.data)
    camera_uart_handler                      0x200003a4   Data           4  zf_device_type.o(.data)
    camera_vsync_handler                     0x200003a8   Data           4  zf_device_type.o(.data)
    camera_dma_handler                       0x200003ac   Data           4  zf_device_type.o(.data)
    wireless_type                            0x200003b0   Data           1  zf_device_type.o(.data)
    wireless_module_uart_handler             0x200003b4   Data           4  zf_device_type.o(.data)
    head                                     0x20000eac   Data          28  mymenu.o(.bss)
    base_image                               0x20000ec8   Data       22560  image.o(.bss)
    twovalues_image                          0x200066e8   Data       22560  image.o(.bss)
    left_line                                0x2000bf08   Data         120  image.o(.bss)
    right_line                               0x2000bf80   Data         120  image.o(.bss)
    mid_line                                 0x2000bff8   Data         120  image.o(.bss)
    camera_receiver_fifo                     0x2000c174   Data          24  zf_device_camera.o(.bss)
    gps_tau1201                              0x2000c190   Data          64  zf_device_gps_tau1201.o(.bss)
    mt9v03x_image                            0x2000c378   Data       22560  zf_device_mt9v03x.o(.bss)
    tsl1401_data                             0x20011b98   Data         512  zf_device_tsl1401.o(.bss)
    h_blank                                  0x20011d98   Data           4  zf_device_config.o(.bss.h_blank)
    image                                    0x20011d9c   Data          20  zf_device_config.o(.bss.image)
    v_blank                                  0x20011dc0   Data           4  zf_device_config.o(.bss.v_blank)
    Image$$ARM_LIB_STACK$$ZI$$Limit          0x20020000   Number         0  anon$$obj.o ABSOLUTE



==============================================================================

Memory Map of the image

  Image Entry point : 0x08000401

  Load Region LR_m_text (Base: 0x08000000, Size: 0x00015e74, Max: 0x08080000, ABSOLUTE, COMPRESSED[0x00015bfc])

    Execution Region VECTOR_ROM (Exec base: 0x08000000, Load base: 0x08000000, Size: 0x00000190, Max: 0x00000400, ABSOLUTE)

    Exec Addr    Load Addr    Size         Type   Attr      Idx    E Section Name        Object

    0x08000000   0x08000000   0x00000190   Data   RO         4901    RESET               startup_mm32f3277g.o


    Execution Region ER_m_text (Exec base: 0x08000400, Load base: 0x08000400, Size: 0x000156b8, Max: 0x0807fc00, ABSOLUTE, FIXED)

    Exec Addr    Load Addr    Size         Type   Attr      Idx    E Section Name        Object

    0x08000400   0x08000400   0x00000000   Code   RO         7701  * .ARM.Collect$$$$00000000  mc_w.l(entry.o)
    0x08000400   0x08000400   0x00000004   Code   RO         8087    .ARM.Collect$$$$00000003  mc_w.l(entry4.o)
    0x08000404   0x08000404   0x00000004   Code   RO         8090    .ARM.Collect$$$$00000004  mc_w.l(entry5.o)
    0x08000408   0x08000408   0x00000000   Code   RO         8092    .ARM.Collect$$$$00000008  mc_w.l(entry7b.o)
    0x08000408   0x08000408   0x00000000   Code   RO         8094    .ARM.Collect$$$$0000000A  mc_w.l(entry8b.o)
    0x08000408   0x08000408   0x00000008   Code   RO         8095    .ARM.Collect$$$$0000000B  mc_w.l(entry9a.o)
    0x08000410   0x08000410   0x00000004   Code   RO         8102    .ARM.Collect$$$$0000000E  mc_w.l(entry12b.o)
    0x08000414   0x08000414   0x00000000   Code   RO         8097    .ARM.Collect$$$$0000000F  mc_w.l(entry10a.o)
    0x08000414   0x08000414   0x00000000   Code   RO         8099    .ARM.Collect$$$$00000011  mc_w.l(entry11a.o)
    0x08000414   0x08000414   0x00000004   Code   RO         8088    .ARM.Collect$$$$00002714  mc_w.l(entry4.o)
    0x08000418   0x08000418   0x00000024   Code   RO         4902    .text               startup_mm32f3277g.o
    0x0800043c   0x0800043c   0x00000024   Code   RO         7704    .text               mc_w.l(memcpya.o)
    0x08000460   0x08000460   0x00000024   Code   RO         7706    .text               mc_w.l(memseta.o)
    0x08000484   0x08000484   0x0000000e   Code   RO         7714    .text               mc_w.l(strlen.o)
    0x08000492   0x08000492   0x0000001e   Code   RO         7718    .text               mc_w.l(strncmp.o)
    0x080004b0   0x080004b0   0x000000b0   Code   RO         7985    .text               mf_w.l(fadd.o)
    0x08000560   0x08000560   0x00000064   Code   RO         7987    .text               mf_w.l(fmul.o)
    0x080005c4   0x080005c4   0x0000007c   Code   RO         7989    .text               mf_w.l(fdiv.o)
    0x08000640   0x08000640   0x0000014e   Code   RO         7991    .text               mf_w.l(dadd.o)
    0x0800078e   0x0800078e   0x000000e4   Code   RO         7993    .text               mf_w.l(dmul.o)
    0x08000872   0x08000872   0x00000012   Code   RO         7997    .text               mf_w.l(fflti.o)
    0x08000884   0x08000884   0x0000000a   Code   RO         7999    .text               mf_w.l(ffltui.o)
    0x0800088e   0x0800088e   0x00000032   Code   RO         8005    .text               mf_w.l(ffixi.o)
    0x080008c0   0x080008c0   0x00000028   Code   RO         8007    .text               mf_w.l(ffixui.o)
    0x080008e8   0x080008e8   0x00000032   Code   RO         8011    .text               mf_w.l(dfixui.o)
    0x0800091a   0x0800091a   0x00000026   Code   RO         8013    .text               mf_w.l(f2d.o)
    0x08000940   0x08000940   0x00000030   Code   RO         8015    .text               mf_w.l(cdcmple.o)
    0x08000970   0x08000970   0x00000038   Code   RO         8019    .text               mf_w.l(d2f.o)
    0x080009a8   0x080009a8   0x00000014   Code   RO         8021    .text               mf_w.l(cfcmple.o)
    0x080009bc   0x080009bc   0x00000014   Code   RO         8023    .text               mf_w.l(cfrcmple.o)
    0x080009d0   0x080009d0   0x0000002c   Code   RO         8104    .text               mc_w.l(uidiv.o)
    0x080009fc   0x080009fc   0x0000001e   Code   RO         8108    .text               mc_w.l(llshl.o)
    0x08000a1a   0x08000a1a   0x00000020   Code   RO         8110    .text               mc_w.l(llushr.o)
    0x08000a3a   0x08000a3a   0x00000024   Code   RO         8112    .text               mc_w.l(llsshr.o)
    0x08000a5e   0x08000a5e   0x00000000   Code   RO         8121    .text               mc_w.l(iusefp.o)
    0x08000a5e   0x08000a5e   0x0000006e   Code   RO         8122    .text               mf_w.l(fepilogue.o)
    0x08000acc   0x08000acc   0x00000018   Code   RO         8124    .text               mf_w.l(fscalb.o)
    0x08000ae4   0x08000ae4   0x0000005e   Code   RO         8126    .text               mf_w.l(fsqrt.o)
    0x08000b42   0x08000b42   0x0000003c   Code   RO         8128    .text               mf_w.l(frnd.o)
    0x08000b7e   0x08000b7e   0x000000ba   Code   RO         8130    .text               mf_w.l(depilogue.o)
    0x08000c38   0x08000c38   0x00000024   Code   RO         8138    .text               mc_w.l(init.o)
    0x08000c5c   0x08000c5c   0x00000056   Code   RO         8148    .text               mc_w.l(__dczerorl2.o)
    0x08000cb2   0x08000cb2   0x00000002   PAD
    0x08000cb4   0x08000cb4   0x0000003c   Code   RO         7590    .text.mt9v03x_read_word_sccb  zf_device_config.lib(zf_device_config.o)
    0x08000cf0   0x08000cf0   0x000009c2   Code   RO         7586    .text.mt9v03x_set_config_sccb  zf_device_config.lib(zf_device_config.o)
    0x080016b2   0x080016b2   0x00000002   PAD
    0x080016b4   0x080016b4   0x00000096   Code   RO         7594    .text.mt9v03x_set_exposure_time_sccb  zf_device_config.lib(zf_device_config.o)
    0x0800174a   0x0800174a   0x00000002   PAD
    0x0800174c   0x0800174c   0x0000001e   Code   RO         7596    .text.mt9v03x_set_reg_sccb  zf_device_config.lib(zf_device_config.o)
    0x0800176a   0x0800176a   0x00000002   PAD
    0x0800176c   0x0800176c   0x00000032   Code   RO         7588    .text.mt9v03x_write_word_sccb  zf_device_config.lib(zf_device_config.o)
    0x0800179e   0x0800179e   0x00000002   PAD
    0x080017a0   0x080017a0   0x0000001c   Code   RO          404    i.DMA1_Channel1_IRQHandler  isr.o
    0x080017bc   0x080017bc   0x0000001c   Code   RO          405    i.DMA1_Channel2_IRQHandler  isr.o
    0x080017d8   0x080017d8   0x0000001c   Code   RO          406    i.DMA1_Channel3_IRQHandler  isr.o
    0x080017f4   0x080017f4   0x00000028   Code   RO          407    i.DMA1_Channel4_IRQHandler  isr.o
    0x0800181c   0x0800181c   0x0000001c   Code   RO          408    i.DMA1_Channel5_IRQHandler  isr.o
    0x08001838   0x08001838   0x0000001c   Code   RO          409    i.DMA1_Channel6_IRQHandler  isr.o
    0x08001854   0x08001854   0x0000001c   Code   RO          410    i.DMA1_Channel7_IRQHandler  isr.o
    0x08001870   0x08001870   0x00000020   Code   RO          411    i.DMA2_Channel1_IRQHandler  isr.o
    0x08001890   0x08001890   0x00000020   Code   RO          412    i.DMA2_Channel2_IRQHandler  isr.o
    0x080018b0   0x080018b0   0x00000020   Code   RO          413    i.DMA2_Channel3_IRQHandler  isr.o
    0x080018d0   0x080018d0   0x00000020   Code   RO          414    i.DMA2_Channel4_IRQHandler  isr.o
    0x080018f0   0x080018f0   0x00000020   Code   RO          415    i.DMA2_Channel5_IRQHandler  isr.o
    0x08001910   0x08001910   0x00000014   Code   RO          416    i.EXTI0_IRQHandler  isr.o
    0x08001924   0x08001924   0x00000094   Code   RO          417    i.EXTI15_10_IRQHandler  isr.o
    0x080019b8   0x080019b8   0x00000014   Code   RO          418    i.EXTI1_IRQHandler  isr.o
    0x080019cc   0x080019cc   0x00000014   Code   RO          419    i.EXTI2_IRQHandler  isr.o
    0x080019e0   0x080019e0   0x00000014   Code   RO          420    i.EXTI3_IRQHandler  isr.o
    0x080019f4   0x080019f4   0x00000014   Code   RO          421    i.EXTI4_IRQHandler  isr.o
    0x08001a08   0x08001a08   0x00000080   Code   RO          422    i.EXTI9_5_IRQHandler  isr.o
    0x08001a88   0x08001a88   0x000004c4   Code   RO          683    i.Init_menu         mymenu.o
    0x08001f4c   0x08001f4c   0x00000048   Code   RO          684    i.Show_array        mymenu.o
    0x08001f94   0x08001f94   0x00000034   Code   RO          685    i.Show_menu         mymenu.o
    0x08001fc8   0x08001fc8   0x000000ec   Code   RO          686    i.Show_txt          mymenu.o
    0x080020b4   0x080020b4   0x00000010   Code   RO         4880    i.SystemInit        system_mm32f3277g.o
    0x080020c4   0x080020c4   0x00000014   Code   RO          423    i.TIM1_UP_IRQHandler  isr.o
    0x080020d8   0x080020d8   0x00000016   Code   RO          424    i.TIM2_IRQHandler   isr.o
    0x080020ee   0x080020ee   0x00000002   PAD
    0x080020f0   0x080020f0   0x00000014   Code   RO          425    i.TIM3_IRQHandler   isr.o
    0x08002104   0x08002104   0x00000014   Code   RO          426    i.TIM4_IRQHandler   isr.o
    0x08002118   0x08002118   0x00000014   Code   RO          427    i.TIM5_IRQHandler   isr.o
    0x0800212c   0x0800212c   0x000000b0   Code   RO          428    i.TIM6_IRQHandler   isr.o
    0x080021dc   0x080021dc   0x00000014   Code   RO          429    i.TIM7_IRQHandler   isr.o
    0x080021f0   0x080021f0   0x0000001c   Code   RO          430    i.TIM8_UP_IRQHandler  isr.o
    0x0800220c   0x0800220c   0x0000003c   Code   RO          431    i.UART1_IRQHandler  isr.o
    0x08002248   0x08002248   0x00000040   Code   RO          432    i.UART2_IRQHandler  isr.o
    0x08002288   0x08002288   0x0000003c   Code   RO          433    i.UART3_IRQHandler  isr.o
    0x080022c4   0x080022c4   0x0000003c   Code   RO          434    i.UART4_IRQHandler  isr.o
    0x08002300   0x08002300   0x00000034   Code   RO          435    i.UART5_IRQHandler  isr.o
    0x08002334   0x08002334   0x00000048   Code   RO          436    i.UART6_IRQHandler  isr.o
    0x0800237c   0x0800237c   0x0000003c   Code   RO          437    i.UART7_IRQHandler  isr.o
    0x080023b8   0x080023b8   0x00000048   Code   RO          438    i.UART8_IRQHandler  isr.o
    0x08002400   0x08002400   0x00000028   Code   RO         7815    i.__0sprintf$3      mc_w.l(printf3.o)
    0x08002428   0x08002428   0x00000026   Code   RO         8054    i.__ARM_fpclassifyf  m_ws.l(fpclassifyf.o)
    0x0800244e   0x0800244e   0x00000006   Code   RO         8057    i.__mathlib_flt_infnan  m_ws.l(funder.o)
    0x08002454   0x08002454   0x00000004   Code   RO         8058    i.__mathlib_flt_infnan2  m_ws.l(funder.o)
    0x08002458   0x08002458   0x00000008   Code   RO         8059    i.__mathlib_flt_invalid  m_ws.l(funder.o)
    0x08002460   0x08002460   0x0000000a   Code   RO         8062    i.__mathlib_flt_underflow  m_ws.l(funder.o)
    0x0800246a   0x0800246a   0x00000002   PAD
    0x0800246c   0x0800246c   0x00000168   Code   RO         8078    i.__mathlib_rredf2  m_ws.l(rredf.o)
    0x080025d4   0x080025d4   0x0000000e   Code   RO         8142    i.__scatterload_copy  mc_w.l(handlers.o)
    0x080025e2   0x080025e2   0x00000002   Code   RO         8143    i.__scatterload_null  mc_w.l(handlers.o)
    0x080025e4   0x080025e4   0x0000000e   Code   RO         8144    i.__scatterload_zeroinit  mc_w.l(handlers.o)
    0x080025f2   0x080025f2   0x00000002   PAD
    0x080025f4   0x080025f4   0x0000000c   Code   RO         8116    i.__set_errno       mc_w.l(errno.o)
    0x08002600   0x08002600   0x000001b8   Code   RO         7820    i._printf_core      mc_w.l(printf3.o)
    0x080027b8   0x080027b8   0x0000000a   Code   RO         7822    i._sputc            mc_w.l(printf3.o)
    0x080027c2   0x080027c2   0x00000002   PAD
    0x080027c4   0x080027c4   0x0000006c   Code   RO         1700    i.adc_convert       zf_driver_adc.o
    0x08002830   0x08002830   0x000000e8   Code   RO         1960    i.afio_init         zf_driver_gpio.o
    0x08002918   0x08002918   0x00000018   Code   RO          687    i.array_down        mymenu.o
    0x08002930   0x08002930   0x00000018   Code   RO          688    i.array_up          mymenu.o
    0x08002948   0x08002948   0x00000124   Code   RO         7620    i.asinf             m_ws.l(asinf.o)
    0x08002a6c   0x08002a6c   0x000002a4   Code   RO         7636    i.atan2f            m_ws.l(atan2f.o)
    0x08002d10   0x08002d10   0x00000020   Code   RO          689    i.back_folder       mymenu.o
    0x08002d30   0x08002d30   0x00000018   Code   RO         3031    i.camera_fifo_init  zf_device_camera.o
    0x08002d48   0x08002d48   0x000000bc   Code   RO         3032    i.camera_init       zf_device_camera.o
    0x08002e04   0x08002e04   0x00000024   Code   RO            6    i.car_stop_protect  main.o
    0x08002e28   0x08002e28   0x0000001c   Code   RO         1334    i.clock_init        zf_common_clock.o
    0x08002e44   0x08002e44   0x00000084   Code   RO         1335    i.clock_reset       zf_common_clock.o
    0x08002ec8   0x08002ec8   0x000001d0   Code   RO         1336    i.clock_set_freq    zf_common_clock.o
    0x08003098   0x08003098   0x0000017c   Code   RO         7652    i.cosf              m_ws.l(cosf.o)
    0x08003214   0x08003214   0x0000001a   Code   RO          635    i.create_menu_folder  menu.o
    0x0800322e   0x0800322e   0x00000048   Code   RO          636    i.create_menu_item  menu.o
    0x08003276   0x08003276   0x00000024   Code   RO          637    i.create_menu_txt   menu.o
    0x0800329a   0x0800329a   0x00000002   PAD
    0x0800329c   0x0800329c   0x00000014   Code   RO         1091    i.cross_change_state  cross.o
    0x080032b0   0x080032b0   0x00000014   Code   RO         1092    i.cross_clear_far_points  cross.o
    0x080032c4   0x080032c4   0x00000030   Code   RO         1093    i.cross_count_both_lost  cross.o
    0x080032f4   0x080032f4   0x00000030   Code   RO         1094    i.cross_count_both_valid  cross.o
    0x08003324   0x08003324   0x00000060   Code   RO         1095    i.cross_draw_fixed_line  cross.o
    0x08003384   0x08003384   0x0000004a   Code   RO         1096    i.cross_entry_detect  cross.o
    0x080033ce   0x080033ce   0x0000003a   Code   RO         1097    i.cross_far_candidate_valid  cross.o
    0x08003408   0x08003408   0x000000a4   Code   RO         1098    i.cross_find_far_point  cross.o
    0x080034ac   0x080034ac   0x00000018   Code   RO         1099    i.cross_get_side_col  cross.o
    0x080034c4   0x080034c4   0x00000020   Code   RO         1100    i.cross_left_valid  cross.o
    0x080034e4   0x080034e4   0x00000064   Code   RO         1101    i.cross_refresh_far_points  cross.o
    0x08003548   0x08003548   0x0000007c   Code   RO         1102    i.cross_repair_simple  cross.o
    0x080035c4   0x080035c4   0x00000020   Code   RO         1103    i.cross_right_valid  cross.o
    0x080035e4   0x080035e4   0x00000084   Code   RO         1104    i.cross_state_process  cross.o
    0x08003668   0x08003668   0x00000018   Code   RO         1105    i.cross_state_reset  cross.o
    0x08003680   0x08003680   0x00000060   Code   RO         1376    i.debug_assert_handler  zf_common_debug.o
    0x080036e0   0x080036e0   0x00000032   Code   RO         1377    i.debug_delay       zf_common_debug.o
    0x08003712   0x08003712   0x00000002   PAD
    0x08003714   0x08003714   0x0000002c   Code   RO         1378    i.debug_init        zf_common_debug.o
    0x08003740   0x08003740   0x0000003c   Code   RO         1379    i.debug_log_handler  zf_common_debug.o
    0x0800377c   0x0800377c   0x00000318   Code   RO         1380    i.debug_output      zf_common_debug.o
    0x08003a94   0x08003a94   0x00000034   Code   RO         1381    i.debug_output_init  zf_common_debug.o
    0x08003ac8   0x08003ac8   0x0000001c   Code   RO         1382    i.debug_output_struct_init  zf_common_debug.o
    0x08003ae4   0x08003ae4   0x00000088   Code   RO         1383    i.debug_protective_handler  zf_common_debug.o
    0x08003b6c   0x08003b6c   0x0000000e   Code   RO         1384    i.debug_uart_str_output  zf_common_debug.o
    0x08003b7a   0x08003b7a   0x00000002   PAD
    0x08003b7c   0x08003b7c   0x00000038   Code   RO         3177    i.dm1xa_light_callback  zf_device_dm1xa.o
    0x08003bb4   0x08003bb4   0x000000d0   Code   RO         3179    i.dm1xa_sound_callback  zf_device_dm1xa.o
    0x08003c84   0x08003c84   0x00000130   Code   RO         1767    i.dma_camera_init   zf_driver_dma.o
    0x08003db4   0x08003db4   0x00000038   Code   RO         1768    i.dma_disable       zf_driver_dma.o
    0x08003dec   0x08003dec   0x00000038   Code   RO         1769    i.dma_enable        zf_driver_dma.o
    0x08003e24   0x08003e24   0x00000020   Code   RO         1770    i.dma_set_count     zf_driver_dma.o
    0x08003e44   0x08003e44   0x00000058   Code   RO          949    i.draw_boundary     image.o
    0x08003e9c   0x08003e9c   0x00000040   Code   RO          638    i.dynamic_create_menu_folder  menu.o
    0x08003edc   0x08003edc   0x0000003c   Code   RO          639    i.dynamic_create_menu_txt  menu.o
    0x08003f18   0x08003f18   0x00000084   Code   RO         1814    i.encoder_clear_count  zf_driver_encoder.o
    0x08003f9c   0x08003f9c   0x00000090   Code   RO         1816    i.encoder_get_count  zf_driver_encoder.o
    0x0800402c   0x0800402c   0x0000011c   Code   RO         1817    i.encoder_quad_init  zf_driver_encoder.o
    0x08004148   0x08004148   0x00000024   Code   RO          690    i.enter_editting    mymenu.o
    0x0800416c   0x0800416c   0x00000028   Code   RO          691    i.enter_folder      mymenu.o
    0x08004194   0x08004194   0x00000218   Code   RO         1860    i.exti_init         zf_driver_exti.o
    0x080043ac   0x080043ac   0x000000a8   Code   RO         1467    i.fifo_clear        zf_common_fifo.o
    0x08004454   0x08004454   0x0000001a   Code   RO         1468    i.fifo_end_offset   zf_common_fifo.o
    0x0800446e   0x0800446e   0x0000001a   Code   RO         1469    i.fifo_head_offset  zf_common_fifo.o
    0x08004488   0x08004488   0x00000074   Code   RO         1470    i.fifo_init         zf_common_fifo.o
    0x080044fc   0x080044fc   0x00000198   Code   RO         1471    i.fifo_read_buffer  zf_common_fifo.o
    0x08004694   0x08004694   0x0000004c   Code   RO         1474    i.fifo_used         zf_common_fifo.o
    0x080046e0   0x080046e0   0x000001a8   Code   RO         1475    i.fifo_write_buffer  zf_common_fifo.o
    0x08004888   0x08004888   0x000000b0   Code   RO         1476    i.fifo_write_element  zf_common_fifo.o
    0x08004938   0x08004938   0x000002b8   Code   RO          954    i.find_base_point   image.o
    0x08004bf0   0x08004bf0   0x000002f8   Code   RO          955    i.find_boundary     image.o
    0x08004ee8   0x08004ee8   0x0000019c   Code   RO         1544    i.func_float_to_str  zf_common_function.o
    0x08005084   0x08005084   0x00000014   Code   RO         1545    i.func_get_greatest_common_divisor  zf_common_function.o
    0x08005098   0x08005098   0x000000b8   Code   RO         1547    i.func_int_to_str   zf_common_function.o
    0x08005150   0x08005150   0x0000004c   Code   RO            7    i.get_mid_error_average  main.o
    0x0800519c   0x0800519c   0x000000a4   Code   RO          844    i.get_motor_speed   motor.o
    0x08005240   0x08005240   0x00000024   Code   RO         1961    i.gpio_get_level    zf_driver_gpio.o
    0x08005264   0x08005264   0x00000124   Code   RO         1962    i.gpio_init         zf_driver_gpio.o
    0x08005388   0x08005388   0x00000048   Code   RO         1964    i.gpio_set_level    zf_driver_gpio.o
    0x080053d0   0x080053d0   0x000000d4   Code   RO         3233    i.gps_uart_callback  zf_device_gps_tau1201.o
    0x080054a4   0x080054a4   0x00000020   Code   RO            8    i.image_ms_to_ticks  main.o
    0x080054c4   0x080054c4   0x00000006   Code   RO            9    i.image_ticks_to_ms  main.o
    0x080054ca   0x080054ca   0x00000002   PAD
    0x080054cc   0x080054cc   0x00000038   Code   RO         3461    i.imu963ra_acc_gyro_self_check  zf_device_imu963ra.o
    0x08005504   0x08005504   0x0000007c   Code   RO         3462    i.imu963ra_acc_transition  zf_device_imu963ra.o
    0x08005580   0x08005580   0x0000002e   Code   RO         3463    i.imu963ra_connect_mag  zf_device_imu963ra.o
    0x080055ae   0x080055ae   0x00000002   PAD
    0x080055b0   0x080055b0   0x00000050   Code   RO         3464    i.imu963ra_get_acc  zf_device_imu963ra.o
    0x08005600   0x08005600   0x00000050   Code   RO         3465    i.imu963ra_get_gyro  zf_device_imu963ra.o
    0x08005650   0x08005650   0x000000b4   Code   RO         3467    i.imu963ra_gyro_transition  zf_device_imu963ra.o
    0x08005704   0x08005704   0x000001d0   Code   RO         3468    i.imu963ra_init     zf_device_imu963ra.o
    0x080058d4   0x080058d4   0x00000038   Code   RO         3469    i.imu963ra_mag_self_check  zf_device_imu963ra.o
    0x0800590c   0x0800590c   0x0000003c   Code   RO         3471    i.imu963ra_read_acc_gyro_register  zf_device_imu963ra.o
    0x08005948   0x08005948   0x0000003c   Code   RO         3472    i.imu963ra_read_acc_gyro_registers  zf_device_imu963ra.o
    0x08005984   0x08005984   0x00000060   Code   RO         3473    i.imu963ra_read_mag_register  zf_device_imu963ra.o
    0x080059e4   0x080059e4   0x00000038   Code   RO         3474    i.imu963ra_write_acc_gyro_register  zf_device_imu963ra.o
    0x08005a1c   0x08005a1c   0x00000070   Code   RO         3475    i.imu963ra_write_mag_register  zf_device_imu963ra.o
    0x08005a8c   0x08005a8c   0x00000018   Code   RO         1222    i.imu_abs_float     imu.o
    0x08005aa4   0x08005aa4   0x000001e0   Code   RO         1223    i.imu_calibrate_gyro  imu.o
    0x08005c84   0x08005c84   0x00000028   Code   RO         1224    i.imu_clamp_float   imu.o
    0x08005cac   0x08005cac   0x00000098   Code   RO         1226    i.imu_init          imu.o
    0x08005d44   0x08005d44   0x000001a8   Code   RO         1227    i.imu_initialize_attitude  imu.o
    0x08005eec   0x08005eec   0x00000018   Code   RO         1229    i.imu_limit_integral  imu.o
    0x08005f04   0x08005f04   0x000007e8   Code   RO         1230    i.imu_mahony_update  imu.o
    0x080066ec   0x080066ec   0x000000d4   Code   RO         1231    i.imu_normalize_quaternion  imu.o
    0x080067c0   0x080067c0   0x00000134   Code   RO         1232    i.imu_quaternion_from_euler  imu.o
    0x080068f4   0x080068f4   0x0000008c   Code   RO         1233    i.imu_quaternion_yaw_deg  imu.o
    0x08006980   0x08006980   0x00000004   Code   RO         1234    i.imu_refresh_mag   imu.o
    0x08006984   0x08006984   0x0000020c   Code   RO         1235    i.imu_update        imu.o
    0x08006b90   0x08006b90   0x0000010c   Code   RO         1236    i.imu_update_euler  imu.o
    0x08006c9c   0x08006c9c   0x00000040   Code   RO         1237    i.imu_wrap_180      imu.o
    0x08006cdc   0x08006cdc   0x0000001c   Code   RO          845    i.init_encoder      motor.o
    0x08006cf8   0x08006cf8   0x00000044   Code   RO         1640    i.interrupt_disable  zf_common_interrupt.o
    0x08006d3c   0x08006d3c   0x00000028   Code   RO         1641    i.interrupt_enable  zf_common_interrupt.o
    0x08006d64   0x08006d64   0x0000001c   Code   RO         1642    i.interrupt_global_disable  zf_common_interrupt.o
    0x08006d80   0x08006d80   0x00000028   Code   RO         1644    i.interrupt_init    zf_common_interrupt.o
    0x08006da8   0x08006da8   0x00000034   Code   RO         1645    i.interrupt_set_priority  zf_common_interrupt.o
    0x08006ddc   0x08006ddc   0x00000088   Code   RO         3710    i.ips200_clear      zf_device_ips200.o
    0x08006e64   0x08006e64   0x00000078   Code   RO         3711    i.ips200_debug_init  zf_device_ips200.o
    0x08006edc   0x08006edc   0x000000bc   Code   RO         3713    i.ips200_draw_point  zf_device_ips200.o
    0x08006f98   0x08006f98   0x000003d0   Code   RO         3715    i.ips200_init       zf_device_ips200.o
    0x08007368   0x08007368   0x00000014   Code   RO         3716    i.ips200_set_color  zf_device_ips200.o
    0x0800737c   0x0800737c   0x0000004c   Code   RO         3717    i.ips200_set_dir    zf_device_ips200.o
    0x080073c8   0x080073c8   0x000000d4   Code   RO         3719    i.ips200_set_region  zf_device_ips200.o
    0x0800749c   0x0800749c   0x000001c8   Code   RO         3721    i.ips200_show_char  zf_device_ips200.o
    0x08007664   0x08007664   0x0000014c   Code   RO         3723    i.ips200_show_float  zf_device_ips200.o
    0x080077b0   0x080077b0   0x00000164   Code   RO         3724    i.ips200_show_gray_image  zf_device_ips200.o
    0x08007914   0x08007914   0x000000ec   Code   RO         3725    i.ips200_show_int   zf_device_ips200.o
    0x08007a00   0x08007a00   0x000000c4   Code   RO         3727    i.ips200_show_string  zf_device_ips200.o
    0x08007ac4   0x08007ac4   0x0000009c   Code   RO         3730    i.ips200_write_16bit_data  zf_device_ips200.o
    0x08007b60   0x08007b60   0x00000078   Code   RO         3731    i.ips200_write_8bit_data  zf_device_ips200.o
    0x08007bd8   0x08007bd8   0x000000b8   Code   RO         3732    i.ips200_write_command  zf_device_ips200.o
    0x08007c90   0x08007c90   0x000000a8   Code   RO          692    i.key_1             mymenu.o
    0x08007d38   0x08007d38   0x000000a8   Code   RO          693    i.key_2             mymenu.o
    0x08007de0   0x08007de0   0x00000024   Code   RO          694    i.key_3             mymenu.o
    0x08007e04   0x08007e04   0x00000020   Code   RO          695    i.key_3_double      mymenu.o
    0x08007e24   0x08007e24   0x00000038   Code   RO          696    i.key_4_double      mymenu.o
    0x08007e5c   0x08007e5c   0x0000000c   Code   RO         3864    i.key_clear_state   zf_device_key.o
    0x08007e68   0x08007e68   0x0000000c   Code   RO         3865    i.key_get_state     zf_device_key.o
    0x08007e74   0x08007e74   0x000001c8   Code   RO          812    i.key_handle        key.o
    0x0800803c   0x0800803c   0x00000078   Code   RO         3866    i.key_init          zf_device_key.o
    0x080080b4   0x080080b4   0x0000008c   Code   RO         3867    i.key_scanner       zf_device_key.o
    0x08008140   0x08008140   0x0000004c   Code   RO          813    i.key_state_reset   key.o
    0x0800818c   0x0800818c   0x00000618   Code   RO           10    i.main              main.o
    0x080087a4   0x080087a4   0x0000002c   Code   RO          697    i.menu_is_image_page  mymenu.o
    0x080087d0   0x080087d0   0x00000084   Code   RO          961    i.mid_line_weighted_average  image.o
    0x08008854   0x08008854   0x0000003c   Code   RO          846    i.motor_init        motor.o
    0x08008890   0x08008890   0x00000028   Code   RO          847    i.motor_limit_float  motor.o
    0x080088b8   0x080088b8   0x00000094   Code   RO          848    i.motor_pid_reset   motor.o
    0x0800894c   0x0800894c   0x000001bc   Code   RO          849    i.motor_pid_speedcontrol  motor.o
    0x08008b08   0x08008b08   0x0000005c   Code   RO          850    i.motorl_set_pwm    motor.o
    0x08008b64   0x08008b64   0x0000005c   Code   RO          851    i.motorr_set_pwm    motor.o
    0x08008bc0   0x08008bc0   0x00000014   Code   RO         3975    i.mt9v03x_dma_handler  zf_device_mt9v03x.o
    0x08008bd4   0x08008bd4   0x000000d8   Code   RO         3976    i.mt9v03x_get_config  zf_device_mt9v03x.o
    0x08008cac   0x08008cac   0x00000078   Code   RO         3977    i.mt9v03x_get_version  zf_device_mt9v03x.o
    0x08008d24   0x08008d24   0x0000018c   Code   RO         3978    i.mt9v03x_init      zf_device_mt9v03x.o
    0x08008eb0   0x08008eb0   0x000000bc   Code   RO         3979    i.mt9v03x_set_config  zf_device_mt9v03x.o
    0x08008f6c   0x08008f6c   0x000000c4   Code   RO         3980    i.mt9v03x_set_exposure_time  zf_device_mt9v03x.o
    0x08009030   0x08009030   0x000000f8   Code   RO         3981    i.mt9v03x_set_reg   zf_device_mt9v03x.o
    0x08009128   0x08009128   0x0000002c   Code   RO         3982    i.mt9v03x_uart_handler  zf_device_mt9v03x.o
    0x08009154   0x08009154   0x00000030   Code   RO         3983    i.mt9v03x_vsync_handler  zf_device_mt9v03x.o
    0x08009184   0x08009184   0x0000012e   Code   RO          962    i.otsu_threshold    image.o
    0x080092b2   0x080092b2   0x00000002   PAD
    0x080092b4   0x080092b4   0x00000104   Code   RO         2173    i.pit_init          zf_driver_pit.o
    0x080093b8   0x080093b8   0x000001f0   Code   RO         2207    i.pwm_init          zf_driver_pwm.o
    0x080095a8   0x080095a8   0x000000fc   Code   RO         2208    i.pwm_set_duty      zf_driver_pwm.o
    0x080096a4   0x080096a4   0x00000040   Code   RO         4563    i.set_camera_type   zf_device_type.o
    0x080096e4   0x080096e4   0x00000060   Code   RO          970    i.set_image_twovalues  image.o
    0x08009744   0x08009744   0x00000188   Code   RO         7678    i.sinf              m_ws.l(sinf.o)
    0x080098cc   0x080098cc   0x00000090   Code   RO         2322    i.soft_iic_init     zf_driver_soft_iic.o
    0x0800995c   0x0800995c   0x0000015c   Code   RO         2331    i.soft_iic_read_data  zf_driver_soft_iic.o
    0x08009ab8   0x08009ab8   0x00000098   Code   RO         2332    i.soft_iic_sccb_read_register  zf_driver_soft_iic.o
    0x08009b50   0x08009b50   0x00000078   Code   RO         2333    i.soft_iic_sccb_write_register  zf_driver_soft_iic.o
    0x08009bc8   0x08009bc8   0x00000144   Code   RO         2334    i.soft_iic_send_ack  zf_driver_soft_iic.o
    0x08009d0c   0x08009d0c   0x00000118   Code   RO         2335    i.soft_iic_send_data  zf_driver_soft_iic.o
    0x08009e24   0x08009e24   0x000000f4   Code   RO         2336    i.soft_iic_start    zf_driver_soft_iic.o
    0x08009f18   0x08009f18   0x00000100   Code   RO         2337    i.soft_iic_stop     zf_driver_soft_iic.o
    0x0800a018   0x0800a018   0x00000110   Code   RO         2340    i.soft_iic_wait_ack  zf_driver_soft_iic.o
    0x0800a128   0x0800a128   0x00000018   Code   RO          852    i.speed_abs_float   motor.o
    0x0800a140   0x0800a140   0x00000100   Code   RO          853    i.speed_decision_reset  motor.o
    0x0800a240   0x0800a240   0x000003f8   Code   RO          854    i.speed_decision_update  motor.o
    0x0800a638   0x0800a638   0x000000c4   Code   RO          855    i.speed_oscillation_detect  motor.o
    0x0800a6fc   0x0800a6fc   0x000002c4   Code   RO         2638    i.spi_init          zf_driver_spi.o
    0x0800a9c0   0x0800a9c0   0x0000009c   Code   RO         2645    i.spi_read_8bit_register  zf_driver_spi.o
    0x0800aa5c   0x0800aa5c   0x000000f0   Code   RO         2646    i.spi_read_8bit_registers  zf_driver_spi.o
    0x0800ab4c   0x0800ab4c   0x00000078   Code   RO         2649    i.spi_write_16bit   zf_driver_spi.o
    0x0800abc4   0x0800abc4   0x0000005c   Code   RO         2653    i.spi_write_8bit    zf_driver_spi.o
    0x0800ac20   0x0800ac20   0x00000078   Code   RO         2655    i.spi_write_8bit_register  zf_driver_spi.o
    0x0800ac98   0x0800ac98   0x0000002c   Code   RO         7694    i.sqrtf             m_ws.l(sqrtf.o)
    0x0800acc4   0x0800acc4   0x0000013c   Code   RO          856    i.steering_control_update  motor.o
    0x0800ae00   0x0800ae00   0x000001c0   Code   RO          857    i.steering_set_image_error  motor.o
    0x0800afc0   0x0800afc0   0x00000050   Code   RO         1743    i.system_delay      zf_driver_delay.o
    0x0800b010   0x0800b010   0x000000a4   Code   RO         2772    i.timer_clear       zf_driver_timer.o
    0x0800b0b4   0x0800b0b4   0x0000008c   Code   RO         2773    i.timer_clock_enable  zf_driver_timer.o
    0x0800b140   0x0800b140   0x000000f4   Code   RO         2774    i.timer_etr_init    zf_driver_timer.o
    0x0800b234   0x0800b234   0x00000024   Code   RO         2775    i.timer_funciton_check  zf_driver_timer.o
    0x0800b258   0x0800b258   0x00000074   Code   RO         2776    i.timer_get         zf_driver_timer.o
    0x0800b2cc   0x0800b2cc   0x000000e8   Code   RO           11    i.track_lost_detect  main.o
    0x0800b3b4   0x0800b3b4   0x00000080   Code   RO           12    i.track_row_has_visible_road  main.o
    0x0800b434   0x0800b434   0x000000d4   Code   RO         4523    i.tsl1401_collect_pit_handler  zf_device_tsl1401.o
    0x0800b508   0x0800b508   0x00000002   Code   RO         4565    i.type_default_callback  zf_device_type.o
    0x0800b50a   0x0800b50a   0x00000002   PAD
    0x0800b50c   0x0800b50c   0x0000022c   Code   RO         2840    i.uart_init         zf_driver_uart.o
    0x0800b738   0x0800b738   0x00000068   Code   RO         2841    i.uart_query_byte   zf_driver_uart.o
    0x0800b7a0   0x0800b7a0   0x00000070   Code   RO         2843    i.uart_rx_interrupt  zf_driver_uart.o
    0x0800b810   0x0800b810   0x00000074   Code   RO         2845    i.uart_write_buffer  zf_driver_uart.o
    0x0800b884   0x0800b884   0x00000020   Code   RO         2846    i.uart_write_byte   zf_driver_uart.o
    0x0800b8a4   0x0800b8a4   0x00000058   Code   RO         2847    i.uart_write_string  zf_driver_uart.o
    0x0800b8fc   0x0800b8fc   0x00000016   Code   RO         1193    i.uint8_limit       calculation.o
    0x0800b912   0x0800b912   0x00000002   PAD
    0x0800b914   0x0800b914   0x00000040   Code   RO           13    i.zebra_count_matching_rows  main.o
    0x0800b954   0x0800b954   0x00000058   Code   RO           14    i.zebra_count_row_patterns  main.o
    0x0800b9ac   0x0800b9ac   0x00000030   Code   RO           15    i.zebra_guard_boundaries_valid  main.o
    0x0800b9dc   0x0800b9dc   0x000000d4   Code   RO           16    i.zebra_state_process  main.o
    0x0800bab0   0x0800bab0   0x000000ac   Data   RO         1388    .constdata          zf_common_debug.o
    0x0800bb5c   0x0800bb5c   0x00009f18   Data   RO         1531    .constdata          zf_common_font.o
    0x08015a74   0x08015a74   0x00000004   Data   RO         3869    .constdata          zf_device_key.o
    0x08015a78   0x08015a78   0x00000020   Data   RO         8079    .constdata          m_ws.l(rredf.o)
    0x08015a98   0x08015a98   0x00000020   Data   RO         8140    Region$$Table       anon$$obj.o


    Execution Region RW_m_data (Exec base: 0x20000000, Load base: 0x08015ab8, Size: 0x00011dc4, Max: 0x0001dc00, ABSOLUTE, COMPRESSED[0x00000144])

    Exec Addr    Load Addr    Size         Type   Attr      Idx    E Section Name        Object

    0x20000000   COMPRESSED   0x0000004c   Data   RW           17    .data               main.o
    0x2000004c   COMPRESSED   0x00000005   Data   RW          439    .data               isr.o
    0x20000051   COMPRESSED   0x00000001   Data   RW          641    .data               menu.o
    0x20000052   COMPRESSED   0x00000002   PAD
    0x20000054   COMPRESSED   0x00000014   Data   RW          700    .data               mymenu.o
    0x20000068   COMPRESSED   0x00000012   Data   RW          814    .data               key.o
    0x2000007a   COMPRESSED   0x00000002   PAD
    0x2000007c   COMPRESSED   0x00000104   Data   RW          858    .data               motor.o
    0x20000180   COMPRESSED   0x00000086   Data   RW          972    .data               image.o
    0x20000206   COMPRESSED   0x0000000b   Data   RW         1106    .data               cross.o
    0x20000211   COMPRESSED   0x00000003   PAD
    0x20000214   COMPRESSED   0x00000064   Data   RW         1238    .data               imu.o
    0x20000278   COMPRESSED   0x00000004   Data   RW         1337    .data               zf_common_clock.o
    0x2000027c   COMPRESSED   0x00000003   Data   RW         1389    .data               zf_common_debug.o
    0x2000027f   COMPRESSED   0x00000001   PAD
    0x20000280   COMPRESSED   0x00000004   Data   RW         1646    .data               zf_common_interrupt.o
    0x20000284   COMPRESSED   0x0000000a   Data   RW         1703    .data               zf_driver_adc.o
    0x2000028e   COMPRESSED   0x00000002   PAD
    0x20000290   COMPRESSED   0x00000008   Data   RW         1771    .data               zf_driver_dma.o
    0x20000298   COMPRESSED   0x00000008   Data   RW         1818    .data               zf_driver_encoder.o
    0x200002a0   COMPRESSED   0x00000020   Data   RW         1966    .data               zf_driver_gpio.o
    0x200002c0   COMPRESSED   0x00000008   Data   RW         2657    .data               zf_driver_spi.o
    0x200002c8   COMPRESSED   0x00000010   Data   RW         2780    .data               zf_driver_timer.o
    0x200002d8   COMPRESSED   0x00000030   Data   RW         2848    .data               zf_driver_uart.o
    0x20000308   COMPRESSED   0x0000000c   Data   RW         3035    .data               zf_device_camera.o
    0x20000314   COMPRESSED   0x0000000a   Data   RW         3181    .data               zf_device_dm1xa.o
    0x2000031e   COMPRESSED   0x00000004   Data   RW         3236    .data               zf_device_gps_tau1201.o
    0x20000322   COMPRESSED   0x00000012   Data   RW         3476    .data               zf_device_imu963ra.o
    0x20000334   COMPRESSED   0x0000000e   Data   RW         3733    .data               zf_device_ips200.o
    0x20000342   COMPRESSED   0x00000002   PAD
    0x20000344   COMPRESSED   0x00000008   Data   RW         3870    .data               zf_device_key.o
    0x2000034c   COMPRESSED   0x00000050   Data   RW         3985    .data               zf_device_mt9v03x.o
    0x2000039c   COMPRESSED   0x00000002   Data   RW         4527    .data               zf_device_tsl1401.o
    0x2000039e   COMPRESSED   0x00000002   PAD
    0x200003a0   COMPRESSED   0x00000018   Data   RW         4566    .data               zf_device_type.o
    0x200003b8   COMPRESSED   0x00000004   Data   RW         8117    .data               mc_w.l(errno.o)
    0x200003bc        -       0x00000af0   Zero   RW          640    .bss                menu.o
    0x20000eac        -       0x0000001c   Zero   RW          699    .bss                mymenu.o
    0x20000ec8        -       0x0000b298   Zero   RW          971    .bss                image.o
    0x2000c160        -       0x00000014   Zero   RW         1387    .bss                zf_common_debug.o
    0x2000c174        -       0x00000018   Zero   RW         3034    .bss                zf_device_camera.o
    0x2000c18c   COMPRESSED   0x00000004   PAD
    0x2000c190        -       0x000001d8   Zero   RW         3235    .bss                zf_device_gps_tau1201.o
    0x2000c368        -       0x00000010   Zero   RW         3868    .bss                zf_device_key.o
    0x2000c378        -       0x00005820   Zero   RW         3984    .bss                zf_device_mt9v03x.o
    0x20011b98        -       0x00000200   Zero   RW         4526    .bss                zf_device_tsl1401.o
    0x20011d98        -       0x00000004   Zero   RW         7599    .bss.h_blank        zf_device_config.lib(zf_device_config.o)
    0x20011d9c        -       0x00000014   Zero   RW         7601    .bss.image          zf_device_config.lib(zf_device_config.o)
    0x20011db0        -       0x00000010   Zero   RW         7600    .bss.mt9v03x_iic_inf_struct  zf_device_config.lib(zf_device_config.o)
    0x20011dc0        -       0x00000004   Zero   RW         7598    .bss.v_blank        zf_device_config.lib(zf_device_config.o)


    Execution Region ARM_LIB_HEAP (Exec base: 0x20011dc4, Load base: 0x08015bfc, Size: 0x00000400, Max: 0x00000400, ABSOLUTE)

    Exec Addr    Load Addr    Size         Type   Attr      Idx    E Section Name        Object

    0x20011dc4        -       0x00000400   Zero   RW            1    ARM_LIB_HEAP.bss    anon$$obj.o


    Execution Region ARM_LIB_STACK (Exec base: 0x2001e000, Load base: 0x08015bfc, Size: 0x00002000, Max: 0x00002000, ABSOLUTE)

    Exec Addr    Load Addr    Size         Type   Attr      Idx    E Section Name        Object

    0x2001e000        -       0x00002000   Zero   RW            2    ARM_LIB_STACK.bss   anon$$obj.o


==============================================================================

Image component sizes


      Code (inc. data)   RO Data    RW Data    ZI Data      Debug   Object Name

        22          0          0          0          0        602   calculation.o
       996         96          0         11          0      10100   cross.o
      2074        110          0        134      45720       7877   image.o
      4688        436          0        100          0      11178   imu.o
      1570        208          0          5          0      15662   isr.o
       532         72          0         18          0       1691   key.o
      2482        442          0         76          0     345065   main.o
       258         18          0          1       2800       4065   menu.o
      3324        584          0        260          0      12486   motor.o
      2240        752          0         20         28       7774   mymenu.o
        36          8        400          0          0        816   startup_mm32f3277g.o
        16          6          0          0          0        469   system_mm32f3277g.o
       624         58          0          4          0       2020   zf_common_clock.o
      1272        164        172          3         20       7191   zf_common_debug.o
      1420        272          0          0          0       6161   zf_common_fifo.o
         0          0      40728          0          0        994   zf_common_font.o
       616        104          0          0          0       2457   zf_common_function.o
       228         30          0          4          0      28295   zf_common_interrupt.o
       212         14          0         12         24       2398   zf_device_camera.o
       264         40          0         10          0       1426   zf_device_dm1xa.o
       212         36          0          4        472       3155   zf_device_gps_tau1201.o
      1470        234          0         18          0       9364   zf_device_imu963ra.o
      3764        592          0         14          0      12396   zf_device_ips200.o
       284         80          4          8         16       2967   zf_device_key.o
      1476        238          0         80      22560       9223   zf_device_mt9v03x.o
       212         22          0          2        512       1621   zf_device_tsl1401.o
        66         20          0         24          0       2263   zf_device_type.o
       108         10          0         10          0       1326   zf_driver_adc.o
        80         10          0          0          0        563   zf_driver_delay.o
       448         48          0          8          0       3689   zf_driver_dma.o
       560        142          0          8          0       2970   zf_driver_encoder.o
       536         28          0          0          0        904   zf_driver_exti.o
       632         24          0         32          0       5515   zf_driver_gpio.o
       260         98          0          0          0       1391   zf_driver_pit.o
       748        162          0          0          0       2298   zf_driver_pwm.o
      2140        466          0          0          0       7125   zf_driver_soft_iic.o
      1436        130          0          8          0       5783   zf_driver_spi.o
       700        174          0         16          0       4075   zf_driver_timer.o
      1008        230          0         48          0       4892   zf_driver_uart.o

    ----------------------------------------------------------------------
     39032       6158      41336        952      81372     550247   Object Totals
         0          0         32          0       9216          0   (incl. Generated)
        18          0          0         14          4          0   (incl. Padding)

    ----------------------------------------------------------------------

      Code (inc. data)   RO Data    RW Data    ZI Data      Debug   Library Member Name

       292         38          0          0          0        120   asinf.o
       676         78          0          0          0        116   atan2f.o
       380         52          0          0          0        124   cosf.o
        38          0          0          0          0         68   fpclassifyf.o
        28          0          0          0          0        272   funder.o
       360         16         32          0          0         88   rredf.o
       392         54          0          0          0        124   sinf.o
        44          0          0          0          0         80   sqrtf.o
        86          0          0          0          0          0   __dczerorl2.o
         0          0          0          0          0          0   entry.o
         0          0          0          0          0          0   entry10a.o
         0          0          0          0          0          0   entry11a.o
         4          0          0          0          0          0   entry12b.o
         8          4          0          0          0          0   entry4.o
         4          0          0          0          0          0   entry5.o
         0          0          0          0          0          0   entry7b.o
         0          0          0          0          0          0   entry8b.o
         8          4          0          0          0          0   entry9a.o
        12          6          0          4          0         68   errno.o
        30          0          0          0          0          0   handlers.o
        36          8          0          0          0         68   init.o
         0          0          0          0          0          0   iusefp.o
        30          0          0          0          0         68   llshl.o
        36          0          0          0          0         68   llsshr.o
        32          0          0          0          0         68   llushr.o
        36          0          0          0          0         68   memcpya.o
        36          0          0          0          0        108   memseta.o
       490         10          0          0          0        252   printf3.o
        14          0          0          0          0         68   strlen.o
        30          0          0          0          0         80   strncmp.o
        44          0          0          0          0         80   uidiv.o
        48          0          0          0          0         68   cdcmple.o
        20          0          0          0          0         68   cfcmple.o
        20          0          0          0          0         68   cfrcmple.o
        56          0          0          0          0         88   d2f.o
       334          0          0          0          0        148   dadd.o
       186          0          0          0          0        176   depilogue.o
        50          0          0          0          0         76   dfixui.o
       228          0          0          0          0         96   dmul.o
        38          0          0          0          0         68   f2d.o
       176          0          0          0          0        140   fadd.o
       124          0          0          0          0         88   fdiv.o
       110          0          0          0          0        168   fepilogue.o
        50          0          0          0          0         68   ffixi.o
        40          0          0          0          0         68   ffixui.o
        18          0          0          0          0         68   fflti.o
        10          0          0          0          0         68   ffltui.o
       100          0          0          0          0         76   fmul.o
        60          0          0          0          0         76   frnd.o
        24          0          0          0          0         68   fscalb.o
        94          0          0          0          0         96   fsqrt.o
      2788          0          0          0         44       3816   zf_device_config.o

    ----------------------------------------------------------------------
      7736        270         32          4         44       7644   Library Totals
        16          0          0          0          0          0   (incl. Padding)

    ----------------------------------------------------------------------

      Code (inc. data)   RO Data    RW Data    ZI Data      Debug   Library Name

      2210        238         32          0          0        992   m_ws.l
       936         32          0          4          0        996   mc_w.l
      1786          0          0          0          0       1840   mf_w.l
      2788          0          0          0         44       3816   zf_device_config.lib

    ----------------------------------------------------------------------
      7736        270         32          4         44       7644   Library Totals

    ----------------------------------------------------------------------

==============================================================================


      Code (inc. data)   RO Data    RW Data    ZI Data      Debug   

     46768       6428      41368        956      81416     543667   Grand Totals
     46768       6428      41368        324      81416     543667   ELF Image Totals (compressed)
     46768       6428      41368        324          0          0   ROM Totals

==============================================================================

    Total RO  Size (Code + RO Data)                88136 (  86.07kB)
    Total RW  Size (RW Data + ZI Data)             82372 (  80.44kB)
    Total ROM Size (Code + RO Data + RW Data)      88460 (  86.39kB)

==============================================================================

