Component: ARM Compiler 5.06 update 7 (build 960) Tool: armlink [4d3601]

==============================================================================

Section Cross References

    main.o(i.main) refers to zf_common_clock.o(i.clock_init) for clock_init
    main.o(i.main) refers to zf_common_debug.o(i.debug_init) for debug_init
    main.o(i.main) refers to zf_device_ips200.o(i.ips200_init) for ips200_init
    main.o(i.main) refers to zf_device_ips200.o(i.ips200_show_string) for ips200_show_string
    main.o(i.main) refers to zf_driver_delay.o(i.system_delay) for system_delay
    main.o(i.main) refers to zf_device_mt9v03x.o(i.mt9v03x_init) for mt9v03x_init
    main.o(i.main) refers to zf_device_mt9v03x.o(i.mt9v03x_set_exposure_time) for mt9v03x_set_exposure_time
    main.o(i.main) refers to zf_device_mt9v03x.o(i.mt9v03x_set_reg) for mt9v03x_set_reg
    main.o(i.main) refers to mymenu.o(i.Init_menu) for Init_menu
    main.o(i.main) refers to zf_device_key.o(i.key_init) for key_init
    main.o(i.main) refers to motor.o(i.motor_init) for motor_init
    main.o(i.main) refers to motor.o(i.init_encoder) for init_encoder
    main.o(i.main) refers to key.o(i.key_state_reset) for key_state_reset
    main.o(i.main) refers to motor.o(i.motor_pid_reset) for motor_pid_reset
    main.o(i.main) refers to zf_driver_pit.o(i.pit_init) for pit_init
    main.o(i.main) refers to mymenu.o(i.Show_menu) for Show_menu
    main.o(i.main) refers to key.o(i.key_handle) for key_handle
    main.o(i.main) refers to memcpya.o(.text) for __aeabi_memcpy
    main.o(i.main) refers to image.o(i.set_image_twovalues) for set_image_twovalues
    main.o(i.main) refers to image.o(i.find_base_point) for find_base_point
    main.o(i.main) refers to image.o(i.find_boundary) for find_boundary
    main.o(i.main) refers to fflti.o(.text) for __aeabi_i2f
    main.o(i.main) refers to fmul.o(.text) for __aeabi_fmul
    main.o(i.main) refers to fadd.o(.text) for __aeabi_fsub
    main.o(i.main) refers to image.o(i.draw_boundary) for draw_boundary
    main.o(i.main) refers to zf_device_ips200.o(i.ips200_show_gray_image) for ips200_show_gray_image
    main.o(i.main) refers to ffixi.o(.text) for __aeabi_f2iz
    main.o(i.main) refers to f2d.o(.text) for __aeabi_f2d
    main.o(i.main) refers to printfa.o(i.__0printf) for __2printf
    main.o(i.main) refers to zf_common_clock.o(.data) for system_clock
    main.o(i.main) refers to isr.o(.data) for g_sys_tick
    main.o(i.main) refers to main.o(.data) for last_key_tick
    main.o(i.main) refers to zf_device_mt9v03x.o(.data) for mt9v03x_finish_flag
    main.o(i.main) refers to zf_device_mt9v03x.o(.bss) for mt9v03x_image
    main.o(i.main) refers to image.o(.bss) for base_image
    main.o(i.main) refers to mymenu.o(.data) for threshold
    main.o(i.main) refers to motor.o(.data) for base_speed
    isr.o(i.DMA1_Channel4_IRQHandler) refers to zf_device_type.o(.data) for camera_dma_handler
    isr.o(i.EXTI15_10_IRQHandler) refers to zf_device_dm1xa.o(i.dm1xa_light_callback) for dm1xa_light_callback
    isr.o(i.EXTI15_10_IRQHandler) refers to zf_device_dm1xa.o(i.dm1xa_sound_callback) for dm1xa_sound_callback
    isr.o(i.EXTI9_5_IRQHandler) refers to zf_device_type.o(.data) for camera_vsync_handler
    isr.o(i.TIM6_IRQHandler) refers to zf_driver_encoder.o(i.encoder_get_count) for encoder_get_count
    isr.o(i.TIM6_IRQHandler) refers to zf_driver_encoder.o(i.encoder_clear_count) for encoder_clear_count
    isr.o(i.TIM6_IRQHandler) refers to fflti.o(.text) for __aeabi_i2f
    isr.o(i.TIM6_IRQHandler) refers to fdiv.o(.text) for __aeabi_fdiv
    isr.o(i.TIM6_IRQHandler) refers to ffixi.o(.text) for __aeabi_f2iz
    isr.o(i.TIM6_IRQHandler) refers to motor.o(i.get_motor_speed) for get_motor_speed
    isr.o(i.TIM6_IRQHandler) refers to motor.o(i.motor_pid_speedcontrol) for motor_pid_speedcontrol
    isr.o(i.TIM6_IRQHandler) refers to isr.o(.data) for g_sys_tick
    isr.o(i.TIM6_IRQHandler) refers to motor.o(.data) for encoder_diffl
    isr.o(i.TIM8_UP_IRQHandler) refers to zf_device_tsl1401.o(i.tsl1401_collect_pit_handler) for tsl1401_collect_pit_handler
    isr.o(i.UART2_IRQHandler) refers to zf_device_gps_tau1201.o(i.gps_uart_callback) for gps_uart_callback
    isr.o(i.UART6_IRQHandler) refers to zf_device_type.o(.data) for wireless_module_uart_handler
    isr.o(i.UART8_IRQHandler) refers to zf_device_type.o(.data) for camera_uart_handler
    menu.o(i.create_menu_folder) refers to menu.o(i.create_menu_item) for create_menu_item
    menu.o(i.create_menu_txt) refers to menu.o(i.create_menu_item) for create_menu_item
    menu.o(i.dynamic_create_menu_folder) refers to menu.o(i.create_menu_folder) for create_menu_folder
    menu.o(i.dynamic_create_menu_folder) refers to menu.o(.data) for menu_item_index
    menu.o(i.dynamic_create_menu_folder) refers to menu.o(.bss) for menu_items
    menu.o(i.dynamic_create_menu_txt) refers to menu.o(i.create_menu_txt) for create_menu_txt
[...]
    mt9v03x_uart_handler                     0x08006e01   Thumb Code    40  zf_device_mt9v03x.o(i.mt9v03x_uart_handler)
    i.mt9v03x_vsync_handler                  0x08006e2c   Section        0  zf_device_mt9v03x.o(i.mt9v03x_vsync_handler)
    mt9v03x_vsync_handler                    0x08006e2d   Thumb Code    48  zf_device_mt9v03x.o(i.mt9v03x_vsync_handler)
    i.pit_init                               0x08006e5c   Section        0  zf_driver_pit.o(i.pit_init)
    i.pwm_init                               0x08006f60   Section        0  zf_driver_pwm.o(i.pwm_init)
    i.pwm_set_duty                           0x08007150   Section        0  zf_driver_pwm.o(i.pwm_set_duty)
    i.set_camera_type                        0x0800724c   Section        0  zf_device_type.o(i.set_camera_type)
    i.set_image_twovalues                    0x0800728c   Section        0  image.o(i.set_image_twovalues)
    i.soft_iic_init                          0x080072ec   Section        0  zf_driver_soft_iic.o(i.soft_iic_init)
    i.soft_iic_read_data                     0x0800737c   Section        0  zf_driver_soft_iic.o(i.soft_iic_read_data)
    soft_iic_read_data                       0x0800737d   Thumb Code   296  zf_driver_soft_iic.o(i.soft_iic_read_data)
    i.soft_iic_sccb_read_register            0x080074d8   Section        0  zf_driver_soft_iic.o(i.soft_iic_sccb_read_register)
    i.soft_iic_sccb_write_register           0x08007570   Section        0  zf_driver_soft_iic.o(i.soft_iic_sccb_write_register)
    i.soft_iic_send_ack                      0x080075e8   Section        0  zf_driver_soft_iic.o(i.soft_iic_send_ack)
    soft_iic_send_ack                        0x080075e9   Thumb Code   270  zf_driver_soft_iic.o(i.soft_iic_send_ack)
    i.soft_iic_send_data                     0x0800772c   Section        0  zf_driver_soft_iic.o(i.soft_iic_send_data)
    soft_iic_send_data                       0x0800772d   Thumb Code   228  zf_driver_soft_iic.o(i.soft_iic_send_data)
    i.soft_iic_start                         0x08007844   Section        0  zf_driver_soft_iic.o(i.soft_iic_start)
    soft_iic_start                           0x08007845   Thumb Code   192  zf_driver_soft_iic.o(i.soft_iic_start)
    i.soft_iic_stop                          0x08007938   Section        0  zf_driver_soft_iic.o(i.soft_iic_stop)
    soft_iic_stop                            0x08007939   Thumb Code   204  zf_driver_soft_iic.o(i.soft_iic_stop)
    i.soft_iic_wait_ack                      0x08007a38   Section        0  zf_driver_soft_iic.o(i.soft_iic_wait_ack)
    soft_iic_wait_ack                        0x08007a39   Thumb Code   218  zf_driver_soft_iic.o(i.soft_iic_wait_ack)
    i.spi_init                               0x08007b48   Section        0  zf_driver_spi.o(i.spi_init)
    i.spi_write_16bit                        0x08007e0c   Section        0  zf_driver_spi.o(i.spi_write_16bit)
    i.spi_write_8bit                         0x08007e84   Section        0  zf_driver_spi.o(i.spi_write_8bit)
    i.system_delay                           0x08007ee0   Section        0  zf_driver_delay.o(i.system_delay)
    i.timer_clear                            0x08007f30   Section        0  zf_driver_timer.o(i.timer_clear)
    i.timer_clock_enable                     0x08007fd4   Section        0  zf_driver_timer.o(i.timer_clock_enable)
    i.timer_etr_init                         0x08008060   Section        0  zf_driver_timer.o(i.timer_etr_init)
    i.timer_funciton_check                   0x08008154   Section        0  zf_driver_timer.o(i.timer_funciton_check)
    i.timer_get                              0x08008178   Section        0  zf_driver_timer.o(i.timer_get)
    i.tsl1401_collect_pit_handler            0x080081ec   Section        0  zf_device_tsl1401.o(i.tsl1401_collect_pit_handler)
    i.type_default_callback                  0x080082c0   Section        0  zf_device_type.o(i.type_default_callback)
    type_default_callback                    0x080082c1   Thumb Code     2  zf_device_type.o(i.type_default_callback)
    i.uart_init                              0x080082c4   Section        0  zf_driver_uart.o(i.uart_init)
    i.uart_query_byte                        0x080084f0   Section        0  zf_driver_uart.o(i.uart_query_byte)
    i.uart_rx_interrupt                      0x08008558   Section        0  zf_driver_uart.o(i.uart_rx_interrupt)
    i.uart_write_buffer                      0x080085c8   Section        0  zf_driver_uart.o(i.uart_write_buffer)
    i.uart_write_byte                        0x0800863c   Section        0  zf_driver_uart.o(i.uart_write_byte)
    i.uart_write_string                      0x0800865c   Section        0  zf_driver_uart.o(i.uart_write_string)
    i.uint8_limit                            0x080086b4   Section        0  calculation.o(i.uint8_limit)
    .constdata                               0x080086cc   Section      172  zf_common_debug.o(.constdata)
    .constdata                               0x08008778   Section    40728  zf_common_font.o(.constdata)
    .constdata                               0x08012690   Section        4  zf_device_key.o(.constdata)
    key_index                                0x08012690   Data           4  zf_device_key.o(.constdata)
    .data                                    0x20000000   Section       10  main.o(.data)
    last_key_tick                            0x20000000   Data           4  main.o(.data)
    last_display_tick                        0x20000004   Data           4  main.o(.data)
    step                                     0x20000008   Data           1  main.o(.data)
    frame_skip                               0x20000009   Data           1  main.o(.data)
    .data                                    0x2000000c   Section        4  isr.o(.data)
    .data                                    0x20000010   Section        1  menu.o(.data)
    menu_item_index                          0x20000010   Data           1  menu.o(.data)
    .data                                    0x20000014   Section       12  mymenu.o(.data)
    .data                                    0x20000020   Section       18  key.o(.data)
    tick                                     0x20000020   Data           4  key.o(.data)
    key3_press_tick                          0x20000024   Data           4  key.o(.data)
    key4_press_tick                          0x20000028   Data           4  key.o(.data)
    key3_pending                             0x2000002c   Data           1  key.o(.data)
    key4_pending                             0x2000002d   Data           1  key.o(.data)
    key1_repeat                              0x2000002e   Data           1  key.o(.data)
    key2_repeat                              0x2000002f   Data           1  key.o(.data)
    key1_held                                0x20000030   Data           1  key.o(.data)
    key2_held                                0x20000031   Data           1  key.o(.data)
    .data                                    0x20000034   Section       80  motor.o(.data)
    errl_k1                                  0x2000006c   Data           4  motor.o(.data)
    errl_k2                                  0x20000070   Data           4  motor.o(.data)
    errr_k1                                  0x20000074   Data           4  motor.o(.data)
    errr_k2                                  0x20000078   Data           4  motor.o(.data)
    control_effortl                          0x2000007c   Data           4  motor.o(.data)
    control_effortr                          0x20000080   Data           4  motor.o(.data)
    .data                                    0x20000084   Section        7  image.o(.data)
    .data                                    0x2000008c   Section        4  zf_common_clock.o(.data)
    .data                                    0x20000090   Section        3  zf_common_debug.o(.data)
    zf_debug_init_flag                       0x20000090   Data           1  zf_common_debug.o(.data)
    zf_debug_assert_enable                   0x20000091   Data           1  zf_common_debug.o(.data)
    assert_nest_index                        0x20000092   Data           1  zf_common_debug.o(.data)
    .data                                    0x20000094   Section        4  zf_common_interrupt.o(.data)
    interrupt_nest_count                     0x20000094   Data           4  zf_common_interrupt.o(.data)
    .data                                    0x20000098   Section       10  zf_driver_adc.o(.data)
    adc_index                                0x20000098   Data           8  zf_driver_adc.o(.data)
    adc_resolution                           0x200000a0   Data           2  zf_driver_adc.o(.data)
    .data                                    0x200000a4   Section        8  zf_driver_dma.o(.data)
    dma_index                                0x200000a4   Data           8  zf_driver_dma.o(.data)
    .data                                    0x200000ac   Section        8  zf_driver_encoder.o(.data)
    encoder_dir_pin                          0x200000ac   Data           8  zf_driver_encoder.o(.data)
    .data                                    0x200000b4   Section       32  zf_driver_gpio.o(.data)
    .data                                    0x200000d4   Section        8  zf_driver_spi.o(.data)
    spi_index                                0x200000d4   Data           8  zf_driver_spi.o(.data)
    .data                                    0x200000dc   Section       16  zf_driver_timer.o(.data)
    timer_function_state                     0x200000dc   Data           8  zf_driver_timer.o(.data)
    timer_mode_state                         0x200000e4   Data           8  zf_driver_timer.o(.data)
    .data                                    0x200000ec   Section       48  zf_driver_uart.o(.data)
    uart_index                               0x200000ec   Data          32  zf_driver_uart.o(.data)
    uart_irq                                 0x2000010c   Data           8  zf_driver_uart.o(.data)
    uart_interrupt_state                     0x20000114   Data           8  zf_driver_uart.o(.data)
    .data                                    0x2000011c   Section       12  zf_device_camera.o(.data)
    .data                                    0x20000128   Section       10  zf_device_dm1xa.o(.data)
    dm1xa_distance_mm                        0x20000128   Data           2  zf_device_dm1xa.o(.data)
    dm1xa_plus_count                         0x2000012c   Data           4  zf_device_dm1xa.o(.data)
    dm1xa_type                               0x20000130   Data           1  zf_device_dm1xa.o(.data)
    dm1xa_ranging_state                      0x20000131   Data           1  zf_device_dm1xa.o(.data)
    .data                                    0x20000132   Section        4  zf_device_gps_tau1201.o(.data)
    gps_tau1201_state                        0x20000133   Data           1  zf_device_gps_tau1201.o(.data)
    .data                                    0x20000136   Section       14  zf_device_ips200.o(.data)
    ips200_pencolor                          0x20000136   Data           2  zf_device_ips200.o(.data)
    ips200_bgcolor                           0x20000138   Data           2  zf_device_ips200.o(.data)
    ips200_display_type                      0x2000013a   Data           1  zf_device_ips200.o(.data)
    ips200_display_dir                       0x2000013b   Data           1  zf_device_ips200.o(.data)
    ips200_display_font                      0x2000013c   Data           1  zf_device_ips200.o(.data)
    ips200_x_max                             0x2000013e   Data           2  zf_device_ips200.o(.data)
    ips200_y_max                             0x20000140   Data           2  zf_device_ips200.o(.data)
    ips_rst_pin                              0x20000142   Data           1  zf_device_ips200.o(.data)
    ips_bl_pin                               0x20000143   Data           1  zf_device_ips200.o(.data)
    .data                                    0x20000144   Section        8  zf_device_key.o(.data)
    scanner_period                           0x20000144   Data           4  zf_device_key.o(.data)
    key_state                                0x20000148   Data           4  zf_device_key.o(.data)
    .data                                    0x2000014c   Section       80  zf_device_mt9v03x.o(.data)
    mt9v03x_type                             0x2000014d   Data           1  zf_device_mt9v03x.o(.data)
    mt9v03x_version                          0x2000014e   Data           2  zf_device_mt9v03x.o(.data)
    mt9v03x_set_confing_buffer               0x20000150   Data          40  zf_device_mt9v03x.o(.data)
    mt9v03x_get_confing_buffer               0x20000178   Data          36  zf_device_mt9v03x.o(.data)
    .data                                    0x2000019c   Section        2  zf_device_tsl1401.o(.data)
    tsl1401_init_state                       0x2000019c   Data           1  zf_device_tsl1401.o(.data)
    .data                                    0x200001a0   Section       24  zf_device_type.o(.data)
    .data                                    0x200001b8   Section        4  stdout.o(.data)
    .bss                                     0x200001bc   Section     2800  menu.o(.bss)
    menu_items                               0x200001bc   Data        2800  menu.o(.bss)
    .bss                                     0x20000cac   Section       28  mymenu.o(.bss)
    .bss                                     0x20000cc8   Section    45480  image.o(.bss)
    .bss                                     0x2000be70   Section       20  zf_common_debug.o(.bss)
    debug_output_info                        0x2000be70   Data          20  zf_common_debug.o(.bss)
    .bss                                     0x2000be84   Section       24  zf_device_camera.o(.bss)
    .bss                                     0x2000bea0   Section      472  zf_device_gps_tau1201.o(.bss)
    gps_tau1201_receiver_fifo                0x2000bee0   Data          24  zf_device_gps_tau1201.o(.bss)
    gps_tau1201_receiver_buffer              0x2000bef8   Data         128  zf_device_gps_tau1201.o(.bss)
    gps_gga_buffer                           0x2000bf78   Data         128  zf_device_gps_tau1201.o(.bss)
    gps_rmc_buffer                           0x2000bff8   Data         128  zf_device_gps_tau1201.o(.bss)
    .bss                                     0x2000c078   Section       16  zf_device_key.o(.bss)
    key_press_time                           0x2000c078   Data          16  zf_device_key.o(.bss)
    .bss                                     0x2000c088   Section    22560  zf_device_mt9v03x.o(.bss)
    .bss                                     0x200118a8   Section      512  zf_device_tsl1401.o(.bss)
    [Anonymous Symbol]                       0x20011ac0   Section        0  zf_device_config.o(.bss.mt9v03x_iic_inf_struct)
    mt9v03x_iic_inf_struct                   0x20011ac0   Data          16  zf_device_config.o(.bss.mt9v03x_iic_inf_struct)

    Global Symbols

    Symbol Name                              Value     Ov Type        Size  Object(Section)

    BuildAttributes$$THM_ISAv4$P$D$K$B$S$PE$A:L22UL41UL21$X:L11$S22US41US21$IEEE1$IW$USESV6$~STKCKD$USESV7$~SHL$OTIME$ROPI$IEEEX$EBA8$MICROLIB$REQ8$PRES8$EABIv2 0x00000000   Number         0  anon$$obj.o ABSOLUTE
    __ARM_use_no_argv                        0x00000000   Number         0  main.o ABSOLUTE
    _printf_a                                0x00000000   Number         0  stubs.o ABSOLUTE
    _printf_c                                0x00000000   Number         0  stubs.o ABSOLUTE
    _printf_charcount                        0x00000000   Number         0  stubs.o ABSOLUTE
    _printf_d                                0x00000000   Number         0  stubs.o ABSOLUTE
    _printf_e                                0x00000000   Number         0  stubs.o ABSOLUTE
    _printf_f                                0x00000000   Number         0  stubs.o ABSOLUTE
    _printf_flags                            0x00000000   Number         0  stubs.o ABSOLUTE
    _printf_fp_dec                           0x00000000   Number         0  stubs.o ABSOLUTE
    _printf_fp_hex                           0x00000000   Number         0  stubs.o ABSOLUTE
    _printf_g                                0x00000000   Number         0  stubs.o ABSOLUTE
    _printf_i                                0x00000000   Number         0  stubs.o ABSOLUTE
    _printf_int_dec                          0x00000000   Number         0  stubs.o ABSOLUTE
    _printf_l                                0x00000000   Number         0  stubs.o ABSOLUTE
    _printf_lc                               0x00000000   Number         0  stubs.o ABSOLUTE
    _printf_ll                               0x00000000   Number         0  stubs.o ABSOLUTE
    _printf_lld                              0x00000000   Number         0  stubs.o ABSOLUTE
    _printf_lli                              0x00000000   Number         0  stubs.o ABSOLUTE
    _printf_llo                              0x00000000   Number         0  stubs.o ABSOLUTE
    _printf_llu                              0x00000000   Number         0  stubs.o ABSOLUTE
    _printf_llx                              0x00000000   Number         0  stubs.o ABSOLUTE
    _printf_longlong_dec                     0x00000000   Number         0  stubs.o ABSOLUTE
    _printf_longlong_hex                     0x00000000   Number         0  stubs.o ABSOLUTE
    _printf_longlong_oct                     0x00000000   Number         0  stubs.o ABSOLUTE
    _printf_ls                               0x00000000   Number         0  stubs.o ABSOLUTE
    _printf_mbtowc                           0x00000000   Number         0  stubs.o ABSOLUTE
    _printf_n                                0x00000000   Number         0  stubs.o ABSOLUTE
    _printf_o                                0x00000000   Number         0  stubs.o ABSOLUTE
    _printf_p                                0x00000000   Number         0  stubs.o ABSOLUTE
    _printf_percent                          0x00000000   Number         0  stubs.o ABSOLUTE
    _printf_pre_padding                      0x00000000   Number         0  stubs.o ABSOLUTE
    _printf_return_value                     0x00000000   Number         0  stubs.o ABSOLUTE
    _printf_s                                0x00000000   Number         0  stubs.o ABSOLUTE
    _printf_sizespec                         0x00000000   Number         0  stubs.o ABSOLUTE
    _printf_str                              0x00000000   Number         0  stubs.o ABSOLUTE
    _printf_truncate_signed                  0x00000000   Number         0  stubs.o ABSOLUTE
    _printf_truncate_unsigned                0x00000000   Number         0  stubs.o ABSOLUTE
    _printf_u                                0x00000000   Number         0  stubs.o ABSOLUTE
    _printf_wc                               0x00000000   Number         0  stubs.o ABSOLUTE
    _printf_wctomb                           0x00000000   Number         0  stubs.o ABSOLUTE
    _printf_widthprec                        0x00000000   Number         0  stubs.o ABSOLUTE
    _printf_x                                0x00000000   Number         0  stubs.o ABSOLUTE
    __arm_fini_                               - Undefined Weak Reference
    __cpp_initialize__aeabi_                  - Undefined Weak Reference
    __cxa_finalize                            - Undefined Weak Reference
    _clock_init                               - Undefined Weak Reference
    _microlib_exit                            - Undefined Weak Reference
    __Vectors_Size                           0x00000190   Number         0  startup_mm32f3277g.o ABSOLUTE
    __Vectors                                0x08000000   Data           4  startup_mm32f3277g.o(RESET)
    __Vectors_End                            0x08000190   Data           0  startup_mm32f3277g.o(RESET)
    __main                                   0x08000401   Thumb Code     0  entry.o(.ARM.Collect$$$$00000000)
    _main_stk                                0x08000401   Thumb Code     0  entry4.o(.ARM.Collect$$$$00000003)
    _main_scatterload                        0x08000405   Thumb Code     0  entry5.o(.ARM.Collect$$$$00000004)
    __main_after_scatterload                 0x08000409   Thumb Code     0  entry5.o(.ARM.Collect$$$$00000004)
    _main_clock                              0x08000409   Thumb Code     0  entry7b.o(.ARM.Collect$$$$00000008)
    _main_cpp_init                           0x08000409   Thumb Code     0  entry8b.o(.ARM.Collect$$$$0000000A)
    _main_init                               0x08000409   Thumb Code     0  entry9a.o(.ARM.Collect$$$$0000000B)
    __rt_lib_shutdown_fini                   0x08000411   Thumb Code     0  entry12b.o(.ARM.Collect$$$$0000000E)
    __rt_final_cpp                           0x08000415   Thumb Code     0  entry10a.o(.ARM.Collect$$$$0000000F)
    __rt_final_exit                          0x08000415   Thumb Code     0  entry11a.o(.ARM.Collect$$$$00000011)
    Reset_Handler                            0x08000419   Thumb Code     8  startup_mm32f3277g.o(.text)
    NMI_Handler                              0x08000421   Thumb Code     2  startup_mm32f3277g.o(.text)
    HardFault_Handler                        0x08000423   Thumb Code     2  startup_mm32f3277g.o(.text)
    MemManage_Handler                        0x08000425   Thumb Code     2  startup_mm32f3277g.o(.text)
    BusFault_Handler                         0x08000427   Thumb Code     2  startup_mm32f3277g.o(.text)
    UsageFault_Handler                       0x08000429   Thumb Code     2  startup_mm32f3277g.o(.text)
    SVC_Handler                              0x0800042b   Thumb Code     2  startup_mm32f3277g.o(.text)
    DebugMon_Handler                         0x0800042d   Thumb Code     2  startup_mm32f3277g.o(.text)
    PendSV_Handler                           0x0800042f   Thumb Code     2  startup_mm32f3277g.o(.text)
    SysTick_Handler                          0x08000431   Thumb Code     2  startup_mm32f3277g.o(.text)
    ADC1_2_IRQHandler                        0x08000433   Thumb Code     0  startup_mm32f3277g.o(.text)
    ADC3_IRQHandler                          0x08000433   Thumb Code     0  startup_mm32f3277g.o(.text)
    CAN1_RX_IRQHandler                       0x08000433   Thumb Code     0  startup_mm32f3277g.o(.text)
    COMP1_2_IRQHandler                       0x08000433   Thumb Code     0  startup_mm32f3277g.o(.text)
    ETH_IRQHandler                           0x08000433   Thumb Code     0  startup_mm32f3277g.o(.text)
    FLASH_IRQHandler                         0x08000433   Thumb Code     0  startup_mm32f3277g.o(.text)
    FlashCache_IRQHandler                    0x08000433   Thumb Code     0  startup_mm32f3277g.o(.text)
    I2C1_IRQHandler                          0x08000433   Thumb Code     0  startup_mm32f3277g.o(.text)
    I2C2_IRQHandler                          0x08000433   Thumb Code     0  startup_mm32f3277g.o(.text)
    OTG_FS_IRQHandler                        0x08000433   Thumb Code     0  startup_mm32f3277g.o(.text)
    OTG_FS_WKUP_IRQHandler                   0x08000433   Thumb Code     0  startup_mm32f3277g.o(.text)
    PVD_IRQHandler                           0x08000433   Thumb Code     0  startup_mm32f3277g.o(.text)
    RCC_CRS_IRQHandler                       0x08000433   Thumb Code     0  startup_mm32f3277g.o(.text)
    RTCAlarm_IRQHandler                      0x08000433   Thumb Code     0  startup_mm32f3277g.o(.text)
    RTC_IRQHandler                           0x08000433   Thumb Code     0  startup_mm32f3277g.o(.text)
    SDIO_IRQHandler                          0x08000433   Thumb Code     0  startup_mm32f3277g.o(.text)
    SPI1_IRQHandler                          0x08000433   Thumb Code     0  startup_mm32f3277g.o(.text)
    SPI2_IRQHandler                          0x08000433   Thumb Code     0  startup_mm32f3277g.o(.text)
    SPI3_IRQHandler                          0x08000433   Thumb Code     0  startup_mm32f3277g.o(.text)
    TAMPER_IRQHandler                        0x08000433   Thumb Code     0  startup_mm32f3277g.o(.text)
    TIM1_BRK_IRQHandler                      0x08000433   Thumb Code     0  startup_mm32f3277g.o(.text)
    TIM1_CC_IRQHandler                       0x08000433   Thumb Code     0  startup_mm32f3277g.o(.text)
    TIM1_TRG_COM_IRQHandler                  0x08000433   Thumb Code     0  startup_mm32f3277g.o(.text)
    TIM8_BRK_IRQHandler                      0x08000433   Thumb Code     0  startup_mm32f3277g.o(.text)
    TIM8_CC_IRQHandler                       0x08000433   Thumb Code     0  startup_mm32f3277g.o(.text)
    TIM8_TRG_COM_IRQHandler                  0x08000433   Thumb Code     0  startup_mm32f3277g.o(.text)
    WWDG_IRQHandler                          0x08000433   Thumb Code     0  startup_mm32f3277g.o(.text)
    __aeabi_memcpy                           0x0800043d   Thumb Code    36  memcpya.o(.text)
    __aeabi_memcpy4                          0x0800043d   Thumb Code     0  memcpya.o(.text)
    __aeabi_memcpy8                          0x0800043d   Thumb Code     0  memcpya.o(.text)
    __aeabi_memset                           0x08000461   Thumb Code    14  memseta.o(.text)
    __aeabi_memset4                          0x08000461   Thumb Code     0  memseta.o(.text)
    __aeabi_memset8                          0x08000461   Thumb Code     0  memseta.o(.text)
    __aeabi_memclr                           0x0800046f   Thumb Code     4  memseta.o(.text)
    __aeabi_memclr4                          0x0800046f   Thumb Code     0  memseta.o(.text)
    __aeabi_memclr8                          0x0800046f   Thumb Code     0  memseta.o(.text)
    _memset$wrapper                          0x08000473   Thumb Code    18  memseta.o(.text)
    strlen                                   0x08000485   Thumb Code    14  strlen.o(.text)
    strncmp                                  0x08000493   Thumb Code    30  strncmp.o(.text)
    __aeabi_fadd                             0x080004b1   Thumb Code   164  fadd.o(.text)
    __aeabi_fsub                             0x08000555   Thumb Code     6  fadd.o(.text)
    __aeabi_frsub                            0x0800055b   Thumb Code     6  fadd.o(.text)
    __aeabi_fmul                             0x08000561   Thumb Code   100  fmul.o(.text)
    __aeabi_fdiv                             0x080005c5   Thumb Code   124  fdiv.o(.text)
    __aeabi_dadd                             0x08000641   Thumb Code   322  dadd.o(.text)
    __aeabi_dsub                             0x08000783   Thumb Code     6  dadd.o(.text)
    __aeabi_drsub                            0x08000789   Thumb Code     6  dadd.o(.text)
    __aeabi_dmul                             0x0800078f   Thumb Code   228  dmul.o(.text)
    __aeabi_ddiv                             0x08000873   Thumb Code   222  ddiv.o(.text)
    __aeabi_i2f                              0x08000951   Thumb Code    18  fflti.o(.text)
    __aeabi_ui2f                             0x08000963   Thumb Code    10  ffltui.o(.text)
    __aeabi_f2iz                             0x0800096d   Thumb Code    50  ffixi.o(.text)
    __aeabi_f2uiz                            0x0800099f   Thumb Code    40  ffixui.o(.text)
    __aeabi_d2uiz                            0x080009c7   Thumb Code    50  dfixui.o(.text)
    __aeabi_f2d                              0x080009f9   Thumb Code    38  f2d.o(.text)
    __aeabi_cdcmpeq                          0x08000a21   Thumb Code     0  cdcmple.o(.text)
    __aeabi_cdcmple                          0x08000a21   Thumb Code    48  cdcmple.o(.text)
    __aeabi_cdrcmple                         0x08000a51   Thumb Code    48  cdrcmple.o(.text)
    __aeabi_d2f                              0x08000a81   Thumb Code    56  d2f.o(.text)
    __aeabi_cfcmpeq                          0x08000ab9   Thumb Code     0  cfcmple.o(.text)
    __aeabi_cfcmple                          0x08000ab9   Thumb Code    20  cfcmple.o(.text)
    __aeabi_cfrcmple                         0x08000acd   Thumb Code    20  cfrcmple.o(.text)
    __aeabi_uidiv                            0x08000ae1   Thumb Code     0  uidiv.o(.text)
    __aeabi_uidivmod                         0x08000ae1   Thumb Code    44  uidiv.o(.text)
    __aeabi_uldivmod                         0x08000b0d   Thumb Code    98  uldiv.o(.text)
    __aeabi_llsl                             0x08000b6f   Thumb Code    30  llshl.o(.text)
    _ll_shift_l                              0x08000b6f   Thumb Code     0  llshl.o(.text)
    __aeabi_llsr                             0x08000b8d   Thumb Code    32  llushr.o(.text)
    _ll_ushift_r                             0x08000b8d   Thumb Code     0  llushr.o(.text)
    __aeabi_lasr                             0x08000bad   Thumb Code    36  llsshr.o(.text)
    _ll_sshift_r                             0x08000bad   Thumb Code     0  llsshr.o(.text)
    __I$use$fp                               0x08000bd1   Thumb Code     0  iusefp.o(.text)
    _float_round                             0x08000bd1   Thumb Code    18  fepilogue.o(.text)
    _float_epilogue                          0x08000be3   Thumb Code    92  fepilogue.o(.text)
    _double_round                            0x08000c3f   Thumb Code    30  depilogue.o(.text)
    _double_epilogue                         0x08000c5d   Thumb Code   156  depilogue.o(.text)
    __aeabi_d2ulz                            0x08000cf9   Thumb Code    48  dfixul.o(.text)
    __scatterload                            0x08000d29   Thumb Code    28  init.o(.text)
    __scatterload_rt2                        0x08000d29   Thumb Code     0  init.o(.text)
    __decompress                             0x08000d4d   Thumb Code     0  __dczerorl2.o(.text)
    __decompress1                            0x08000d4d   Thumb Code    86  __dczerorl2.o(.text)
    mt9v03x_set_config_sccb                  0x08000de1   Thumb Code  2498  zf_device_config.o(.text.mt9v03x_set_config_sccb)
    mt9v03x_set_exposure_time_sccb           0x080017a5   Thumb Code   150  zf_device_config.o(.text.mt9v03x_set_exposure_time_sccb)
    mt9v03x_set_reg_sccb                     0x0800183d   Thumb Code    30  zf_device_config.o(.text.mt9v03x_set_reg_sccb)
    DMA1_Channel1_IRQHandler                 0x08001891   Thumb Code    24  isr.o(i.DMA1_Channel1_IRQHandler)
    DMA1_Channel2_IRQHandler                 0x080018ad   Thumb Code    24  isr.o(i.DMA1_Channel2_IRQHandler)
    DMA1_Channel3_IRQHandler                 0x080018c9   Thumb Code    24  isr.o(i.DMA1_Channel3_IRQHandler)
    DMA1_Channel4_IRQHandler                 0x080018e5   Thumb Code    32  isr.o(i.DMA1_Channel4_IRQHandler)
    DMA1_Channel5_IRQHandler                 0x0800190d   Thumb Code    24  isr.o(i.DMA1_Channel5_IRQHandler)
    DMA1_Channel6_IRQHandler                 0x08001929   Thumb Code    24  isr.o(i.DMA1_Channel6_IRQHandler)
    DMA1_Channel7_IRQHandler                 0x08001945   Thumb Code    24  isr.o(i.DMA1_Channel7_IRQHandler)
    DMA2_Channel1_IRQHandler                 0x08001961   Thumb Code    28  isr.o(i.DMA2_Channel1_IRQHandler)
    DMA2_Channel2_IRQHandler                 0x08001981   Thumb Code    28  isr.o(i.DMA2_Channel2_IRQHandler)
    DMA2_Channel3_IRQHandler                 0x080019a1   Thumb Code    28  isr.o(i.DMA2_Channel3_IRQHandler)
    DMA2_Channel4_IRQHandler                 0x080019c1   Thumb Code    28  isr.o(i.DMA2_Channel4_IRQHandler)
    DMA2_Channel5_IRQHandler                 0x080019e1   Thumb Code    28  isr.o(i.DMA2_Channel5_IRQHandler)
    EXTI0_IRQHandler                         0x08001a01   Thumb Code    14  isr.o(i.EXTI0_IRQHandler)
    EXTI15_10_IRQHandler                     0x08001a15   Thumb Code   144  isr.o(i.EXTI15_10_IRQHandler)
    EXTI1_IRQHandler                         0x08001aa9   Thumb Code    14  isr.o(i.EXTI1_IRQHandler)
    EXTI2_IRQHandler                         0x08001abd   Thumb Code    14  isr.o(i.EXTI2_IRQHandler)
    EXTI3_IRQHandler                         0x08001ad1   Thumb Code    14  isr.o(i.EXTI3_IRQHandler)
    EXTI4_IRQHandler                         0x08001ae5   Thumb Code    14  isr.o(i.EXTI4_IRQHandler)
    EXTI9_5_IRQHandler                       0x08001af9   Thumb Code   120  isr.o(i.EXTI9_5_IRQHandler)
    Init_menu                                0x08001b79   Thumb Code   208  mymenu.o(i.Init_menu)
    Show_array                               0x08001d19   Thumb Code    60  mymenu.o(i.Show_array)
    Show_menu                                0x08001d61   Thumb Code    46  mymenu.o(i.Show_menu)
    Show_txt                                 0x08001d95   Thumb Code   216  mymenu.o(i.Show_txt)
    SystemInit                               0x08001e81   Thumb Code    10  system_mm32f3277g.o(i.SystemInit)
    TIM1_UP_IRQHandler                       0x08001e91   Thumb Code    16  isr.o(i.TIM1_UP_IRQHandler)
    TIM2_IRQHandler                          0x08001ea5   Thumb Code    22  isr.o(i.TIM2_IRQHandler)
    TIM3_IRQHandler                          0x08001ebd   Thumb Code    16  isr.o(i.TIM3_IRQHandler)
    TIM4_IRQHandler                          0x08001ed1   Thumb Code    16  isr.o(i.TIM4_IRQHandler)
    TIM5_IRQHandler                          0x08001ee5   Thumb Code    16  isr.o(i.TIM5_IRQHandler)
    TIM6_IRQHandler                          0x08001ef9   Thumb Code   120  isr.o(i.TIM6_IRQHandler)
    TIM7_IRQHandler                          0x08001f8d   Thumb Code    16  isr.o(i.TIM7_IRQHandler)
    TIM8_UP_IRQHandler                       0x08001fa1   Thumb Code    22  isr.o(i.TIM8_UP_IRQHandler)
    UART1_IRQHandler                         0x08001fbd   Thumb Code    54  isr.o(i.UART1_IRQHandler)
    UART2_IRQHandler                         0x08001ff9   Thumb Code    60  isr.o(i.UART2_IRQHandler)
    UART3_IRQHandler                         0x08002039   Thumb Code    54  isr.o(i.UART3_IRQHandler)
    UART4_IRQHandler                         0x08002075   Thumb Code    54  isr.o(i.UART4_IRQHandler)
    UART5_IRQHandler                         0x080020b1   Thumb Code    46  isr.o(i.UART5_IRQHandler)
    UART6_IRQHandler                         0x080020e5   Thumb Code    62  isr.o(i.UART6_IRQHandler)
    UART7_IRQHandler                         0x0800212d   Thumb Code    54  isr.o(i.UART7_IRQHandler)
    UART8_IRQHandler                         0x08002169   Thumb Code    62  isr.o(i.UART8_IRQHandler)
    __0printf                                0x080021b1   Thumb Code    22  printfa.o(i.__0printf)
    __1printf                                0x080021b1   Thumb Code     0  printfa.o(i.__0printf)
    __2printf                                0x080021b1   Thumb Code     0  printfa.o(i.__0printf)
    __c89printf                              0x080021b1   Thumb Code     0  printfa.o(i.__0printf)
    printf                                   0x080021b1   Thumb Code     0  printfa.o(i.__0printf)
    __0sprintf                               0x080021d1   Thumb Code    34  printfa.o(i.__0sprintf)
    __1sprintf                               0x080021d1   Thumb Code     0  printfa.o(i.__0sprintf)
    __2sprintf                               0x080021d1   Thumb Code     0  printfa.o(i.__0sprintf)
    __c89sprintf                             0x080021d1   Thumb Code     0  printfa.o(i.__0sprintf)
    sprintf                                  0x080021d1   Thumb Code     0  printfa.o(i.__0sprintf)
    __scatterload_copy                       0x080021f9   Thumb Code    14  handlers.o(i.__scatterload_copy)
    __scatterload_null                       0x08002207   Thumb Code     2  handlers.o(i.__scatterload_null)
    __scatterload_zeroinit                   0x08002209   Thumb Code    14  handlers.o(i.__scatterload_zeroinit)
    adc_convert                              0x08002aad   Thumb Code    98  zf_driver_adc.o(i.adc_convert)
    afio_init                                0x08002b19   Thumb Code   224  zf_driver_gpio.o(i.afio_init)
    array_down                               0x08002c01   Thumb Code    20  mymenu.o(i.array_down)
    array_up                                 0x08002c19   Thumb Code    20  mymenu.o(i.array_up)
    back_folder                              0x08002c31   Thumb Code    26  mymenu.o(i.back_folder)
    camera_fifo_init                         0x08002c51   Thumb Code    16  zf_device_camera.o(i.camera_fifo_init)
    camera_init                              0x08002c69   Thumb Code   182  zf_device_camera.o(i.camera_init)
    clock_init                               0x08002d25   Thumb Code    24  zf_common_clock.o(i.clock_init)
    create_menu_folder                       0x08002f95   Thumb Code    26  menu.o(i.create_menu_folder)
    create_menu_item                         0x08002faf   Thumb Code    72  menu.o(i.create_menu_item)
    create_menu_txt                          0x08002ff7   Thumb Code    36  menu.o(i.create_menu_txt)
    debug_assert_handler                     0x0800301d   Thumb Code    72  zf_common_debug.o(i.debug_assert_handler)
    debug_init                               0x080030b1   Thumb Code    40  zf_common_debug.o(i.debug_init)
    debug_log_handler                        0x080030dd   Thumb Code    44  zf_common_debug.o(i.debug_log_handler)
    debug_output_init                        0x08003431   Thumb Code    42  zf_common_debug.o(i.debug_output_init)
    debug_output_struct_init                 0x08003465   Thumb Code    28  zf_common_debug.o(i.debug_output_struct_init)
    dm1xa_light_callback                     0x08003519   Thumb Code    46  zf_device_dm1xa.o(i.dm1xa_light_callback)
    dm1xa_sound_callback                     0x08003551   Thumb Code   178  zf_device_dm1xa.o(i.dm1xa_sound_callback)
    dma_camera_init                          0x08003621   Thumb Code   296  zf_driver_dma.o(i.dma_camera_init)
    dma_disable                              0x08003751   Thumb Code    50  zf_driver_dma.o(i.dma_disable)
    dma_enable                               0x08003789   Thumb Code    50  zf_driver_dma.o(i.dma_enable)
    dma_set_count                            0x080037c1   Thumb Code    26  zf_driver_dma.o(i.dma_set_count)
    draw_boundary                            0x080037e1   Thumb Code    70  image.o(i.draw_boundary)
    dynamic_create_menu_folder               0x08003839   Thumb Code    54  menu.o(i.dynamic_create_menu_folder)
    dynamic_create_menu_txt                  0x08003879   Thumb Code    52  menu.o(i.dynamic_create_menu_txt)
    encoder_clear_count                      0x080038b5   Thumb Code   110  zf_driver_encoder.o(i.encoder_clear_count)
    encoder_get_count                        0x08003939   Thumb Code   118  zf_driver_encoder.o(i.encoder_get_count)
    encoder_quad_init                        0x080039c9   Thumb Code   214  zf_driver_encoder.o(i.encoder_quad_init)
    enter_editting                           0x08003ae5   Thumb Code    30  mymenu.o(i.enter_editting)
    enter_folder                             0x08003b09   Thumb Code    34  mymenu.o(i.enter_folder)
    exti_init                                0x08003b31   Thumb Code   524  zf_driver_exti.o(i.exti_init)
    fifo_clear                               0x08003d49   Thumb Code   122  zf_common_fifo.o(i.fifo_clear)
    fifo_init                                0x08003e25   Thumb Code    72  zf_common_fifo.o(i.fifo_init)
    fifo_read_buffer                         0x08003e99   Thumb Code   362  zf_common_fifo.o(i.fifo_read_buffer)
    fifo_used                                0x08004031   Thumb Code    30  zf_common_fifo.o(i.fifo_used)
    fifo_write_buffer                        0x0800407d   Thumb Code   378  zf_common_fifo.o(i.fifo_write_buffer)
    fifo_write_element                       0x08004225   Thumb Code   132  zf_common_fifo.o(i.fifo_write_element)
    find_base_point                          0x080042d5   Thumb Code   782  image.o(i.find_base_point)
    find_boundary                            0x080045f1   Thumb Code   714  image.o(i.find_boundary)
    fputc                                    0x080048e9   Thumb Code    18  zf_common_debug.o(i.fputc)
    func_float_to_str                        0x080048fd   Thumb Code   358  zf_common_function.o(i.func_float_to_str)
    func_get_greatest_common_divisor         0x08004a99   Thumb Code    20  zf_common_function.o(i.func_get_greatest_common_divisor)
    func_int_to_str                          0x08004aad   Thumb Code   134  zf_common_function.o(i.func_int_to_str)
    get_motor_speed                          0x08004b65   Thumb Code   100  motor.o(i.get_motor_speed)
    gpio_get_level                           0x08004be1   Thumb Code    32  zf_driver_gpio.o(i.gpio_get_level)
    gpio_init                                0x08004c05   Thumb Code   284  zf_driver_gpio.o(i.gpio_init)
    gpio_set_level                           0x08004d29   Thumb Code    68  zf_driver_gpio.o(i.gpio_set_level)
    gps_uart_callback                        0x08004d71   Thumb Code   176  zf_device_gps_tau1201.o(i.gps_uart_callback)
    init_encoder                             0x08004e45   Thumb Code    28  motor.o(i.init_encoder)
    interrupt_disable                        0x08004e61   Thumb Code    62  zf_common_interrupt.o(i.interrupt_disable)
    interrupt_enable                         0x08004ea5   Thumb Code    40  zf_common_interrupt.o(i.interrupt_enable)
    interrupt_global_disable                 0x08004ecd   Thumb Code    24  zf_common_interrupt.o(i.interrupt_global_disable)
    interrupt_init                           0x08004ee9   Thumb Code    30  zf_common_interrupt.o(i.interrupt_init)
    interrupt_set_priority                   0x08004f11   Thumb Code    42  zf_common_interrupt.o(i.interrupt_set_priority)
    ips200_clear                             0x08004f45   Thumb Code   116  zf_device_ips200.o(i.ips200_clear)
    ips200_draw_point                        0x08005045   Thumb Code   124  zf_device_ips200.o(i.ips200_draw_point)
    ips200_init                              0x08005101   Thumb Code   940  zf_device_ips200.o(i.ips200_init)
    ips200_set_color                         0x080054d1   Thumb Code    10  zf_device_ips200.o(i.ips200_set_color)
    ips200_set_dir                           0x080054e5   Thumb Code    62  zf_device_ips200.o(i.ips200_set_dir)
    ips200_show_char                         0x08005605   Thumb Code   370  zf_device_ips200.o(i.ips200_show_char)
    ips200_show_float                        0x080057cd   Thumb Code   270  zf_device_ips200.o(i.ips200_show_float)
    ips200_show_gray_image                   0x08005919   Thumb Code   292  zf_device_ips200.o(i.ips200_show_gray_image)
    ips200_show_int                          0x08005a7d   Thumb Code   180  zf_device_ips200.o(i.ips200_show_int)
    ips200_show_string                       0x08005b69   Thumb Code   136  zf_device_ips200.o(i.ips200_show_string)
    key_1                                    0x08005df9   Thumb Code   154  mymenu.o(i.key_1)
    key_2                                    0x08005ea1   Thumb Code   154  mymenu.o(i.key_2)
    key_3                                    0x08005f49   Thumb Code    30  mymenu.o(i.key_3)
    key_3_double                             0x08005f6d   Thumb Code    22  mymenu.o(i.key_3_double)
    key_4_double                             0x08005f8d   Thumb Code    44  mymenu.o(i.key_4_double)
    key_clear_state                          0x08005fc5   Thumb Code     8  zf_device_key.o(i.key_clear_state)
    key_get_state                            0x08005fd1   Thumb Code     8  zf_device_key.o(i.key_get_state)
    key_handle                               0x08005fdd   Thumb Code   420  key.o(i.key_handle)
    key_init                                 0x080061a5   Thumb Code    64  zf_device_key.o(i.key_init)
    key_scanner                              0x0800621d   Thumb Code   124  zf_device_key.o(i.key_scanner)
    key_state_reset                          0x080062a9   Thumb Code    40  key.o(i.key_state_reset)
    main                                     0x080062f5   Thumb Code   556  main.o(i.main)
    motor_init                               0x080065b5   Thumb Code    52  motor.o(i.motor_init)
    motor_pid_reset                          0x080065f1   Thumb Code    28  motor.o(i.motor_pid_reset)
    motor_pid_speedcontrol                   0x08006625   Thumb Code   384  motor.o(i.motor_pid_speedcontrol)
    motorl_set_pwm                           0x080067e1   Thumb Code    78  motor.o(i.motorl_set_pwm)
    motorr_set_pwm                           0x0800683d   Thumb Code    78  motor.o(i.motorr_set_pwm)
    mt9v03x_get_version                      0x08006985   Thumb Code   112  zf_device_mt9v03x.o(i.mt9v03x_get_version)
    mt9v03x_init                             0x080069fd   Thumb Code   250  zf_device_mt9v03x.o(i.mt9v03x_init)
    mt9v03x_set_exposure_time                0x08006c45   Thumb Code   172  zf_device_mt9v03x.o(i.mt9v03x_set_exposure_time)
    mt9v03x_set_reg                          0x08006d09   Thumb Code   224  zf_device_mt9v03x.o(i.mt9v03x_set_reg)
    pit_init                                 0x08006e5d   Thumb Code   170  zf_driver_pit.o(i.pit_init)
    pwm_init                                 0x08006f61   Thumb Code   418  zf_driver_pwm.o(i.pwm_init)
    pwm_set_duty                             0x08007151   Thumb Code   184  zf_driver_pwm.o(i.pwm_set_duty)
    set_camera_type                          0x0800724d   Thumb Code    44  zf_device_type.o(i.set_camera_type)
    set_image_twovalues                      0x0800728d   Thumb Code    88  image.o(i.set_image_twovalues)
    soft_iic_init                            0x080072ed   Thumb Code    94  zf_driver_soft_iic.o(i.soft_iic_init)
    soft_iic_sccb_read_register              0x080074d9   Thumb Code   102  zf_driver_soft_iic.o(i.soft_iic_sccb_read_register)
    soft_iic_sccb_write_register             0x08007571   Thumb Code    70  zf_driver_soft_iic.o(i.soft_iic_sccb_write_register)
    spi_init                                 0x08007b49   Thumb Code   646  zf_driver_spi.o(i.spi_init)
    spi_write_16bit                          0x08007e0d   Thumb Code   116  zf_driver_spi.o(i.spi_write_16bit)
    spi_write_8bit                           0x08007e85   Thumb Code    86  zf_driver_spi.o(i.spi_write_8bit)
    system_delay                             0x08007ee1   Thumb Code    70  zf_driver_delay.o(i.system_delay)
    timer_clear                              0x08007f31   Thumb Code   136  zf_driver_timer.o(i.timer_clear)
    timer_clock_enable                       0x08007fd5   Thumb Code   134  zf_driver_timer.o(i.timer_clock_enable)
    timer_etr_init                           0x08008061   Thumb Code   172  zf_driver_timer.o(i.timer_etr_init)
    timer_funciton_check                     0x08008155   Thumb Code    32  zf_driver_timer.o(i.timer_funciton_check)
    timer_get                                0x08008179   Thumb Code    84  zf_driver_timer.o(i.timer_get)
    tsl1401_collect_pit_handler              0x080081ed   Thumb Code   190  zf_device_tsl1401.o(i.tsl1401_collect_pit_handler)
    uart_init                                0x080082c5   Thumb Code   494  zf_driver_uart.o(i.uart_init)
    uart_query_byte                          0x080084f1   Thumb Code    56  zf_driver_uart.o(i.uart_query_byte)
    uart_rx_interrupt                        0x08008559   Thumb Code    98  zf_driver_uart.o(i.uart_rx_interrupt)
    uart_write_buffer                        0x080085c9   Thumb Code    66  zf_driver_uart.o(i.uart_write_buffer)
    uart_write_byte                          0x0800863d   Thumb Code    28  zf_driver_uart.o(i.uart_write_byte)
    uart_write_string                        0x0800865d   Thumb Code    44  zf_driver_uart.o(i.uart_write_string)
    uint8_limit                              0x080086b5   Thumb Code    22  calculation.o(i.uint8_limit)
    ascii_font_8x16                          0x08008778   Data        1520  zf_common_font.o(.constdata)
    ascii_font_6x8                           0x08008d68   Data         552  zf_common_font.o(.constdata)
    chinese_test                             0x08008f90   Data         128  zf_common_font.o(.constdata)
    oled_16x16_chinese                       0x08009010   Data         128  zf_common_font.o(.constdata)
    gImage_seekfree_logo                     0x08009090   Data       38400  zf_common_font.o(.constdata)
    Region$$Table$$Base                      0x08012694   Number         0  anon$$obj.o(Region$$Table)
    Region$$Table$$Limit                     0x080126b4   Number         0  anon$$obj.o(Region$$Table)
    g_sys_tick                               0x2000000c   Data           4  isr.o(.data)
    current_index                            0x20000014   Data           4  mymenu.o(.data)
    state                                    0x20000018   Data           1  mymenu.o(.data)
    threshold                                0x20000019   Data           1  mymenu.o(.data)
    pwm                                      0x2000001c   Data           4  mymenu.o(.data)
    Kp                                       0x20000034   Data           4  motor.o(.data)
    Ki                                       0x20000038   Data           4  motor.o(.data)
    Kd                                       0x2000003c   Data           4  motor.o(.data)
    motor_speedl                             0x20000040   Data           4  motor.o(.data)
    motor_speedr                             0x20000044   Data           4  motor.o(.data)
    encoder_diffl                            0x20000048   Data           4  motor.o(.data)
    encoder_diffr                            0x2000004c   Data           4  motor.o(.data)
    real_speedl                              0x20000050   Data           4  motor.o(.data)
    real_speedr                              0x20000054   Data           4  motor.o(.data)
    target_speedl                            0x20000058   Data           4  motor.o(.data)
    target_speedr                            0x2000005c   Data           4  motor.o(.data)
    base_speed                               0x20000060   Data           4  motor.o(.data)
    Kp_steer                                 0x20000064   Data           4  motor.o(.data)
    Kd_steer                                 0x20000068   Data           4  motor.o(.data)
    base_point_left                          0x20000084   Data           1  image.o(.data)
    base_point_right                         0x20000085   Data           1  image.o(.data)
    search_end_line                          0x20000086   Data           1  image.o(.data)
    left_search_right_range                  0x20000087   Data           1  image.o(.data)
    left_search_left_range                   0x20000088   Data           1  image.o(.data)
    right_search_left_range                  0x20000089   Data           1  image.o(.data)
    right_search_right_range                 0x2000008a   Data           1  image.o(.data)
    system_clock                             0x2000008c   Data           4  zf_common_clock.o(.data)
    gpio_group                               0x200000b4   Data          32  zf_driver_gpio.o(.data)
    camera_receiver_buffer                   0x2000011c   Data           8  zf_device_camera.o(.data)
    camera_send_image_frame_header           0x20000124   Data           4  zf_device_camera.o(.data)
    gps_tau1201_flag                         0x20000132   Data           1  zf_device_gps_tau1201.o(.data)
    gps_gga_state                            0x20000134   Data           1  zf_device_gps_tau1201.o(.data)
    gps_rmc_state                            0x20000135   Data           1  zf_device_gps_tau1201.o(.data)
    mt9v03x_finish_flag                      0x2000014c   Data           1  zf_device_mt9v03x.o(.data)
    tsl1401_finish_flag                      0x2000019d   Data           1  zf_device_tsl1401.o(.data)
    camera_type                              0x200001a0   Data           1  zf_device_type.o(.data)
    camera_uart_handler                      0x200001a4   Data           4  zf_device_type.o(.data)
    camera_vsync_handler                     0x200001a8   Data           4  zf_device_type.o(.data)
    camera_dma_handler                       0x200001ac   Data           4  zf_device_type.o(.data)
    wireless_type                            0x200001b0   Data           1  zf_device_type.o(.data)
    wireless_module_uart_handler             0x200001b4   Data           4  zf_device_type.o(.data)
    __stdout                                 0x200001b8   Data           4  stdout.o(.data)
    head                                     0x20000cac   Data          28  mymenu.o(.bss)
    base_image                               0x20000cc8   Data       22560  image.o(.bss)
    twovalues_image                          0x200064e8   Data       22560  image.o(.bss)
    left_line                                0x2000bd08   Data         120  image.o(.bss)
    right_line                               0x2000bd80   Data         120  image.o(.bss)
    mid_line                                 0x2000bdf8   Data         120  image.o(.bss)
    camera_receiver_fifo                     0x2000be84   Data          24  zf_device_camera.o(.bss)
    gps_tau1201                              0x2000bea0   Data          64  zf_device_gps_tau1201.o(.bss)
    mt9v03x_image                            0x2000c088   Data       22560  zf_device_mt9v03x.o(.bss)
    tsl1401_data                             0x200118a8   Data         512  zf_device_tsl1401.o(.bss)
    h_blank                                  0x20011aa8   Data           4  zf_device_config.o(.bss.h_blank)
    image                                    0x20011aac   Data          20  zf_device_config.o(.bss.image)
    v_blank                                  0x20011ad0   Data           4  zf_device_config.o(.bss.v_blank)
    Image$$ARM_LIB_STACK$$ZI$$Limit          0x20020000   Number         0  anon$$obj.o ABSOLUTE



==============================================================================

Memory Map of the image

  Image Entry point : 0x08000401

  Load Region LR_m_text (Base: 0x08000000, Size: 0x00012870, Max: 0x08080000, ABSOLUTE, COMPRESSED[0x00012778])

    Execution Region VECTOR_ROM (Exec base: 0x08000000, Load base: 0x08000000, Size: 0x00000190, Max: 0x00000400, ABSOLUTE)

    Exec Addr    Load Addr    Size         Type   Attr      Idx    E Section Name        Object

    0x08000000   0x08000000   0x00000190   Data   RO         4487    RESET               startup_mm32f3277g.o


    Execution Region ER_m_text (Exec base: 0x08000400, Load base: 0x08000400, Size: 0x000122b4, Max: 0x0807fc00, ABSOLUTE, FIXED)

    Exec Addr    Load Addr    Size         Type   Attr      Idx    E Section Name        Object

    0x08000400   0x08000400   0x00000000   Code   RO         7247  * .ARM.Collect$$$$00000000  mc_w.l(entry.o)
    0x08000400   0x08000400   0x00000004   Code   RO         7614    .ARM.Collect$$$$00000003  mc_w.l(entry4.o)
    0x08000404   0x08000404   0x00000004   Code   RO         7617    .ARM.Collect$$$$00000004  mc_w.l(entry5.o)
    0x08000408   0x08000408   0x00000000   Code   RO         7619    .ARM.Collect$$$$00000008  mc_w.l(entry7b.o)
    0x08000408   0x08000408   0x00000000   Code   RO         7621    .ARM.Collect$$$$0000000A  mc_w.l(entry8b.o)
    0x08000408   0x08000408   0x00000008   Code   RO         7622    .ARM.Collect$$$$0000000B  mc_w.l(entry9a.o)
    0x08000410   0x08000410   0x00000004   Code   RO         7629    .ARM.Collect$$$$0000000E  mc_w.l(entry12b.o)
    0x08000414   0x08000414   0x00000000   Code   RO         7624    .ARM.Collect$$$$0000000F  mc_w.l(entry10a.o)
    0x08000414   0x08000414   0x00000000   Code   RO         7626    .ARM.Collect$$$$00000011  mc_w.l(entry11a.o)
    0x08000414   0x08000414   0x00000004   Code   RO         7615    .ARM.Collect$$$$00002714  mc_w.l(entry4.o)
    0x08000418   0x08000418   0x00000024   Code   RO         4488    .text               startup_mm32f3277g.o
    0x0800043c   0x0800043c   0x00000024   Code   RO         7250    .text               mc_w.l(memcpya.o)
    0x08000460   0x08000460   0x00000024   Code   RO         7252    .text               mc_w.l(memseta.o)
    0x08000484   0x08000484   0x0000000e   Code   RO         7260    .text               mc_w.l(strlen.o)
    0x08000492   0x08000492   0x0000001e   Code   RO         7264    .text               mc_w.l(strncmp.o)
    0x080004b0   0x080004b0   0x000000b0   Code   RO         7531    .text               mf_w.l(fadd.o)
    0x08000560   0x08000560   0x00000064   Code   RO         7533    .text               mf_w.l(fmul.o)
    0x080005c4   0x080005c4   0x0000007c   Code   RO         7535    .text               mf_w.l(fdiv.o)
    0x08000640   0x08000640   0x0000014e   Code   RO         7537    .text               mf_w.l(dadd.o)
    0x0800078e   0x0800078e   0x000000e4   Code   RO         7539    .text               mf_w.l(dmul.o)
    0x08000872   0x08000872   0x000000de   Code   RO         7541    .text               mf_w.l(ddiv.o)
    0x08000950   0x08000950   0x00000012   Code   RO         7543    .text               mf_w.l(fflti.o)
    0x08000962   0x08000962   0x0000000a   Code   RO         7545    .text               mf_w.l(ffltui.o)
    0x0800096c   0x0800096c   0x00000032   Code   RO         7551    .text               mf_w.l(ffixi.o)
    0x0800099e   0x0800099e   0x00000028   Code   RO         7553    .text               mf_w.l(ffixui.o)
    0x080009c6   0x080009c6   0x00000032   Code   RO         7557    .text               mf_w.l(dfixui.o)
    0x080009f8   0x080009f8   0x00000026   Code   RO         7559    .text               mf_w.l(f2d.o)
    0x08000a1e   0x08000a1e   0x00000002   PAD
    0x08000a20   0x08000a20   0x00000030   Code   RO         7561    .text               mf_w.l(cdcmple.o)
    0x08000a50   0x08000a50   0x00000030   Code   RO         7563    .text               mf_w.l(cdrcmple.o)
    0x08000a80   0x08000a80   0x00000038   Code   RO         7565    .text               mf_w.l(d2f.o)
    0x08000ab8   0x08000ab8   0x00000014   Code   RO         7567    .text               mf_w.l(cfcmple.o)
    0x08000acc   0x08000acc   0x00000014   Code   RO         7569    .text               mf_w.l(cfrcmple.o)
    0x08000ae0   0x08000ae0   0x0000002c   Code   RO         7631    .text               mc_w.l(uidiv.o)
    0x08000b0c   0x08000b0c   0x00000062   Code   RO         7633    .text               mc_w.l(uldiv.o)
    0x08000b6e   0x08000b6e   0x0000001e   Code   RO         7635    .text               mc_w.l(llshl.o)
    0x08000b8c   0x08000b8c   0x00000020   Code   RO         7637    .text               mc_w.l(llushr.o)
    0x08000bac   0x08000bac   0x00000024   Code   RO         7639    .text               mc_w.l(llsshr.o)
    0x08000bd0   0x08000bd0   0x00000000   Code   RO         7648    .text               mc_w.l(iusefp.o)
    0x08000bd0   0x08000bd0   0x0000006e   Code   RO         7649    .text               mf_w.l(fepilogue.o)
    0x08000c3e   0x08000c3e   0x000000ba   Code   RO         7651    .text               mf_w.l(depilogue.o)
    0x08000cf8   0x08000cf8   0x00000030   Code   RO         7657    .text               mf_w.l(dfixul.o)
    0x08000d28   0x08000d28   0x00000024   Code   RO         7659    .text               mc_w.l(init.o)
    0x08000d4c   0x08000d4c   0x00000056   Code   RO         7669    .text               mc_w.l(__dczerorl2.o)
    0x08000da2   0x08000da2   0x00000002   PAD
    0x08000da4   0x08000da4   0x0000003c   Code   RO         7176    .text.mt9v03x_read_word_sccb  zf_device_config.lib(zf_device_config.o)
    0x08000de0   0x08000de0   0x000009c2   Code   RO         7172    .text.mt9v03x_set_config_sccb  zf_device_config.lib(zf_device_config.o)
    0x080017a2   0x080017a2   0x00000002   PAD
    0x080017a4   0x080017a4   0x00000096   Code   RO         7180    .text.mt9v03x_set_exposure_time_sccb  zf_device_config.lib(zf_device_config.o)
    0x0800183a   0x0800183a   0x00000002   PAD
    0x0800183c   0x0800183c   0x0000001e   Code   RO         7182    .text.mt9v03x_set_reg_sccb  zf_device_config.lib(zf_device_config.o)
    0x0800185a   0x0800185a   0x00000002   PAD
    0x0800185c   0x0800185c   0x00000032   Code   RO         7174    .text.mt9v03x_write_word_sccb  zf_device_config.lib(zf_device_config.o)
    0x0800188e   0x0800188e   0x00000002   PAD
    0x08001890   0x08001890   0x0000001c   Code   RO          344    i.DMA1_Channel1_IRQHandler  isr.o
    0x080018ac   0x080018ac   0x0000001c   Code   RO          345    i.DMA1_Channel2_IRQHandler  isr.o
    0x080018c8   0x080018c8   0x0000001c   Code   RO          346    i.DMA1_Channel3_IRQHandler  isr.o
    0x080018e4   0x080018e4   0x00000028   Code   RO          347    i.DMA1_Channel4_IRQHandler  isr.o
    0x0800190c   0x0800190c   0x0000001c   Code   RO          348    i.DMA1_Channel5_IRQHandler  isr.o
    0x08001928   0x08001928   0x0000001c   Code   RO          349    i.DMA1_Channel6_IRQHandler  isr.o
    0x08001944   0x08001944   0x0000001c   Code   RO          350    i.DMA1_Channel7_IRQHandler  isr.o
    0x08001960   0x08001960   0x00000020   Code   RO          351    i.DMA2_Channel1_IRQHandler  isr.o
    0x08001980   0x08001980   0x00000020   Code   RO          352    i.DMA2_Channel2_IRQHandler  isr.o
    0x080019a0   0x080019a0   0x00000020   Code   RO          353    i.DMA2_Channel3_IRQHandler  isr.o
    0x080019c0   0x080019c0   0x00000020   Code   RO          354    i.DMA2_Channel4_IRQHandler  isr.o
    0x080019e0   0x080019e0   0x00000020   Code   RO          355    i.DMA2_Channel5_IRQHandler  isr.o
    0x08001a00   0x08001a00   0x00000014   Code   RO          356    i.EXTI0_IRQHandler  isr.o
    0x08001a14   0x08001a14   0x00000094   Code   RO          357    i.EXTI15_10_IRQHandler  isr.o
    0x08001aa8   0x08001aa8   0x00000014   Code   RO          358    i.EXTI1_IRQHandler  isr.o
    0x08001abc   0x08001abc   0x00000014   Code   RO          359    i.EXTI2_IRQHandler  isr.o
    0x08001ad0   0x08001ad0   0x00000014   Code   RO          360    i.EXTI3_IRQHandler  isr.o
    0x08001ae4   0x08001ae4   0x00000014   Code   RO          361    i.EXTI4_IRQHandler  isr.o
    0x08001af8   0x08001af8   0x00000080   Code   RO          362    i.EXTI9_5_IRQHandler  isr.o
    0x08001b78   0x08001b78   0x000001a0   Code   RO          623    i.Init_menu         mymenu.o
    0x08001d18   0x08001d18   0x00000048   Code   RO          624    i.Show_array        mymenu.o
    0x08001d60   0x08001d60   0x00000034   Code   RO          625    i.Show_menu         mymenu.o
    0x08001d94   0x08001d94   0x000000ec   Code   RO          626    i.Show_txt          mymenu.o
    0x08001e80   0x08001e80   0x00000010   Code   RO         4466    i.SystemInit        system_mm32f3277g.o
    0x08001e90   0x08001e90   0x00000014   Code   RO          363    i.TIM1_UP_IRQHandler  isr.o
    0x08001ea4   0x08001ea4   0x00000016   Code   RO          364    i.TIM2_IRQHandler   isr.o
    0x08001eba   0x08001eba   0x00000002   PAD
    0x08001ebc   0x08001ebc   0x00000014   Code   RO          365    i.TIM3_IRQHandler   isr.o
    0x08001ed0   0x08001ed0   0x00000014   Code   RO          366    i.TIM4_IRQHandler   isr.o
    0x08001ee4   0x08001ee4   0x00000014   Code   RO          367    i.TIM5_IRQHandler   isr.o
    0x08001ef8   0x08001ef8   0x00000094   Code   RO          368    i.TIM6_IRQHandler   isr.o
    0x08001f8c   0x08001f8c   0x00000014   Code   RO          369    i.TIM7_IRQHandler   isr.o
    0x08001fa0   0x08001fa0   0x0000001c   Code   RO          370    i.TIM8_UP_IRQHandler  isr.o
    0x08001fbc   0x08001fbc   0x0000003c   Code   RO          371    i.UART1_IRQHandler  isr.o
    0x08001ff8   0x08001ff8   0x00000040   Code   RO          372    i.UART2_IRQHandler  isr.o
    0x08002038   0x08002038   0x0000003c   Code   RO          373    i.UART3_IRQHandler  isr.o
    0x08002074   0x08002074   0x0000003c   Code   RO          374    i.UART4_IRQHandler  isr.o
    0x080020b0   0x080020b0   0x00000034   Code   RO          375    i.UART5_IRQHandler  isr.o
    0x080020e4   0x080020e4   0x00000048   Code   RO          376    i.UART6_IRQHandler  isr.o
    0x0800212c   0x0800212c   0x0000003c   Code   RO          377    i.UART7_IRQHandler  isr.o
    0x08002168   0x08002168   0x00000048   Code   RO          378    i.UART8_IRQHandler  isr.o
    0x080021b0   0x080021b0   0x00000020   Code   RO         7503    i.__0printf         mc_w.l(printfa.o)
    0x080021d0   0x080021d0   0x00000028   Code   RO         7505    i.__0sprintf        mc_w.l(printfa.o)
    0x080021f8   0x080021f8   0x0000000e   Code   RO         7663    i.__scatterload_copy  mc_w.l(handlers.o)
    0x08002206   0x08002206   0x00000002   Code   RO         7664    i.__scatterload_null  mc_w.l(handlers.o)
    0x08002208   0x08002208   0x0000000e   Code   RO         7665    i.__scatterload_zeroinit  mc_w.l(handlers.o)
    0x08002216   0x08002216   0x00000002   PAD
    0x08002218   0x08002218   0x00000184   Code   RO         7510    i._fp_digits        mc_w.l(printfa.o)
    0x0800239c   0x0800239c   0x000006b4   Code   RO         7511    i._printf_core      mc_w.l(printfa.o)
    0x08002a50   0x08002a50   0x00000024   Code   RO         7512    i._printf_post_padding  mc_w.l(printfa.o)
    0x08002a74   0x08002a74   0x0000002e   Code   RO         7513    i._printf_pre_padding  mc_w.l(printfa.o)
    0x08002aa2   0x08002aa2   0x0000000a   Code   RO         7515    i._sputc            mc_w.l(printfa.o)
    0x08002aac   0x08002aac   0x0000006c   Code   RO         1282    i.adc_convert       zf_driver_adc.o
    0x08002b18   0x08002b18   0x000000e8   Code   RO         1542    i.afio_init         zf_driver_gpio.o
    0x08002c00   0x08002c00   0x00000018   Code   RO          627    i.array_down        mymenu.o
    0x08002c18   0x08002c18   0x00000018   Code   RO          628    i.array_up          mymenu.o
    0x08002c30   0x08002c30   0x00000020   Code   RO          629    i.back_folder       mymenu.o
    0x08002c50   0x08002c50   0x00000018   Code   RO         2613    i.camera_fifo_init  zf_device_camera.o
    0x08002c68   0x08002c68   0x000000bc   Code   RO         2614    i.camera_init       zf_device_camera.o
    0x08002d24   0x08002d24   0x0000001c   Code   RO          916    i.clock_init        zf_common_clock.o
    0x08002d40   0x08002d40   0x00000084   Code   RO          917    i.clock_reset       zf_common_clock.o
    0x08002dc4   0x08002dc4   0x000001d0   Code   RO          918    i.clock_set_freq    zf_common_clock.o
    0x08002f94   0x08002f94   0x0000001a   Code   RO          575    i.create_menu_folder  menu.o
    0x08002fae   0x08002fae   0x00000048   Code   RO          576    i.create_menu_item  menu.o
    0x08002ff6   0x08002ff6   0x00000024   Code   RO          577    i.create_menu_txt   menu.o
    0x0800301a   0x0800301a   0x00000002   PAD
    0x0800301c   0x0800301c   0x00000060   Code   RO          958    i.debug_assert_handler  zf_common_debug.o
    0x0800307c   0x0800307c   0x00000032   Code   RO          959    i.debug_delay       zf_common_debug.o
    0x080030ae   0x080030ae   0x00000002   PAD
    0x080030b0   0x080030b0   0x0000002c   Code   RO          960    i.debug_init        zf_common_debug.o
    0x080030dc   0x080030dc   0x0000003c   Code   RO          961    i.debug_log_handler  zf_common_debug.o
    0x08003118   0x08003118   0x00000318   Code   RO          962    i.debug_output      zf_common_debug.o
    0x08003430   0x08003430   0x00000034   Code   RO          963    i.debug_output_init  zf_common_debug.o
    0x08003464   0x08003464   0x0000001c   Code   RO          964    i.debug_output_struct_init  zf_common_debug.o
    0x08003480   0x08003480   0x00000088   Code   RO          965    i.debug_protective_handler  zf_common_debug.o
    0x08003508   0x08003508   0x0000000e   Code   RO          966    i.debug_uart_str_output  zf_common_debug.o
    0x08003516   0x08003516   0x00000002   PAD
    0x08003518   0x08003518   0x00000038   Code   RO         2759    i.dm1xa_light_callback  zf_device_dm1xa.o
    0x08003550   0x08003550   0x000000d0   Code   RO         2761    i.dm1xa_sound_callback  zf_device_dm1xa.o
    0x08003620   0x08003620   0x00000130   Code   RO         1349    i.dma_camera_init   zf_driver_dma.o
    0x08003750   0x08003750   0x00000038   Code   RO         1350    i.dma_disable       zf_driver_dma.o
    0x08003788   0x08003788   0x00000038   Code   RO         1351    i.dma_enable        zf_driver_dma.o
    0x080037c0   0x080037c0   0x00000020   Code   RO         1352    i.dma_set_count     zf_driver_dma.o
    0x080037e0   0x080037e0   0x00000058   Code   RO          837    i.draw_boundary     image.o
    0x08003838   0x08003838   0x00000040   Code   RO          578    i.dynamic_create_menu_folder  menu.o
    0x08003878   0x08003878   0x0000003c   Code   RO          579    i.dynamic_create_menu_txt  menu.o
    0x080038b4   0x080038b4   0x00000084   Code   RO         1396    i.encoder_clear_count  zf_driver_encoder.o
    0x08003938   0x08003938   0x00000090   Code   RO         1398    i.encoder_get_count  zf_driver_encoder.o
    0x080039c8   0x080039c8   0x0000011c   Code   RO         1399    i.encoder_quad_init  zf_driver_encoder.o
    0x08003ae4   0x08003ae4   0x00000024   Code   RO          630    i.enter_editting    mymenu.o
    0x08003b08   0x08003b08   0x00000028   Code   RO          631    i.enter_folder      mymenu.o
    0x08003b30   0x08003b30   0x00000218   Code   RO         1442    i.exti_init         zf_driver_exti.o
    0x08003d48   0x08003d48   0x000000a8   Code   RO         1049    i.fifo_clear        zf_common_fifo.o
    0x08003df0   0x08003df0   0x0000001a   Code   RO         1050    i.fifo_end_offset   zf_common_fifo.o
    0x08003e0a   0x08003e0a   0x0000001a   Code   RO         1051    i.fifo_head_offset  zf_common_fifo.o
    0x08003e24   0x08003e24   0x00000074   Code   RO         1052    i.fifo_init         zf_common_fifo.o
    0x08003e98   0x08003e98   0x00000198   Code   RO         1053    i.fifo_read_buffer  zf_common_fifo.o
    0x08004030   0x08004030   0x0000004c   Code   RO         1056    i.fifo_used         zf_common_fifo.o
    0x0800407c   0x0800407c   0x000001a8   Code   RO         1057    i.fifo_write_buffer  zf_common_fifo.o
    0x08004224   0x08004224   0x000000b0   Code   RO         1058    i.fifo_write_element  zf_common_fifo.o
    0x080042d4   0x080042d4   0x0000031c   Code   RO          838    i.find_base_point   image.o
    0x080045f0   0x080045f0   0x000002f8   Code   RO          839    i.find_boundary     image.o
    0x080048e8   0x080048e8   0x00000012   Code   RO          968    i.fputc             zf_common_debug.o
    0x080048fa   0x080048fa   0x00000002   PAD
    0x080048fc   0x080048fc   0x0000019c   Code   RO         1126    i.func_float_to_str  zf_common_function.o
    0x08004a98   0x08004a98   0x00000014   Code   RO         1127    i.func_get_greatest_common_divisor  zf_common_function.o
    0x08004aac   0x08004aac   0x000000b8   Code   RO         1129    i.func_int_to_str   zf_common_function.o
    0x08004b64   0x08004b64   0x0000007c   Code   RO          771    i.get_motor_speed   motor.o
    0x08004be0   0x08004be0   0x00000024   Code   RO         1543    i.gpio_get_level    zf_driver_gpio.o
    0x08004c04   0x08004c04   0x00000124   Code   RO         1544    i.gpio_init         zf_driver_gpio.o
    0x08004d28   0x08004d28   0x00000048   Code   RO         1546    i.gpio_set_level    zf_driver_gpio.o
    0x08004d70   0x08004d70   0x000000d4   Code   RO         2815    i.gps_uart_callback  zf_device_gps_tau1201.o
    0x08004e44   0x08004e44   0x0000001c   Code   RO          772    i.init_encoder      motor.o
    0x08004e60   0x08004e60   0x00000044   Code   RO         1222    i.interrupt_disable  zf_common_interrupt.o
    0x08004ea4   0x08004ea4   0x00000028   Code   RO         1223    i.interrupt_enable  zf_common_interrupt.o
    0x08004ecc   0x08004ecc   0x0000001c   Code   RO         1224    i.interrupt_global_disable  zf_common_interrupt.o
    0x08004ee8   0x08004ee8   0x00000028   Code   RO         1226    i.interrupt_init    zf_common_interrupt.o
    0x08004f10   0x08004f10   0x00000034   Code   RO         1227    i.interrupt_set_priority  zf_common_interrupt.o
    0x08004f44   0x08004f44   0x00000088   Code   RO         3296    i.ips200_clear      zf_device_ips200.o
    0x08004fcc   0x08004fcc   0x00000078   Code   RO         3297    i.ips200_debug_init  zf_device_ips200.o
    0x08005044   0x08005044   0x000000bc   Code   RO         3299    i.ips200_draw_point  zf_device_ips200.o
    0x08005100   0x08005100   0x000003d0   Code   RO         3301    i.ips200_init       zf_device_ips200.o
    0x080054d0   0x080054d0   0x00000014   Code   RO         3302    i.ips200_set_color  zf_device_ips200.o
    0x080054e4   0x080054e4   0x0000004c   Code   RO         3303    i.ips200_set_dir    zf_device_ips200.o
    0x08005530   0x08005530   0x000000d4   Code   RO         3305    i.ips200_set_region  zf_device_ips200.o
    0x08005604   0x08005604   0x000001c8   Code   RO         3307    i.ips200_show_char  zf_device_ips200.o
    0x080057cc   0x080057cc   0x0000014c   Code   RO         3309    i.ips200_show_float  zf_device_ips200.o
    0x08005918   0x08005918   0x00000164   Code   RO         3310    i.ips200_show_gray_image  zf_device_ips200.o
    0x08005a7c   0x08005a7c   0x000000ec   Code   RO         3311    i.ips200_show_int   zf_device_ips200.o
    0x08005b68   0x08005b68   0x000000c4   Code   RO         3313    i.ips200_show_string  zf_device_ips200.o
    0x08005c2c   0x08005c2c   0x0000009c   Code   RO         3316    i.ips200_write_16bit_data  zf_device_ips200.o
    0x08005cc8   0x08005cc8   0x00000078   Code   RO         3317    i.ips200_write_8bit_data  zf_device_ips200.o
    0x08005d40   0x08005d40   0x000000b8   Code   RO         3318    i.ips200_write_command  zf_device_ips200.o
    0x08005df8   0x08005df8   0x000000a8   Code   RO          632    i.key_1             mymenu.o
    0x08005ea0   0x08005ea0   0x000000a8   Code   RO          633    i.key_2             mymenu.o
    0x08005f48   0x08005f48   0x00000024   Code   RO          634    i.key_3             mymenu.o
    0x08005f6c   0x08005f6c   0x00000020   Code   RO          635    i.key_3_double      mymenu.o
    0x08005f8c   0x08005f8c   0x00000038   Code   RO          636    i.key_4_double      mymenu.o
    0x08005fc4   0x08005fc4   0x0000000c   Code   RO         3450    i.key_clear_state   zf_device_key.o
    0x08005fd0   0x08005fd0   0x0000000c   Code   RO         3451    i.key_get_state     zf_device_key.o
    0x08005fdc   0x08005fdc   0x000001c8   Code   RO          739    i.key_handle        key.o
    0x080061a4   0x080061a4   0x00000078   Code   RO         3452    i.key_init          zf_device_key.o
    0x0800621c   0x0800621c   0x0000008c   Code   RO         3453    i.key_scanner       zf_device_key.o
    0x080062a8   0x080062a8   0x0000004c   Code   RO          740    i.key_state_reset   key.o
    0x080062f4   0x080062f4   0x000002c0   Code   RO            6    i.main              main.o
    0x080065b4   0x080065b4   0x0000003c   Code   RO          773    i.motor_init        motor.o
    0x080065f0   0x080065f0   0x00000034   Code   RO          774    i.motor_pid_reset   motor.o
    0x08006624   0x08006624   0x000001bc   Code   RO          775    i.motor_pid_speedcontrol  motor.o
    0x080067e0   0x080067e0   0x0000005c   Code   RO          776    i.motorl_set_pwm    motor.o
    0x0800683c   0x0800683c   0x0000005c   Code   RO          777    i.motorr_set_pwm    motor.o
    0x08006898   0x08006898   0x00000014   Code   RO         3561    i.mt9v03x_dma_handler  zf_device_mt9v03x.o
    0x080068ac   0x080068ac   0x000000d8   Code   RO         3562    i.mt9v03x_get_config  zf_device_mt9v03x.o
    0x08006984   0x08006984   0x00000078   Code   RO         3563    i.mt9v03x_get_version  zf_device_mt9v03x.o
    0x080069fc   0x080069fc   0x0000018c   Code   RO         3564    i.mt9v03x_init      zf_device_mt9v03x.o
    0x08006b88   0x08006b88   0x000000bc   Code   RO         3565    i.mt9v03x_set_config  zf_device_mt9v03x.o
    0x08006c44   0x08006c44   0x000000c4   Code   RO         3566    i.mt9v03x_set_exposure_time  zf_device_mt9v03x.o
    0x08006d08   0x08006d08   0x000000f8   Code   RO         3567    i.mt9v03x_set_reg   zf_device_mt9v03x.o
    0x08006e00   0x08006e00   0x0000002c   Code   RO         3568    i.mt9v03x_uart_handler  zf_device_mt9v03x.o
    0x08006e2c   0x08006e2c   0x00000030   Code   RO         3569    i.mt9v03x_vsync_handler  zf_device_mt9v03x.o
    0x08006e5c   0x08006e5c   0x00000104   Code   RO         1755    i.pit_init          zf_driver_pit.o
    0x08006f60   0x08006f60   0x000001f0   Code   RO         1789    i.pwm_init          zf_driver_pwm.o
    0x08007150   0x08007150   0x000000fc   Code   RO         1790    i.pwm_set_duty      zf_driver_pwm.o
    0x0800724c   0x0800724c   0x00000040   Code   RO         4149    i.set_camera_type   zf_device_type.o
    0x0800728c   0x0800728c   0x00000060   Code   RO          841    i.set_image_twovalues  image.o
    0x080072ec   0x080072ec   0x00000090   Code   RO         1904    i.soft_iic_init     zf_driver_soft_iic.o
    0x0800737c   0x0800737c   0x0000015c   Code   RO         1913    i.soft_iic_read_data  zf_driver_soft_iic.o
    0x080074d8   0x080074d8   0x00000098   Code   RO         1914    i.soft_iic_sccb_read_register  zf_driver_soft_iic.o
    0x08007570   0x08007570   0x00000078   Code   RO         1915    i.soft_iic_sccb_write_register  zf_driver_soft_iic.o
    0x080075e8   0x080075e8   0x00000144   Code   RO         1916    i.soft_iic_send_ack  zf_driver_soft_iic.o
    0x0800772c   0x0800772c   0x00000118   Code   RO         1917    i.soft_iic_send_data  zf_driver_soft_iic.o
    0x08007844   0x08007844   0x000000f4   Code   RO         1918    i.soft_iic_start    zf_driver_soft_iic.o
    0x08007938   0x08007938   0x00000100   Code   RO         1919    i.soft_iic_stop     zf_driver_soft_iic.o
    0x08007a38   0x08007a38   0x00000110   Code   RO         1922    i.soft_iic_wait_ack  zf_driver_soft_iic.o
    0x08007b48   0x08007b48   0x000002c4   Code   RO         2220    i.spi_init          zf_driver_spi.o
    0x08007e0c   0x08007e0c   0x00000078   Code   RO         2231    i.spi_write_16bit   zf_driver_spi.o
    0x08007e84   0x08007e84   0x0000005c   Code   RO         2235    i.spi_write_8bit    zf_driver_spi.o
    0x08007ee0   0x08007ee0   0x00000050   Code   RO         1325    i.system_delay      zf_driver_delay.o
    0x08007f30   0x08007f30   0x000000a4   Code   RO         2354    i.timer_clear       zf_driver_timer.o
    0x08007fd4   0x08007fd4   0x0000008c   Code   RO         2355    i.timer_clock_enable  zf_driver_timer.o
    0x08008060   0x08008060   0x000000f4   Code   RO         2356    i.timer_etr_init    zf_driver_timer.o
    0x08008154   0x08008154   0x00000024   Code   RO         2357    i.timer_funciton_check  zf_driver_timer.o
    0x08008178   0x08008178   0x00000074   Code   RO         2358    i.timer_get         zf_driver_timer.o
    0x080081ec   0x080081ec   0x000000d4   Code   RO         4109    i.tsl1401_collect_pit_handler  zf_device_tsl1401.o
    0x080082c0   0x080082c0   0x00000002   Code   RO         4151    i.type_default_callback  zf_device_type.o
    0x080082c2   0x080082c2   0x00000002   PAD
    0x080082c4   0x080082c4   0x0000022c   Code   RO         2422    i.uart_init         zf_driver_uart.o
    0x080084f0   0x080084f0   0x00000068   Code   RO         2423    i.uart_query_byte   zf_driver_uart.o
    0x08008558   0x08008558   0x00000070   Code   RO         2425    i.uart_rx_interrupt  zf_driver_uart.o
    0x080085c8   0x080085c8   0x00000074   Code   RO         2427    i.uart_write_buffer  zf_driver_uart.o
    0x0800863c   0x0800863c   0x00000020   Code   RO         2428    i.uart_write_byte   zf_driver_uart.o
    0x0800865c   0x0800865c   0x00000058   Code   RO         2429    i.uart_write_string  zf_driver_uart.o
    0x080086b4   0x080086b4   0x00000016   Code   RO          892    i.uint8_limit       calculation.o
    0x080086ca   0x080086ca   0x00000002   PAD
    0x080086cc   0x080086cc   0x000000ac   Data   RO          970    .constdata          zf_common_debug.o
    0x08008778   0x08008778   0x00009f18   Data   RO         1113    .constdata          zf_common_font.o
    0x08012690   0x08012690   0x00000004   Data   RO         3455    .constdata          zf_device_key.o
    0x08012694   0x08012694   0x00000020   Data   RO         7661    Region$$Table       anon$$obj.o


    Execution Region RW_m_data (Exec base: 0x20000000, Load base: 0x080126b4, Size: 0x00011ad4, Max: 0x0001dc00, ABSOLUTE, COMPRESSED[0x000000c4])

    Exec Addr    Load Addr    Size         Type   Attr      Idx    E Section Name        Object

    0x20000000   COMPRESSED   0x0000000a   Data   RW            7    .data               main.o
    0x2000000a   COMPRESSED   0x00000002   PAD
    0x2000000c   COMPRESSED   0x00000004   Data   RW          379    .data               isr.o
    0x20000010   COMPRESSED   0x00000001   Data   RW          581    .data               menu.o
    0x20000011   COMPRESSED   0x00000003   PAD
    0x20000014   COMPRESSED   0x0000000c   Data   RW          638    .data               mymenu.o
    0x20000020   COMPRESSED   0x00000012   Data   RW          741    .data               key.o
    0x20000032   COMPRESSED   0x00000002   PAD
    0x20000034   COMPRESSED   0x00000050   Data   RW          778    .data               motor.o
    0x20000084   COMPRESSED   0x00000007   Data   RW          843    .data               image.o
    0x2000008b   COMPRESSED   0x00000001   PAD
    0x2000008c   COMPRESSED   0x00000004   Data   RW          919    .data               zf_common_clock.o
    0x20000090   COMPRESSED   0x00000003   Data   RW          971    .data               zf_common_debug.o
    0x20000093   COMPRESSED   0x00000001   PAD
    0x20000094   COMPRESSED   0x00000004   Data   RW         1228    .data               zf_common_interrupt.o
    0x20000098   COMPRESSED   0x0000000a   Data   RW         1285    .data               zf_driver_adc.o
    0x200000a2   COMPRESSED   0x00000002   PAD
    0x200000a4   COMPRESSED   0x00000008   Data   RW         1353    .data               zf_driver_dma.o
    0x200000ac   COMPRESSED   0x00000008   Data   RW         1400    .data               zf_driver_encoder.o
    0x200000b4   COMPRESSED   0x00000020   Data   RW         1548    .data               zf_driver_gpio.o
    0x200000d4   COMPRESSED   0x00000008   Data   RW         2239    .data               zf_driver_spi.o
    0x200000dc   COMPRESSED   0x00000010   Data   RW         2362    .data               zf_driver_timer.o
    0x200000ec   COMPRESSED   0x00000030   Data   RW         2430    .data               zf_driver_uart.o
    0x2000011c   COMPRESSED   0x0000000c   Data   RW         2617    .data               zf_device_camera.o
    0x20000128   COMPRESSED   0x0000000a   Data   RW         2763    .data               zf_device_dm1xa.o
    0x20000132   COMPRESSED   0x00000004   Data   RW         2818    .data               zf_device_gps_tau1201.o
    0x20000136   COMPRESSED   0x0000000e   Data   RW         3319    .data               zf_device_ips200.o
    0x20000144   COMPRESSED   0x00000008   Data   RW         3456    .data               zf_device_key.o
    0x2000014c   COMPRESSED   0x00000050   Data   RW         3571    .data               zf_device_mt9v03x.o
    0x2000019c   COMPRESSED   0x00000002   Data   RW         4113    .data               zf_device_tsl1401.o
    0x2000019e   COMPRESSED   0x00000002   PAD
    0x200001a0   COMPRESSED   0x00000018   Data   RW         4152    .data               zf_device_type.o
    0x200001b8   COMPRESSED   0x00000004   Data   RW         7630    .data               mc_w.l(stdout.o)
    0x200001bc        -       0x00000af0   Zero   RW          580    .bss                menu.o
    0x20000cac        -       0x0000001c   Zero   RW          637    .bss                mymenu.o
    0x20000cc8        -       0x0000b1a8   Zero   RW          842    .bss                image.o
    0x2000be70        -       0x00000014   Zero   RW          969    .bss                zf_common_debug.o
    0x2000be84        -       0x00000018   Zero   RW         2616    .bss                zf_device_camera.o
    0x2000be9c   COMPRESSED   0x00000004   PAD
    0x2000bea0        -       0x000001d8   Zero   RW         2817    .bss                zf_device_gps_tau1201.o
    0x2000c078        -       0x00000010   Zero   RW         3454    .bss                zf_device_key.o
    0x2000c088        -       0x00005820   Zero   RW         3570    .bss                zf_device_mt9v03x.o
    0x200118a8        -       0x00000200   Zero   RW         4112    .bss                zf_device_tsl1401.o
    0x20011aa8        -       0x00000004   Zero   RW         7185    .bss.h_blank        zf_device_config.lib(zf_device_config.o)
    0x20011aac        -       0x00000014   Zero   RW         7187    .bss.image          zf_device_config.lib(zf_device_config.o)
    0x20011ac0        -       0x00000010   Zero   RW         7186    .bss.mt9v03x_iic_inf_struct  zf_device_config.lib(zf_device_config.o)
    0x20011ad0        -       0x00000004   Zero   RW         7184    .bss.v_blank        zf_device_config.lib(zf_device_config.o)


    Execution Region ARM_LIB_HEAP (Exec base: 0x20011ad4, Load base: 0x08012778, Size: 0x00000400, Max: 0x00000400, ABSOLUTE)

    Exec Addr    Load Addr    Size         Type   Attr      Idx    E Section Name        Object

    0x20011ad4        -       0x00000400   Zero   RW            1    ARM_LIB_HEAP.bss    anon$$obj.o


    Execution Region ARM_LIB_STACK (Exec base: 0x2001e000, Load base: 0x08012778, Size: 0x00002000, Max: 0x00002000, ABSOLUTE)

    Exec Addr    Load Addr    Size         Type   Attr      Idx    E Section Name        Object

    0x2001e000        -       0x00002000   Zero   RW            2    ARM_LIB_STACK.bss   anon$$obj.o


==============================================================================

Image component sizes


      Code (inc. data)   RO Data    RW Data    ZI Data      Debug   Object Name

        22          0          0          0          0        614   calculation.o
      1740         86          0          7      45480       5172   image.o
      1542        202          0          4          0      16002   isr.o
       532         72          0         18          0       1715   key.o
       704        154          0         10          0     338776   main.o
       258         18          0          1       2800       4129   menu.o
       892        144          0         80          0       4365   motor.o
      1392        328          0         12         28       7281   mymenu.o
        36          8        400          0          0        816   startup_mm32f3277g.o
        16          6          0          0          0        481   system_mm32f3277g.o
       624         58          0          4          0       2064   zf_common_clock.o
      1290        164        172          3         20       7911   zf_common_debug.o
      1420        272          0          0          0       6261   zf_common_fifo.o
         0          0      40728          0          0       1014   zf_common_font.o
       616        104          0          0          0       2485   zf_common_function.o
       228         30          0          4          0      28355   zf_common_interrupt.o
       212         14          0         12         24       2438   zf_device_camera.o
       264         40          0         10          0       1450   zf_device_dm1xa.o
       212         36          0          4        472       3195   zf_device_gps_tau1201.o
      3764        592          0         14          0      12584   zf_device_ips200.o
       284         80          4          8         16       3031   zf_device_key.o
      1476        238          0         80      22560       9351   zf_device_mt9v03x.o
       212         22          0          2        512       1649   zf_device_tsl1401.o
        66         20          0         24          0       2303   zf_device_type.o
       108         10          0         10          0       1358   zf_driver_adc.o
        80         10          0          0          0        571   zf_driver_delay.o
       448         48          0          8          0       3761   zf_driver_dma.o
       560        142          0          8          0       3022   zf_driver_encoder.o
       536         28          0          0          0        916   zf_driver_exti.o
       632         24          0         32          0       5579   zf_driver_gpio.o
       260         98          0          0          0       1411   zf_driver_pit.o
       748        162          0          0          0       2330   zf_driver_pwm.o
      2140        466          0          0          0       7221   zf_driver_soft_iic.o
       920         72          0          8          0       3726   zf_driver_spi.o
       700        174          0         16          0       4143   zf_driver_timer.o
      1008        230          0         48          0       4980   zf_driver_uart.o

    ----------------------------------------------------------------------
     25956       4152      41336        440      81132     502460   Object Totals
         0          0         32          0       9216          0   (incl. Generated)
        14          0          0         13          4          0   (incl. Padding)

    ----------------------------------------------------------------------

      Code (inc. data)   RO Data    RW Data    ZI Data      Debug   Library Member Name

        86          0          0          0          0          0   __dczerorl2.o
         0          0          0          0          0          0   entry.o
         0          0          0          0          0          0   entry10a.o
         0          0          0          0          0          0   entry11a.o
         4          0          0          0          0          0   entry12b.o
         8          4          0          0          0          0   entry4.o
         4          0          0          0          0          0   entry5.o
         0          0          0          0          0          0   entry7b.o
         0          0          0          0          0          0   entry8b.o
         8          4          0          0          0          0   entry9a.o
        30          0          0          0          0          0   handlers.o
        36          8          0          0          0         68   init.o
         0          0          0          0          0          0   iusefp.o
        30          0          0          0          0         68   llshl.o
        36          0          0          0          0         68   llsshr.o
        32          0          0          0          0         68   llushr.o
        36          0          0          0          0         68   memcpya.o
        36          0          0          0          0        108   memseta.o
      2268         96          0          0          0        616   printfa.o
         0          0          0          4          0          0   stdout.o
        14          0          0          0          0         68   strlen.o
        30          0          0          0          0         80   strncmp.o
        44          0          0          0          0         80   uidiv.o
        98          0          0          0          0         92   uldiv.o
        48          0          0          0          0         68   cdcmple.o
        48          0          0          0          0         68   cdrcmple.o
        20          0          0          0          0         68   cfcmple.o
        20          0          0          0          0         68   cfrcmple.o
        56          0          0          0          0         88   d2f.o
       334          0          0          0          0        148   dadd.o
       222          0          0          0          0        100   ddiv.o
       186          0          0          0          0        176   depilogue.o
        50          0          0          0          0         76   dfixui.o
        48          0          0          0          0         68   dfixul.o
       228          0          0          0          0         96   dmul.o
        38          0          0          0          0         68   f2d.o
       176          0          0          0          0        140   fadd.o
       124          0          0          0          0         88   fdiv.o
       110          0          0          0          0        168   fepilogue.o
        50          0          0          0          0         68   ffixi.o
        40          0          0          0          0         68   ffixui.o
        18          0          0          0          0         68   fflti.o
        10          0          0          0          0         68   ffltui.o
       100          0          0          0          0         76   fmul.o
      2788          0          0          0         44       3816   zf_device_config.o

    ----------------------------------------------------------------------
      7528        112          0          4         44       7036   Library Totals
        14          0          0          0          0          0   (incl. Padding)

    ----------------------------------------------------------------------

      Code (inc. data)   RO Data    RW Data    ZI Data      Debug   Library Name

      2800        112          0          4          0       1384   mc_w.l
      1926          0          0          0          0       1836   mf_w.l
      2788          0          0          0         44       3816   zf_device_config.lib

    ----------------------------------------------------------------------
      7528        112          0          4         44       7036   Library Totals

    ----------------------------------------------------------------------

==============================================================================


      Code (inc. data)   RO Data    RW Data    ZI Data      Debug   

     33484       4264      41336        444      81176     498964   Grand Totals
     33484       4264      41336        196      81176     498964   ELF Image Totals (compressed)
     33484       4264      41336        196          0          0   ROM Totals

==============================================================================

    Total RO  Size (Code + RO Data)                74820 (  73.07kB)
    Total RW  Size (RW Data + ZI Data)             81620 (  79.71kB)
    Total ROM Size (Code + RO Data + RW Data)      75016 (  73.26kB)

==============================================================================

