<!doctype html public "-//w3c//dtd html 4.0 transitional//en">
<html><head>
<title>Static Call Graph - [.\Objects\MM32F327X_G8P.axf]</title></head>
<body><HR>
<H1>Static Call Graph for image .\Objects\MM32F327X_G8P.axf</H1><HR>
<BR><P>#&#060CALLGRAPH&#062# ARM Linker, 5060960: Last Updated: Mon Jul 20 14:24:07 2026
<BR><P>
<H3>Maximum Stack Usage =        928 bytes + Unknown(Cycles, Untraceable Function Pointers)</H3><H3>
Call chain for Maximum Stack Depth:</H3>
main &rArr; mt9v03x_init &rArr; mt9v03x_set_config_sccb &rArr; mt9v03x_read_word_sccb &rArr; soft_iic_sccb_read_register &rArr; soft_iic_read_data &rArr; soft_iic_send_ack &rArr; debug_assert_handler &rArr; debug_output &rArr; __2sprintf
<P>
<H3>
Mutually Recursive functions
</H3> <LI><a href="#[2]">NMI_Handler</a>&nbsp;&nbsp;&nbsp;&rArr;&nbsp;&nbsp;&nbsp;<a href="#[2]">NMI_Handler</a><BR>
 <LI><a href="#[3]">HardFault_Handler</a>&nbsp;&nbsp;&nbsp;&rArr;&nbsp;&nbsp;&nbsp;<a href="#[3]">HardFault_Handler</a><BR>
 <LI><a href="#[4]">MemManage_Handler</a>&nbsp;&nbsp;&nbsp;&rArr;&nbsp;&nbsp;&nbsp;<a href="#[4]">MemManage_Handler</a><BR>
 <LI><a href="#[5]">BusFault_Handler</a>&nbsp;&nbsp;&nbsp;&rArr;&nbsp;&nbsp;&nbsp;<a href="#[5]">BusFault_Handler</a><BR>
 <LI><a href="#[6]">UsageFault_Handler</a>&nbsp;&nbsp;&nbsp;&rArr;&nbsp;&nbsp;&nbsp;<a href="#[6]">UsageFault_Handler</a><BR>
 <LI><a href="#[7]">SVC_Handler</a>&nbsp;&nbsp;&nbsp;&rArr;&nbsp;&nbsp;&nbsp;<a href="#[7]">SVC_Handler</a><BR>
 <LI><a href="#[8]">DebugMon_Handler</a>&nbsp;&nbsp;&nbsp;&rArr;&nbsp;&nbsp;&nbsp;<a href="#[8]">DebugMon_Handler</a><BR>
 <LI><a href="#[9]">PendSV_Handler</a>&nbsp;&nbsp;&nbsp;&rArr;&nbsp;&nbsp;&nbsp;<a href="#[9]">PendSV_Handler</a><BR>
 <LI><a href="#[a]">SysTick_Handler</a>&nbsp;&nbsp;&nbsp;&rArr;&nbsp;&nbsp;&nbsp;<a href="#[a]">SysTick_Handler</a><BR>
 <LI><a href="#[1d]">ADC1_2_IRQHandler</a>&nbsp;&nbsp;&nbsp;&rArr;&nbsp;&nbsp;&nbsp;<a href="#[1d]">ADC1_2_IRQHandler</a><BR>
</UL>
<P>
<H3>
Function Pointers
</H3><UL>
 <LI><a href="#[1d]">ADC1_2_IRQHandler</a> from startup_mm32f3277g.o(.text) referenced from startup_mm32f3277g.o(RESET)
 <LI><a href="#[36]">ADC3_IRQHandler</a> from startup_mm32f3277g.o(.text) referenced from startup_mm32f3277g.o(RESET)
 <LI><a href="#[5]">BusFault_Handler</a> from startup_mm32f3277g.o(.text) referenced from startup_mm32f3277g.o(RESET)
 <LI><a href="#[1f]">CAN1_RX_IRQHandler</a> from startup_mm32f3277g.o(.text) referenced from startup_mm32f3277g.o(RESET)
 <LI><a href="#[44]">COMP1_2_IRQHandler</a> from startup_mm32f3277g.o(.text) referenced from startup_mm32f3277g.o(RESET)
 <LI><a href="#[16]">DMA1_Channel1_IRQHandler</a> from isr.o(i.DMA1_Channel1_IRQHandler) referenced from startup_mm32f3277g.o(RESET)
 <LI><a href="#[17]">DMA1_Channel2_IRQHandler</a> from isr.o(i.DMA1_Channel2_IRQHandler) referenced from startup_mm32f3277g.o(RESET)
 <LI><a href="#[18]">DMA1_Channel3_IRQHandler</a> from isr.o(i.DMA1_Channel3_IRQHandler) referenced from startup_mm32f3277g.o(RESET)
 <LI><a href="#[19]">DMA1_Channel4_IRQHandler</a> from isr.o(i.DMA1_Channel4_IRQHandler) referenced from startup_mm32f3277g.o(RESET)
 <LI><a href="#[1a]">DMA1_Channel5_IRQHandler</a> from isr.o(i.DMA1_Channel5_IRQHandler) referenced from startup_mm32f3277g.o(RESET)
 <LI><a href="#[1b]">DMA1_Channel6_IRQHandler</a> from isr.o(i.DMA1_Channel6_IRQHandler) referenced from startup_mm32f3277g.o(RESET)
 <LI><a href="#[1c]">DMA1_Channel7_IRQHandler</a> from isr.o(i.DMA1_Channel7_IRQHandler) referenced from startup_mm32f3277g.o(RESET)
 <LI><a href="#[3e]">DMA2_Channel1_IRQHandler</a> from isr.o(i.DMA2_Channel1_IRQHandler) referenced from startup_mm32f3277g.o(RESET)
 <LI><a href="#[3f]">DMA2_Channel2_IRQHandler</a> from isr.o(i.DMA2_Channel2_IRQHandler) referenced from startup_mm32f3277g.o(RESET)
 <LI><a href="#[40]">DMA2_Channel3_IRQHandler</a> from isr.o(i.DMA2_Channel3_IRQHandler) referenced from startup_mm32f3277g.o(RESET)
 <LI><a href="#[41]">DMA2_Channel4_IRQHandler</a> from isr.o(i.DMA2_Channel4_IRQHandler) referenced from startup_mm32f3277g.o(RESET)
 <LI><a href="#[42]">DMA2_Channel5_IRQHandler</a> from isr.o(i.DMA2_Channel5_IRQHandler) referenced from startup_mm32f3277g.o(RESET)
 <LI><a href="#[8]">DebugMon_Handler</a> from startup_mm32f3277g.o(.text) referenced from startup_mm32f3277g.o(RESET)
 <LI><a href="#[43]">ETH_IRQHandler</a> from startup_mm32f3277g.o(.text) referenced from startup_mm32f3277g.o(RESET)
 <LI><a href="#[11]">EXTI0_IRQHandler</a> from isr.o(i.EXTI0_IRQHandler) referenced from startup_mm32f3277g.o(RESET)
 <LI><a href="#[2f]">EXTI15_10_IRQHandler</a> from isr.o(i.EXTI15_10_IRQHandler) referenced from startup_mm32f3277g.o(RESET)
 <LI><a href="#[12]">EXTI1_IRQHandler</a> from isr.o(i.EXTI1_IRQHandler) referenced from startup_mm32f3277g.o(RESET)
 <LI><a href="#[13]">EXTI2_IRQHandler</a> from isr.o(i.EXTI2_IRQHandler) referenced from startup_mm32f3277g.o(RESET)
 <LI><a href="#[14]">EXTI3_IRQHandler</a> from isr.o(i.EXTI3_IRQHandler) referenced from startup_mm32f3277g.o(RESET)
 <LI><a href="#[15]">EXTI4_IRQHandler</a> from isr.o(i.EXTI4_IRQHandler) referenced from startup_mm32f3277g.o(RESET)
 <LI><a href="#[20]">EXTI9_5_IRQHandler</a> from isr.o(i.EXTI9_5_IRQHandler) referenced from startup_mm32f3277g.o(RESET)
 <LI><a href="#[f]">FLASH_IRQHandler</a> from startup_mm32f3277g.o(.text) referenced from startup_mm32f3277g.o(RESET)
 <LI><a href="#[1e]">FlashCache_IRQHandler</a> from startup_mm32f3277g.o(.text) referenced from startup_mm32f3277g.o(RESET)
 <LI><a href="#[3]">HardFault_Handler</a> from startup_mm32f3277g.o(.text) referenced from startup_mm32f3277g.o(RESET)
 <LI><a href="#[28]">I2C1_IRQHandler</a> from startup_mm32f3277g.o(.text) referenced from startup_mm32f3277g.o(RESET)
 <LI><a href="#[29]">I2C2_IRQHandler</a> from startup_mm32f3277g.o(.text) referenced from startup_mm32f3277g.o(RESET)
 <LI><a href="#[4]">MemManage_Handler</a> from startup_mm32f3277g.o(.text) referenced from startup_mm32f3277g.o(RESET)
 <LI><a href="#[2]">NMI_Handler</a> from startup_mm32f3277g.o(.text) referenced from startup_mm32f3277g.o(RESET)
 <LI><a href="#[45]">OTG_FS_IRQHandler</a> from startup_mm32f3277g.o(.text) referenced from startup_mm32f3277g.o(RESET)
 <LI><a href="#[31]">OTG_FS_WKUP_IRQHandler</a> from startup_mm32f3277g.o(.text) referenced from startup_mm32f3277g.o(RESET)
 <LI><a href="#[c]">PVD_IRQHandler</a> from startup_mm32f3277g.o(.text) referenced from startup_mm32f3277g.o(RESET)
 <LI><a href="#[9]">PendSV_Handler</a> from startup_mm32f3277g.o(.text) referenced from startup_mm32f3277g.o(RESET)
 <LI><a href="#[10]">RCC_CRS_IRQHandler</a> from startup_mm32f3277g.o(.text) referenced from startup_mm32f3277g.o(RESET)
 <LI><a href="#[30]">RTCAlarm_IRQHandler</a> from startup_mm32f3277g.o(.text) referenced from startup_mm32f3277g.o(RESET)
 <LI><a href="#[e]">RTC_IRQHandler</a> from startup_mm32f3277g.o(.text) referenced from startup_mm32f3277g.o(RESET)
 <LI><a href="#[1]">Reset_Handler</a> from startup_mm32f3277g.o(.text) referenced from startup_mm32f3277g.o(RESET)
 <LI><a href="#[37]">SDIO_IRQHandler</a> from startup_mm32f3277g.o(.text) referenced from startup_mm32f3277g.o(RESET)
 <LI><a href="#[2a]">SPI1_IRQHandler</a> from startup_mm32f3277g.o(.text) referenced from startup_mm32f3277g.o(RESET)
 <LI><a href="#[2b]">SPI2_IRQHandler</a> from startup_mm32f3277g.o(.text) referenced from startup_mm32f3277g.o(RESET)
 <LI><a href="#[39]">SPI3_IRQHandler</a> from startup_mm32f3277g.o(.text) referenced from startup_mm32f3277g.o(RESET)
 <LI><a href="#[7]">SVC_Handler</a> from startup_mm32f3277g.o(.text) referenced from startup_mm32f3277g.o(RESET)
 <LI><a href="#[a]">SysTick_Handler</a> from startup_mm32f3277g.o(.text) referenced from startup_mm32f3277g.o(RESET)
 <LI><a href="#[4a]">SystemInit</a> from system_mm32f3277g.o(i.SystemInit) referenced from startup_mm32f3277g.o(.text)
 <LI><a href="#[d]">TAMPER_IRQHandler</a> from startup_mm32f3277g.o(.text) referenced from startup_mm32f3277g.o(RESET)
 <LI><a href="#[21]">TIM1_BRK_IRQHandler</a> from startup_mm32f3277g.o(.text) referenced from startup_mm32f3277g.o(RESET)
 <LI><a href="#[24]">TIM1_CC_IRQHandler</a> from startup_mm32f3277g.o(.text) referenced from startup_mm32f3277g.o(RESET)
 <LI><a href="#[23]">TIM1_TRG_COM_IRQHandler</a> from startup_mm32f3277g.o(.text) referenced from startup_mm32f3277g.o(RESET)
 <LI><a href="#[22]">TIM1_UP_IRQHandler</a> from isr.o(i.TIM1_UP_IRQHandler) referenced from startup_mm32f3277g.o(RESET)
 <LI><a href="#[25]">TIM2_IRQHandler</a> from isr.o(i.TIM2_IRQHandler) referenced from startup_mm32f3277g.o(RESET)
 <LI><a href="#[26]">TIM3_IRQHandler</a> from isr.o(i.TIM3_IRQHandler) referenced from startup_mm32f3277g.o(RESET)
 <LI><a href="#[27]">TIM4_IRQHandler</a> from isr.o(i.TIM4_IRQHandler) referenced from startup_mm32f3277g.o(RESET)
 <LI><a href="#[38]">TIM5_IRQHandler</a> from isr.o(i.TIM5_IRQHandler) referenced from startup_mm32f3277g.o(RESET)
 <LI><a href="#[3c]">TIM6_IRQHandler</a> from isr.o(i.TIM6_IRQHandler) referenced from startup_mm32f3277g.o(RESET)
 <LI><a href="#[3d]">TIM7_IRQHandler</a> from isr.o(i.TIM7_IRQHandler) referenced from startup_mm32f3277g.o(RESET)
 <LI><a href="#[32]">TIM8_BRK_IRQHandler</a> from startup_mm32f3277g.o(.text) referenced from startup_mm32f3277g.o(RESET)
 <LI><a href="#[35]">TIM8_CC_IRQHandler</a> from startup_mm32f3277g.o(.text) referenced from startup_mm32f3277g.o(RESET)
 <LI><a href="#[34]">TIM8_TRG_COM_IRQHandler</a> from startup_mm32f3277g.o(.text) referenced from startup_mm32f3277g.o(RESET)
 <LI><a href="#[33]">TIM8_UP_IRQHandler</a> from isr.o(i.TIM8_UP_IRQHandler) referenced from startup_mm32f3277g.o(RESET)
 <LI><a href="#[2c]">UART1_IRQHandler</a> from isr.o(i.UART1_IRQHandler) referenced from startup_mm32f3277g.o(RESET)
 <LI><a href="#[2d]">UART2_IRQHandler</a> from isr.o(i.UART2_IRQHandler) referenced from startup_mm32f3277g.o(RESET)
 <LI><a href="#[2e]">UART3_IRQHandler</a> from isr.o(i.UART3_IRQHandler) referenced from startup_mm32f3277g.o(RESET)
 <LI><a href="#[3a]">UART4_IRQHandler</a> from isr.o(i.UART4_IRQHandler) referenced from startup_mm32f3277g.o(RESET)
 <LI><a href="#[3b]">UART5_IRQHandler</a> from isr.o(i.UART5_IRQHandler) referenced from startup_mm32f3277g.o(RESET)
 <LI><a href="#[46]">UART6_IRQHandler</a> from isr.o(i.UART6_IRQHandler) referenced from startup_mm32f3277g.o(RESET)
 <LI><a href="#[47]">UART7_IRQHandler</a> from isr.o(i.UART7_IRQHandler) referenced from startup_mm32f3277g.o(RESET)
 <LI><a href="#[48]">UART8_IRQHandler</a> from isr.o(i.UART8_IRQHandler) referenced from startup_mm32f3277g.o(RESET)
 <LI><a href="#[6]">UsageFault_Handler</a> from startup_mm32f3277g.o(.text) referenced from startup_mm32f3277g.o(RESET)
 <LI><a href="#[b]">WWDG_IRQHandler</a> from startup_mm32f3277g.o(.text) referenced from startup_mm32f3277g.o(RESET)
 <LI><a href="#[4b]">__main</a> from entry.o(.ARM.Collect$$$$00000000) referenced from startup_mm32f3277g.o(.text)
 <LI><a href="#[4d]">_sputc</a> from printfa.o(i._sputc) referenced from printfa.o(i.__0sprintf)
 <LI><a href="#[4e]">debug_uart_str_output</a> from zf_common_debug.o(i.debug_uart_str_output) referenced from zf_common_debug.o(i.debug_init)
 <LI><a href="#[4c]">fputc</a> from zf_common_debug.o(i.fputc) referenced from printfa.o(i.__0printf)
 <LI><a href="#[50]">ips200_clear</a> from zf_device_ips200.o(i.ips200_clear) referenced from zf_device_ips200.o(i.ips200_debug_init)
 <LI><a href="#[4f]">ips200_show_string</a> from zf_device_ips200.o(i.ips200_show_string) referenced from zf_device_ips200.o(i.ips200_debug_init)
 <LI><a href="#[49]">main</a> from main.o(i.main) referenced from entry9a.o(.ARM.Collect$$$$0000000B)
 <LI><a href="#[52]">mt9v03x_dma_handler</a> from zf_device_mt9v03x.o(i.mt9v03x_dma_handler) referenced from zf_device_mt9v03x.o(i.mt9v03x_init)
 <LI><a href="#[52]">mt9v03x_dma_handler</a> from zf_device_mt9v03x.o(i.mt9v03x_dma_handler) referenced from zf_device_mt9v03x.o(i.mt9v03x_set_exposure_time)
 <LI><a href="#[52]">mt9v03x_dma_handler</a> from zf_device_mt9v03x.o(i.mt9v03x_dma_handler) referenced from zf_device_mt9v03x.o(i.mt9v03x_set_reg)
 <LI><a href="#[51]">mt9v03x_uart_handler</a> from zf_device_mt9v03x.o(i.mt9v03x_uart_handler) referenced from zf_device_mt9v03x.o(i.mt9v03x_init)
 <LI><a href="#[51]">mt9v03x_uart_handler</a> from zf_device_mt9v03x.o(i.mt9v03x_uart_handler) referenced from zf_device_mt9v03x.o(i.mt9v03x_set_exposure_time)
 <LI><a href="#[51]">mt9v03x_uart_handler</a> from zf_device_mt9v03x.o(i.mt9v03x_uart_handler) referenced from zf_device_mt9v03x.o(i.mt9v03x_set_reg)
 <LI><a href="#[53]">mt9v03x_vsync_handler</a> from zf_device_mt9v03x.o(i.mt9v03x_vsync_handler) referenced from zf_device_mt9v03x.o(i.mt9v03x_init)
 <LI><a href="#[53]">mt9v03x_vsync_handler</a> from zf_device_mt9v03x.o(i.mt9v03x_vsync_handler) referenced from zf_device_mt9v03x.o(i.mt9v03x_set_exposure_time)
 <LI><a href="#[53]">mt9v03x_vsync_handler</a> from zf_device_mt9v03x.o(i.mt9v03x_vsync_handler) referenced from zf_device_mt9v03x.o(i.mt9v03x_set_reg)
 <LI><a href="#[0]">type_default_callback</a> from zf_device_type.o(i.type_default_callback) referenced 8 times from zf_device_type.o(.data)
 <LI><a href="#[0]">type_default_callback</a> from zf_device_type.o(i.type_default_callback) referenced from zf_device_type.o(i.set_camera_type)
</UL>
<P>
<H3>
Global Symbols
</H3>
<P><STRONG><a name="[4b]"></a>__main</STRONG> (Thumb, 0 bytes, Stack size unknown bytes, entry.o(.ARM.Collect$$$$00000000))
<BR>[Address Reference Count : 1]<UL><LI> startup_mm32f3277g.o(.text)
</UL>
<P><STRONG><a name="[10e]"></a>_main_stk</STRONG> (Thumb, 0 bytes, Stack size unknown bytes, entry4.o(.ARM.Collect$$$$00000003))

<P><STRONG><a name="[54]"></a>_main_scatterload</STRONG> (Thumb, 0 bytes, Stack size unknown bytes, entry5.o(.ARM.Collect$$$$00000004))
<BR><BR>[Calls]<UL><LI><a href="#[55]">&gt;&gt;</a>&nbsp;&nbsp;&nbsp;__scatterload
</UL>

<P><STRONG><a name="[6f]"></a>__main_after_scatterload</STRONG> (Thumb, 0 bytes, Stack size unknown bytes, entry5.o(.ARM.Collect$$$$00000004))
<BR><BR>[Called By]<UL><LI><a href="#[55]">&gt;&gt;</a>&nbsp;&nbsp;&nbsp;__scatterload
</UL>

<P><STRONG><a name="[10f]"></a>_main_clock</STRONG> (Thumb, 0 bytes, Stack size unknown bytes, entry7b.o(.ARM.Collect$$$$00000008))

<P><STRONG><a name="[110]"></a>_main_cpp_init</STRONG> (Thumb, 0 bytes, Stack size unknown bytes, entry8b.o(.ARM.Collect$$$$0000000A))

<P><STRONG><a name="[111]"></a>_main_init</STRONG> (Thumb, 0 bytes, Stack size unknown bytes, entry9a.o(.ARM.Collect$$$$0000000B))

<P><STRONG><a name="[112]"></a>__rt_lib_shutdown_fini</STRONG> (Thumb, 0 bytes, Stack size unknown bytes, entry12b.o(.ARM.Collect$$$$0000000E))

<P><STRONG><a name="[113]"></a>__rt_final_cpp</STRONG> (Thumb, 0 bytes, Stack size unknown bytes, entry10a.o(.ARM.Collect$$$$0000000F))

<P><STRONG><a name="[114]"></a>__rt_final_exit</STRONG> (Thumb, 0 bytes, Stack size unknown bytes, entry11a.o(.ARM.Collect$$$$00000011))

<P><STRONG><a name="[1]"></a>Reset_Handler</STRONG> (Thumb, 8 bytes, Stack size 0 bytes, startup_mm32f3277g.o(.text))
<BR>[Address Reference Count : 1]<UL><LI> startup_mm32f3277g.o(RESET)
</UL>
<P><STRONG><a name="[2]"></a>NMI_Handler</STRONG> (Thumb, 2 bytes, Stack size 0 bytes, startup_mm32f3277g.o(.text))
<BR><BR>[Calls]<UL><LI><a href="#[2]">&gt;&gt;</a>&nbsp;&nbsp;&nbsp;NMI_Handler
</UL>
<BR>[Called By]<UL><LI><a href="#[2]">&gt;&gt;</a>&nbsp;&nbsp;&nbsp;NMI_Handler
</UL>
<BR>[Address Reference Count : 1]<UL><LI> startup_mm32f3277g.o(RESET)
</UL>
<P><STRONG><a name="[3]"></a>HardFault_Handler</STRONG> (Thumb, 2 bytes, Stack size 0 bytes, startup_mm32f3277g.o(.text))
<BR><BR>[Calls]<UL><LI><a href="#[3]">&gt;&gt;</a>&nbsp;&nbsp;&nbsp;HardFault_Handler
</UL>
<BR>[Called By]<UL><LI><a href="#[3]">&gt;&gt;</a>&nbsp;&nbsp;&nbsp;HardFault_Handler
</UL>
<BR>[Address Reference Count : 1]<UL><LI> startup_mm32f3277g.o(RESET)
</UL>
<P><STRONG><a name="[4]"></a>MemManage_Handler</STRONG> (Thumb, 2 bytes, Stack size 0 bytes, startup_mm32f3277g.o(.text))
<BR><BR>[Calls]<UL><LI><a href="#[4]">&gt;&gt;</a>&nbsp;&nbsp;&nbsp;MemManage_Handler
</UL>
<BR>[Called By]<UL><LI><a href="#[4]">&gt;&gt;</a>&nbsp;&nbsp;&nbsp;MemManage_Handler
</UL>
<BR>[Address Reference Count : 1]<UL><LI> startup_mm32f3277g.o(RESET)
</UL>
<P><STRONG><a name="[5]"></a>BusFault_Handler</STRONG> (Thumb, 2 bytes, Stack size 0 bytes, startup_mm32f3277g.o(.text))
<BR><BR>[Calls]<UL><LI><a href="#[5]">&gt;&gt;</a>&nbsp;&nbsp;&nbsp;BusFault_Handler
</UL>
<BR>[Called By]<UL><LI><a href="#[5]">&gt;&gt;</a>&nbsp;&nbsp;&nbsp;BusFault_Handler
</UL>
<BR>[Address Reference Count : 1]<UL><LI> startup_mm32f3277g.o(RESET)
</UL>
<P><STRONG><a name="[6]"></a>UsageFault_Handler</STRONG> (Thumb, 2 bytes, Stack size 0 bytes, startup_mm32f3277g.o(.text))
<BR><BR>[Calls]<UL><LI><a href="#[6]">&gt;&gt;</a>&nbsp;&nbsp;&nbsp;UsageFault_Handler
</UL>
<BR>[Called By]<UL><LI><a href="#[6]">&gt;&gt;</a>&nbsp;&nbsp;&nbsp;UsageFault_Handler
</UL>
<BR>[Address Reference Count : 1]<UL><LI> startup_mm32f3277g.o(RESET)
</UL>
<P><STRONG><a name="[7]"></a>SVC_Handler</STRONG> (Thumb, 2 bytes, Stack size 0 bytes, startup_mm32f3277g.o(.text))
<BR><BR>[Calls]<UL><LI><a href="#[7]">&gt;&gt;</a>&nbsp;&nbsp;&nbsp;SVC_Handler
</UL>
<BR>[Called By]<UL><LI><a href="#[7]">&gt;&gt;</a>&nbsp;&nbsp;&nbsp;SVC_Handler
</UL>
<BR>[Address Reference Count : 1]<UL><LI> startup_mm32f3277g.o(RESET)
</UL>
<P><STRONG><a name="[8]"></a>DebugMon_Handler</STRONG> (Thumb, 2 bytes, Stack size 0 bytes, startup_mm32f3277g.o(.text))
<BR><BR>[Calls]<UL><LI><a href="#[8]">&gt;&gt;</a>&nbsp;&nbsp;&nbsp;DebugMon_Handler
</UL>
<BR>[Called By]<UL><LI><a href="#[8]">&gt;&gt;</a>&nbsp;&nbsp;&nbsp;DebugMon_Handler
</UL>
<BR>[Address Reference Count : 1]<UL><LI> startup_mm32f3277g.o(RESET)
</UL>
<P><STRONG><a name="[9]"></a>PendSV_Handler</STRONG> (Thumb, 2 bytes, Stack size 0 bytes, startup_mm32f3277g.o(.text))
<BR><BR>[Calls]<UL><LI><a href="#[9]">&gt;&gt;</a>&nbsp;&nbsp;&nbsp;PendSV_Handler
</UL>
<BR>[Called By]<UL><LI><a href="#[9]">&gt;&gt;</a>&nbsp;&nbsp;&nbsp;PendSV_Handler
</UL>
<BR>[Address Reference Count : 1]<UL><LI> startup_mm32f3277g.o(RESET)
</UL>
<P><STRONG><a name="[a]"></a>SysTick_Handler</STRONG> (Thumb, 2 bytes, Stack size 0 bytes, startup_mm32f3277g.o(.text))
<BR><BR>[Calls]<UL><LI><a href="#[a]">&gt;&gt;</a>&nbsp;&nbsp;&nbsp;SysTick_Handler
</UL>
<BR>[Called By]<UL><LI><a href="#[a]">&gt;&gt;</a>&nbsp;&nbsp;&nbsp;SysTick_Handler
</UL>
<BR>[Address Reference Count : 1]<UL><LI> startup_mm32f3277g.o(RESET)
</UL>
<P><STRONG><a name="[1d]"></a>ADC1_2_IRQHandler</STRONG> (Thumb, 0 bytes, Stack size 0 bytes, startup_mm32f3277g.o(.text))
<BR><BR>[Calls]<UL><LI><a href="#[1d]">&gt;&gt;</a>&nbsp;&nbsp;&nbsp;ADC1_2_IRQHandler
</UL>
<BR>[Called By]<UL><LI><a href="#[1d]">&gt;&gt;</a>&nbsp;&nbsp;&nbsp;ADC1_2_IRQHandler
</UL>
<BR>[Address Reference Count : 1]<UL><LI> startup_mm32f3277g.o(RESET)
</UL>
<P><STRONG><a name="[36]"></a>ADC3_IRQHandler</STRONG> (Thumb, 0 bytes, Stack size 0 bytes, startup_mm32f3277g.o(.text))
<BR>[Address Reference Count : 1]<UL><LI> startup_mm32f3277g.o(RESET)
</UL>
<P><STRONG><a name="[1f]"></a>CAN1_RX_IRQHandler</STRONG> (Thumb, 0 bytes, Stack size 0 bytes, startup_mm32f3277g.o(.text))
<BR>[Address Reference Count : 1]<UL><LI> startup_mm32f3277g.o(RESET)
</UL>
<P><STRONG><a name="[44]"></a>COMP1_2_IRQHandler</STRONG> (Thumb, 0 bytes, Stack size 0 bytes, startup_mm32f3277g.o(.text))
<BR>[Address Reference Count : 1]<UL><LI> startup_mm32f3277g.o(RESET)
</UL>
<P><STRONG><a name="[43]"></a>ETH_IRQHandler</STRONG> (Thumb, 0 bytes, Stack size 0 bytes, startup_mm32f3277g.o(.text))
<BR>[Address Reference Count : 1]<UL><LI> startup_mm32f3277g.o(RESET)
</UL>
<P><STRONG><a name="[f]"></a>FLASH_IRQHandler</STRONG> (Thumb, 0 bytes, Stack size 0 bytes, startup_mm32f3277g.o(.text))
<BR>[Address Reference Count : 1]<UL><LI> startup_mm32f3277g.o(RESET)
</UL>
<P><STRONG><a name="[1e]"></a>FlashCache_IRQHandler</STRONG> (Thumb, 0 bytes, Stack size 0 bytes, startup_mm32f3277g.o(.text))
<BR>[Address Reference Count : 1]<UL><LI> startup_mm32f3277g.o(RESET)
</UL>
<P><STRONG><a name="[28]"></a>I2C1_IRQHandler</STRONG> (Thumb, 0 bytes, Stack size 0 bytes, startup_mm32f3277g.o(.text))
<BR>[Address Reference Count : 1]<UL><LI> startup_mm32f3277g.o(RESET)
</UL>
<P><STRONG><a name="[29]"></a>I2C2_IRQHandler</STRONG> (Thumb, 0 bytes, Stack size 0 bytes, startup_mm32f3277g.o(.text))
<BR>[Address Reference Count : 1]<UL><LI> startup_mm32f3277g.o(RESET)
</UL>
<P><STRONG><a name="[45]"></a>OTG_FS_IRQHandler</STRONG> (Thumb, 0 bytes, Stack size 0 bytes, startup_mm32f3277g.o(.text))
<BR>[Address Reference Count : 1]<UL><LI> startup_mm32f3277g.o(RESET)
</UL>
<P><STRONG><a name="[31]"></a>OTG_FS_WKUP_IRQHandler</STRONG> (Thumb, 0 bytes, Stack size 0 bytes, startup_mm32f3277g.o(.text))
<BR>[Address Reference Count : 1]<UL><LI> startup_mm32f3277g.o(RESET)
</UL>
<P><STRONG><a name="[c]"></a>PVD_IRQHandler</STRONG> (Thumb, 0 bytes, Stack size 0 bytes, startup_mm32f3277g.o(.text))
<BR>[Address Reference Count : 1]<UL><LI> startup_mm32f3277g.o(RESET)
</UL>
<P><STRONG><a name="[10]"></a>RCC_CRS_IRQHandler</STRONG> (Thumb, 0 bytes, Stack size 0 bytes, startup_mm32f3277g.o(.text))
<BR>[Address Reference Count : 1]<UL><LI> startup_mm32f3277g.o(RESET)
</UL>
<P><STRONG><a name="[30]"></a>RTCAlarm_IRQHandler</STRONG> (Thumb, 0 bytes, Stack size 0 bytes, startup_mm32f3277g.o(.text))
<BR>[Address Reference Count : 1]<UL><LI> startup_mm32f3277g.o(RESET)
</UL>
<P><STRONG><a name="[e]"></a>RTC_IRQHandler</STRONG> (Thumb, 0 bytes, Stack size 0 bytes, startup_mm32f3277g.o(.text))
<BR>[Address Reference Count : 1]<UL><LI> startup_mm32f3277g.o(RESET)
</UL>
<P><STRONG><a name="[37]"></a>SDIO_IRQHandler</STRONG> (Thumb, 0 bytes, Stack size 0 bytes, startup_mm32f3277g.o(.text))
<BR>[Address Reference Count : 1]<UL><LI> startup_mm32f3277g.o(RESET)
</UL>
<P><STRONG><a name="[2a]"></a>SPI1_IRQHandler</STRONG> (Thumb, 0 bytes, Stack size 0 bytes, startup_mm32f3277g.o(.text))
<BR>[Address Reference Count : 1]<UL><LI> startup_mm32f3277g.o(RESET)
</UL>
<P><STRONG><a name="[2b]"></a>SPI2_IRQHandler</STRONG> (Thumb, 0 bytes, Stack size 0 bytes, startup_mm32f3277g.o(.text))
<BR>[Address Reference Count : 1]<UL><LI> startup_mm32f3277g.o(RESET)
</UL>
<P><STRONG><a name="[39]"></a>SPI3_IRQHandler</STRONG> (Thumb, 0 bytes, Stack size 0 bytes, startup_mm32f3277g.o(.text))
<BR>[Address Reference Count : 1]<UL><LI> startup_mm32f3277g.o(RESET)
</UL>
<P><STRONG><a name="[d]"></a>TAMPER_IRQHandler</STRONG> (Thumb, 0 bytes, Stack size 0 bytes, startup_mm32f3277g.o(.text))
<BR>[Address Reference Count : 1]<UL><LI> startup_mm32f3277g.o(RESET)
</UL>
<P><STRONG><a name="[21]"></a>TIM1_BRK_IRQHandler</STRONG> (Thumb, 0 bytes, Stack size 0 bytes, startup_mm32f3277g.o(.text))
<BR>[Address Reference Count : 1]<UL><LI> startup_mm32f3277g.o(RESET)
</UL>
<P><STRONG><a name="[24]"></a>TIM1_CC_IRQHandler</STRONG> (Thumb, 0 bytes, Stack size 0 bytes, startup_mm32f3277g.o(.text))
<BR>[Address Reference Count : 1]<UL><LI> startup_mm32f3277g.o(RESET)
</UL>
<P><STRONG><a name="[23]"></a>TIM1_TRG_COM_IRQHandler</STRONG> (Thumb, 0 bytes, Stack size 0 bytes, startup_mm32f3277g.o(.text))
<BR>[Address Reference Count : 1]<UL><LI> startup_mm32f3277g.o(RESET)
</UL>
<P><STRONG><a name="[32]"></a>TIM8_BRK_IRQHandler</STRONG> (Thumb, 0 bytes, Stack size 0 bytes, startup_mm32f3277g.o(.text))
<BR>[Address Reference Count : 1]<UL><LI> startup_mm32f3277g.o(RESET)
</UL>
<P><STRONG><a name="[35]"></a>TIM8_CC_IRQHandler</STRONG> (Thumb, 0 bytes, Stack size 0 bytes, startup_mm32f3277g.o(.text))
<BR>[Address Reference Count : 1]<UL><LI> startup_mm32f3277g.o(RESET)
</UL>
<P><STRONG><a name="[34]"></a>TIM8_TRG_COM_IRQHandler</STRONG> (Thumb, 0 bytes, Stack size 0 bytes, startup_mm32f3277g.o(.text))
<BR>[Address Reference Count : 1]<UL><LI> startup_mm32f3277g.o(RESET)
</UL>
<P><STRONG><a name="[b]"></a>WWDG_IRQHandler</STRONG> (Thumb, 0 bytes, Stack size 0 bytes, startup_mm32f3277g.o(.text))
<BR>[Address Reference Count : 1]<UL><LI> startup_mm32f3277g.o(RESET)
</UL>
<P><STRONG><a name="[c0]"></a>__aeabi_memcpy</STRONG> (Thumb, 36 bytes, Stack size 0 bytes, memcpya.o(.text))
<BR><BR>[Called By]<UL><LI><a href="#[c2]">&gt;&gt;</a>&nbsp;&nbsp;&nbsp;fifo_write_buffer
<LI><a href="#[be]">&gt;&gt;</a>&nbsp;&nbsp;&nbsp;fifo_read_buffer
<LI><a href="#[49]">&gt;&gt;</a>&nbsp;&nbsp;&nbsp;main
</UL>

<P><STRONG><a name="[ae]"></a>__aeabi_memcpy4</STRONG> (Thumb, 0 bytes, Stack size 0 bytes, memcpya.o(.text))
<BR><BR>[Called By]<UL><LI><a href="#[c2]">&gt;&gt;</a>&nbsp;&nbsp;&nbsp;fifo_write_buffer
<LI><a href="#[a3]">&gt;&gt;</a>&nbsp;&nbsp;&nbsp;debug_protective_handler
</UL>

<P><STRONG><a name="[115]"></a>__aeabi_memcpy8</STRONG> (Thumb, 0 bytes, Stack size 0 bytes, memcpya.o(.text), UNUSED)

<P><STRONG><a name="[57]"></a>__aeabi_memset</STRONG> (Thumb, 14 bytes, Stack size 0 bytes, memseta.o(.text))
<BR><BR>[Called By]<UL><LI><a href="#[80]">&gt;&gt;</a>&nbsp;&nbsp;&nbsp;ips200_show_int
<LI><a href="#[81]">&gt;&gt;</a>&nbsp;&nbsp;&nbsp;ips200_show_float
<LI><a href="#[58]">&gt;&gt;</a>&nbsp;&nbsp;&nbsp;_memset$wrapper
<LI><a href="#[56]">&gt;&gt;</a>&nbsp;&nbsp;&nbsp;__aeabi_memclr
</UL>

<P><STRONG><a name="[116]"></a>__aeabi_memset4</STRONG> (Thumb, 0 bytes, Stack size 0 bytes, memseta.o(.text), UNUSED)

<P><STRONG><a name="[117]"></a>__aeabi_memset8</STRONG> (Thumb, 0 bytes, Stack size 0 bytes, memseta.o(.text), UNUSED)

<P><STRONG><a name="[56]"></a>__aeabi_memclr</STRONG> (Thumb, 4 bytes, Stack size 0 bytes, memseta.o(.text))
<BR><BR>[Calls]<UL><LI><a href="#[57]">&gt;&gt;</a>&nbsp;&nbsp;&nbsp;__aeabi_memset
</UL>
<BR>[Called By]<UL><LI><a href="#[bd]">&gt;&gt;</a>&nbsp;&nbsp;&nbsp;fifo_clear
</UL>

<P><STRONG><a name="[ad]"></a>__aeabi_memclr4</STRONG> (Thumb, 0 bytes, Stack size 0 bytes, memseta.o(.text))
<BR><BR>[Called By]<UL><LI><a href="#[a4]">&gt;&gt;</a>&nbsp;&nbsp;&nbsp;debug_output
<LI><a href="#[81]">&gt;&gt;</a>&nbsp;&nbsp;&nbsp;ips200_show_float
</UL>

<P><STRONG><a name="[118]"></a>__aeabi_memclr8</STRONG> (Thumb, 0 bytes, Stack size 0 bytes, memseta.o(.text), UNUSED)

<P><STRONG><a name="[58]"></a>_memset$wrapper</STRONG> (Thumb, 18 bytes, Stack size 8 bytes, memseta.o(.text), UNUSED)
<BR><BR>[Calls]<UL><LI><a href="#[57]">&gt;&gt;</a>&nbsp;&nbsp;&nbsp;__aeabi_memset
</UL>

<P><STRONG><a name="[ab]"></a>strlen</STRONG> (Thumb, 14 bytes, Stack size 0 bytes, strlen.o(.text))
<BR><BR>[Called By]<UL><LI><a href="#[a4]">&gt;&gt;</a>&nbsp;&nbsp;&nbsp;debug_output
</UL>

<P><STRONG><a name="[cf]"></a>strncmp</STRONG> (Thumb, 30 bytes, Stack size 12 bytes, strncmp.o(.text))
<BR><BR>[Stack]<UL><LI>Max Depth = 12<LI>Call Chain = strncmp
</UL>
<BR>[Called By]<UL><LI><a href="#[89]">&gt;&gt;</a>&nbsp;&nbsp;&nbsp;gps_uart_callback
</UL>

<P><STRONG><a name="[59]"></a>__aeabi_fadd</STRONG> (Thumb, 164 bytes, Stack size 16 bytes, fadd.o(.text))
<BR><BR>[Stack]<UL><LI>Max Depth = 20<LI>Call Chain = __aeabi_fadd &rArr; _float_epilogue
</UL>
<BR>[Calls]<UL><LI><a href="#[5b]">&gt;&gt;</a>&nbsp;&nbsp;&nbsp;_float_round
<LI><a href="#[5a]">&gt;&gt;</a>&nbsp;&nbsp;&nbsp;_float_epilogue
</UL>
<BR>[Called By]<UL><LI><a href="#[5d]">&gt;&gt;</a>&nbsp;&nbsp;&nbsp;__aeabi_frsub
<LI><a href="#[87]">&gt;&gt;</a>&nbsp;&nbsp;&nbsp;motor_pid_speedcontrol
<LI><a href="#[5c]">&gt;&gt;</a>&nbsp;&nbsp;&nbsp;__aeabi_fsub
<LI><a href="#[49]">&gt;&gt;</a>&nbsp;&nbsp;&nbsp;main
</UL>

<P><STRONG><a name="[5c]"></a>__aeabi_fsub</STRONG> (Thumb, 6 bytes, Stack size 0 bytes, fadd.o(.text))
<BR><BR>[Stack]<UL><LI>Max Depth = 20<LI>Call Chain = __aeabi_fsub &rArr; __aeabi_fadd &rArr; _float_epilogue
</UL>
<BR>[Calls]<UL><LI><a href="#[59]">&gt;&gt;</a>&nbsp;&nbsp;&nbsp;__aeabi_fadd
</UL>
<BR>[Called By]<UL><LI><a href="#[87]">&gt;&gt;</a>&nbsp;&nbsp;&nbsp;motor_pid_speedcontrol
<LI><a href="#[49]">&gt;&gt;</a>&nbsp;&nbsp;&nbsp;main
</UL>

<P><STRONG><a name="[5d]"></a>__aeabi_frsub</STRONG> (Thumb, 6 bytes, Stack size 0 bytes, fadd.o(.text))
<BR><BR>[Stack]<UL><LI>Max Depth = 20<LI>Call Chain = __aeabi_frsub &rArr; __aeabi_fadd &rArr; _float_epilogue
</UL>
<BR>[Calls]<UL><LI><a href="#[59]">&gt;&gt;</a>&nbsp;&nbsp;&nbsp;__aeabi_fadd
</UL>
<BR>[Called By]<UL><LI><a href="#[c8]">&gt;&gt;</a>&nbsp;&nbsp;&nbsp;func_float_to_str
<LI><a href="#[81]">&gt;&gt;</a>&nbsp;&nbsp;&nbsp;ips200_show_float
<LI><a href="#[87]">&gt;&gt;</a>&nbsp;&nbsp;&nbsp;motor_pid_speedcontrol
</UL>

<P><STRONG><a name="[cb]"></a>__aeabi_fmul</STRONG> (Thumb, 100 bytes, Stack size 8 bytes, fmul.o(.text))
<BR><BR>[Stack]<UL><LI>Max Depth = 8<LI>Call Chain = __aeabi_fmul
</UL>
<BR>[Called By]<UL><LI><a href="#[c8]">&gt;&gt;</a>&nbsp;&nbsp;&nbsp;func_float_to_str
<LI><a href="#[fa]">&gt;&gt;</a>&nbsp;&nbsp;&nbsp;pwm_set_duty
<LI><a href="#[f6]">&gt;&gt;</a>&nbsp;&nbsp;&nbsp;pwm_init
<LI><a href="#[81]">&gt;&gt;</a>&nbsp;&nbsp;&nbsp;ips200_show_float
<LI><a href="#[87]">&gt;&gt;</a>&nbsp;&nbsp;&nbsp;motor_pid_speedcontrol
<LI><a href="#[49]">&gt;&gt;</a>&nbsp;&nbsp;&nbsp;main
</UL>

<P><STRONG><a name="[5e]"></a>__aeabi_fdiv</STRONG> (Thumb, 124 bytes, Stack size 8 bytes, fdiv.o(.text))
<BR><BR>[Stack]<UL><LI>Max Depth = 8<LI>Call Chain = __aeabi_fdiv
</UL>
<BR>[Calls]<UL><LI><a href="#[5b]">&gt;&gt;</a>&nbsp;&nbsp;&nbsp;_float_round
</UL>
<BR>[Called By]<UL><LI><a href="#[fa]">&gt;&gt;</a>&nbsp;&nbsp;&nbsp;pwm_set_duty
<LI><a href="#[f6]">&gt;&gt;</a>&nbsp;&nbsp;&nbsp;pwm_init
<LI><a href="#[86]">&gt;&gt;</a>&nbsp;&nbsp;&nbsp;get_motor_speed
<LI><a href="#[3c]">&gt;&gt;</a>&nbsp;&nbsp;&nbsp;TIM6_IRQHandler
</UL>

<P><STRONG><a name="[5f]"></a>__aeabi_dadd</STRONG> (Thumb, 322 bytes, Stack size 48 bytes, dadd.o(.text))
<BR><BR>[Stack]<UL><LI>Max Depth = 88<LI>Call Chain = __aeabi_dadd &rArr; _double_epilogue &rArr; _double_round
</UL>
<BR>[Calls]<UL><LI><a href="#[63]">&gt;&gt;</a>&nbsp;&nbsp;&nbsp;_double_round
<LI><a href="#[62]">&gt;&gt;</a>&nbsp;&nbsp;&nbsp;_double_epilogue
<LI><a href="#[61]">&gt;&gt;</a>&nbsp;&nbsp;&nbsp;__aeabi_lasr
<LI><a href="#[60]">&gt;&gt;</a>&nbsp;&nbsp;&nbsp;__aeabi_llsl
</UL>
<BR>[Called By]<UL><LI><a href="#[65]">&gt;&gt;</a>&nbsp;&nbsp;&nbsp;__aeabi_drsub
<LI><a href="#[64]">&gt;&gt;</a>&nbsp;&nbsp;&nbsp;__aeabi_dsub
<LI><a href="#[de]">&gt;&gt;</a>&nbsp;&nbsp;&nbsp;key_1
<LI><a href="#[8d]">&gt;&gt;</a>&nbsp;&nbsp;&nbsp;_fp_digits
</UL>

<P><STRONG><a name="[64]"></a>__aeabi_dsub</STRONG> (Thumb, 6 bytes, Stack size 0 bytes, dadd.o(.text))
<BR><BR>[Stack]<UL><LI>Max Depth = 88<LI>Call Chain = __aeabi_dsub &rArr; __aeabi_dadd &rArr; _double_epilogue &rArr; _double_round
</UL>
<BR>[Calls]<UL><LI><a href="#[5f]">&gt;&gt;</a>&nbsp;&nbsp;&nbsp;__aeabi_dadd
</UL>
<BR>[Called By]<UL><LI><a href="#[e0]">&gt;&gt;</a>&nbsp;&nbsp;&nbsp;key_2
</UL>

<P><STRONG><a name="[65]"></a>__aeabi_drsub</STRONG> (Thumb, 6 bytes, Stack size 0 bytes, dadd.o(.text), UNUSED)
<BR><BR>[Calls]<UL><LI><a href="#[5f]">&gt;&gt;</a>&nbsp;&nbsp;&nbsp;__aeabi_dadd
</UL>

<P><STRONG><a name="[66]"></a>__aeabi_dmul</STRONG> (Thumb, 228 bytes, Stack size 48 bytes, dmul.o(.text))
<BR><BR>[Stack]<UL><LI>Max Depth = 88<LI>Call Chain = __aeabi_dmul &rArr; _double_epilogue &rArr; _double_round
</UL>
<BR>[Calls]<UL><LI><a href="#[62]">&gt;&gt;</a>&nbsp;&nbsp;&nbsp;_double_epilogue
</UL>
<BR>[Called By]<UL><LI><a href="#[86]">&gt;&gt;</a>&nbsp;&nbsp;&nbsp;get_motor_speed
<LI><a href="#[79]">&gt;&gt;</a>&nbsp;&nbsp;&nbsp;dm1xa_sound_callback
<LI><a href="#[8d]">&gt;&gt;</a>&nbsp;&nbsp;&nbsp;_fp_digits
</UL>

<P><STRONG><a name="[67]"></a>__aeabi_ddiv</STRONG> (Thumb, 222 bytes, Stack size 32 bytes, ddiv.o(.text), UNUSED)
<BR><BR>[Calls]<UL><LI><a href="#[63]">&gt;&gt;</a>&nbsp;&nbsp;&nbsp;_double_round
</UL>
<BR>[Called By]<UL><LI><a href="#[8d]">&gt;&gt;</a>&nbsp;&nbsp;&nbsp;_fp_digits
</UL>

<P><STRONG><a name="[68]"></a>__aeabi_i2f</STRONG> (Thumb, 18 bytes, Stack size 0 bytes, fflti.o(.text))
<BR><BR>[Stack]<UL><LI>Max Depth = 4<LI>Call Chain = __aeabi_i2f &rArr; _float_epilogue
</UL>
<BR>[Calls]<UL><LI><a href="#[5a]">&gt;&gt;</a>&nbsp;&nbsp;&nbsp;_float_epilogue
</UL>
<BR>[Called By]<UL><LI><a href="#[c8]">&gt;&gt;</a>&nbsp;&nbsp;&nbsp;func_float_to_str
<LI><a href="#[81]">&gt;&gt;</a>&nbsp;&nbsp;&nbsp;ips200_show_float
<LI><a href="#[e5]">&gt;&gt;</a>&nbsp;&nbsp;&nbsp;key_4_double
<LI><a href="#[86]">&gt;&gt;</a>&nbsp;&nbsp;&nbsp;get_motor_speed
<LI><a href="#[3c]">&gt;&gt;</a>&nbsp;&nbsp;&nbsp;TIM6_IRQHandler
<LI><a href="#[49]">&gt;&gt;</a>&nbsp;&nbsp;&nbsp;main
</UL>

<P><STRONG><a name="[69]"></a>__aeabi_ui2f</STRONG> (Thumb, 10 bytes, Stack size 0 bytes, ffltui.o(.text))
<BR><BR>[Stack]<UL><LI>Max Depth = 4<LI>Call Chain = __aeabi_ui2f &rArr; _float_epilogue
</UL>
<BR>[Calls]<UL><LI><a href="#[5a]">&gt;&gt;</a>&nbsp;&nbsp;&nbsp;_float_epilogue
</UL>
<BR>[Called By]<UL><LI><a href="#[fa]">&gt;&gt;</a>&nbsp;&nbsp;&nbsp;pwm_set_duty
<LI><a href="#[f6]">&gt;&gt;</a>&nbsp;&nbsp;&nbsp;pwm_init
<LI><a href="#[79]">&gt;&gt;</a>&nbsp;&nbsp;&nbsp;dm1xa_sound_callback
</UL>

<P><STRONG><a name="[85]"></a>__aeabi_f2iz</STRONG> (Thumb, 50 bytes, Stack size 0 bytes, ffixi.o(.text))
<BR><BR>[Called By]<UL><LI><a href="#[c8]">&gt;&gt;</a>&nbsp;&nbsp;&nbsp;func_float_to_str
<LI><a href="#[81]">&gt;&gt;</a>&nbsp;&nbsp;&nbsp;ips200_show_float
<LI><a href="#[87]">&gt;&gt;</a>&nbsp;&nbsp;&nbsp;motor_pid_speedcontrol
<LI><a href="#[3c]">&gt;&gt;</a>&nbsp;&nbsp;&nbsp;TIM6_IRQHandler
<LI><a href="#[49]">&gt;&gt;</a>&nbsp;&nbsp;&nbsp;main
</UL>

<P><STRONG><a name="[105]"></a>__aeabi_f2uiz</STRONG> (Thumb, 40 bytes, Stack size 0 bytes, ffixui.o(.text))
<BR><BR>[Called By]<UL><LI><a href="#[fa]">&gt;&gt;</a>&nbsp;&nbsp;&nbsp;pwm_set_duty
<LI><a href="#[f6]">&gt;&gt;</a>&nbsp;&nbsp;&nbsp;pwm_init
</UL>

<P><STRONG><a name="[6a]"></a>__aeabi_d2uiz</STRONG> (Thumb, 50 bytes, Stack size 8 bytes, dfixui.o(.text))
<BR><BR>[Stack]<UL><LI>Max Depth = 8<LI>Call Chain = __aeabi_d2uiz
</UL>
<BR>[Calls]<UL><LI><a href="#[6b]">&gt;&gt;</a>&nbsp;&nbsp;&nbsp;__aeabi_llsr
</UL>
<BR>[Called By]<UL><LI><a href="#[79]">&gt;&gt;</a>&nbsp;&nbsp;&nbsp;dm1xa_sound_callback
</UL>

<P><STRONG><a name="[b4]"></a>__aeabi_f2d</STRONG> (Thumb, 38 bytes, Stack size 0 bytes, f2d.o(.text))
<BR><BR>[Called By]<UL><LI><a href="#[c8]">&gt;&gt;</a>&nbsp;&nbsp;&nbsp;func_float_to_str
<LI><a href="#[e0]">&gt;&gt;</a>&nbsp;&nbsp;&nbsp;key_2
<LI><a href="#[de]">&gt;&gt;</a>&nbsp;&nbsp;&nbsp;key_1
<LI><a href="#[86]">&gt;&gt;</a>&nbsp;&nbsp;&nbsp;get_motor_speed
<LI><a href="#[79]">&gt;&gt;</a>&nbsp;&nbsp;&nbsp;dm1xa_sound_callback
<LI><a href="#[49]">&gt;&gt;</a>&nbsp;&nbsp;&nbsp;main
</UL>

<P><STRONG><a name="[ca]"></a>__aeabi_cdcmpeq</STRONG> (Thumb, 0 bytes, Stack size 0 bytes, cdcmple.o(.text))
<BR><BR>[Called By]<UL><LI><a href="#[c8]">&gt;&gt;</a>&nbsp;&nbsp;&nbsp;func_float_to_str
</UL>

<P><STRONG><a name="[119]"></a>__aeabi_cdcmple</STRONG> (Thumb, 48 bytes, Stack size 0 bytes, cdcmple.o(.text), UNUSED)

<P><STRONG><a name="[8e]"></a>__aeabi_cdrcmple</STRONG> (Thumb, 48 bytes, Stack size 0 bytes, cdrcmple.o(.text), UNUSED)
<BR><BR>[Called By]<UL><LI><a href="#[8d]">&gt;&gt;</a>&nbsp;&nbsp;&nbsp;_fp_digits
</UL>

<P><STRONG><a name="[6c]"></a>__aeabi_d2f</STRONG> (Thumb, 56 bytes, Stack size 8 bytes, d2f.o(.text))
<BR><BR>[Stack]<UL><LI>Max Depth = 8<LI>Call Chain = __aeabi_d2f
</UL>
<BR>[Calls]<UL><LI><a href="#[5b]">&gt;&gt;</a>&nbsp;&nbsp;&nbsp;_float_round
</UL>
<BR>[Called By]<UL><LI><a href="#[e0]">&gt;&gt;</a>&nbsp;&nbsp;&nbsp;key_2
<LI><a href="#[de]">&gt;&gt;</a>&nbsp;&nbsp;&nbsp;key_1
<LI><a href="#[86]">&gt;&gt;</a>&nbsp;&nbsp;&nbsp;get_motor_speed
</UL>

<P><STRONG><a name="[e6]"></a>__aeabi_cfcmpeq</STRONG> (Thumb, 0 bytes, Stack size 0 bytes, cfcmple.o(.text))
<BR><BR>[Called By]<UL><LI><a href="#[e5]">&gt;&gt;</a>&nbsp;&nbsp;&nbsp;key_4_double
</UL>

<P><STRONG><a name="[f7]"></a>__aeabi_cfcmple</STRONG> (Thumb, 20 bytes, Stack size 0 bytes, cfcmple.o(.text))
<BR><BR>[Called By]<UL><LI><a href="#[87]">&gt;&gt;</a>&nbsp;&nbsp;&nbsp;motor_pid_speedcontrol
</UL>

<P><STRONG><a name="[c9]"></a>__aeabi_cfrcmple</STRONG> (Thumb, 20 bytes, Stack size 0 bytes, cfrcmple.o(.text))
<BR><BR>[Called By]<UL><LI><a href="#[c8]">&gt;&gt;</a>&nbsp;&nbsp;&nbsp;func_float_to_str
<LI><a href="#[87]">&gt;&gt;</a>&nbsp;&nbsp;&nbsp;motor_pid_speedcontrol
</UL>

<P><STRONG><a name="[11a]"></a>__aeabi_uidiv</STRONG> (Thumb, 0 bytes, Stack size 12 bytes, uidiv.o(.text), UNUSED)

<P><STRONG><a name="[91]"></a>__aeabi_uidivmod</STRONG> (Thumb, 44 bytes, Stack size 12 bytes, uidiv.o(.text), UNUSED)
<BR><BR>[Called By]<UL><LI><a href="#[8b]">&gt;&gt;</a>&nbsp;&nbsp;&nbsp;_printf_core
</UL>

<P><STRONG><a name="[6d]"></a>__aeabi_uldivmod</STRONG> (Thumb, 98 bytes, Stack size 40 bytes, uldiv.o(.text), UNUSED)
<BR><BR>[Calls]<UL><LI><a href="#[6b]">&gt;&gt;</a>&nbsp;&nbsp;&nbsp;__aeabi_llsr
<LI><a href="#[60]">&gt;&gt;</a>&nbsp;&nbsp;&nbsp;__aeabi_llsl
</UL>
<BR>[Called By]<UL><LI><a href="#[8b]">&gt;&gt;</a>&nbsp;&nbsp;&nbsp;_printf_core
<LI><a href="#[8d]">&gt;&gt;</a>&nbsp;&nbsp;&nbsp;_fp_digits
</UL>

<P><STRONG><a name="[60]"></a>__aeabi_llsl</STRONG> (Thumb, 30 bytes, Stack size 0 bytes, llshl.o(.text))
<BR><BR>[Called By]<UL><LI><a href="#[5f]">&gt;&gt;</a>&nbsp;&nbsp;&nbsp;__aeabi_dadd
<LI><a href="#[62]">&gt;&gt;</a>&nbsp;&nbsp;&nbsp;_double_epilogue
<LI><a href="#[6e]">&gt;&gt;</a>&nbsp;&nbsp;&nbsp;__aeabi_d2ulz
<LI><a href="#[6d]">&gt;&gt;</a>&nbsp;&nbsp;&nbsp;__aeabi_uldivmod
</UL>

<P><STRONG><a name="[11b]"></a>_ll_shift_l</STRONG> (Thumb, 0 bytes, Stack size 0 bytes, llshl.o(.text), UNUSED)

<P><STRONG><a name="[6b]"></a>__aeabi_llsr</STRONG> (Thumb, 32 bytes, Stack size 0 bytes, llushr.o(.text))
<BR><BR>[Called By]<UL><LI><a href="#[6a]">&gt;&gt;</a>&nbsp;&nbsp;&nbsp;__aeabi_d2uiz
<LI><a href="#[62]">&gt;&gt;</a>&nbsp;&nbsp;&nbsp;_double_epilogue
<LI><a href="#[6e]">&gt;&gt;</a>&nbsp;&nbsp;&nbsp;__aeabi_d2ulz
<LI><a href="#[6d]">&gt;&gt;</a>&nbsp;&nbsp;&nbsp;__aeabi_uldivmod
</UL>

<P><STRONG><a name="[11c]"></a>_ll_ushift_r</STRONG> (Thumb, 0 bytes, Stack size 0 bytes, llushr.o(.text), UNUSED)

<P><STRONG><a name="[61]"></a>__aeabi_lasr</STRONG> (Thumb, 36 bytes, Stack size 0 bytes, llsshr.o(.text))
<BR><BR>[Called By]<UL><LI><a href="#[5f]">&gt;&gt;</a>&nbsp;&nbsp;&nbsp;__aeabi_dadd
</UL>

<P><STRONG><a name="[11d]"></a>_ll_sshift_r</STRONG> (Thumb, 0 bytes, Stack size 0 bytes, llsshr.o(.text), UNUSED)

<P><STRONG><a name="[11e]"></a>__I$use$fp</STRONG> (Thumb, 0 bytes, Stack size 0 bytes, iusefp.o(.text), UNUSED)

<P><STRONG><a name="[5b]"></a>_float_round</STRONG> (Thumb, 18 bytes, Stack size 0 bytes, fepilogue.o(.text))
<BR><BR>[Called By]<UL><LI><a href="#[6c]">&gt;&gt;</a>&nbsp;&nbsp;&nbsp;__aeabi_d2f
<LI><a href="#[5e]">&gt;&gt;</a>&nbsp;&nbsp;&nbsp;__aeabi_fdiv
<LI><a href="#[59]">&gt;&gt;</a>&nbsp;&nbsp;&nbsp;__aeabi_fadd
</UL>

<P><STRONG><a name="[5a]"></a>_float_epilogue</STRONG> (Thumb, 92 bytes, Stack size 4 bytes, fepilogue.o(.text))
<BR><BR>[Stack]<UL><LI>Max Depth = 4<LI>Call Chain = _float_epilogue
</UL>
<BR>[Called By]<UL><LI><a href="#[69]">&gt;&gt;</a>&nbsp;&nbsp;&nbsp;__aeabi_ui2f
<LI><a href="#[68]">&gt;&gt;</a>&nbsp;&nbsp;&nbsp;__aeabi_i2f
<LI><a href="#[59]">&gt;&gt;</a>&nbsp;&nbsp;&nbsp;__aeabi_fadd
</UL>

<P><STRONG><a name="[63]"></a>_double_round</STRONG> (Thumb, 30 bytes, Stack size 8 bytes, depilogue.o(.text))
<BR><BR>[Stack]<UL><LI>Max Depth = 8<LI>Call Chain = _double_round
</UL>
<BR>[Called By]<UL><LI><a href="#[67]">&gt;&gt;</a>&nbsp;&nbsp;&nbsp;__aeabi_ddiv
<LI><a href="#[5f]">&gt;&gt;</a>&nbsp;&nbsp;&nbsp;__aeabi_dadd
<LI><a href="#[62]">&gt;&gt;</a>&nbsp;&nbsp;&nbsp;_double_epilogue
</UL>

<P><STRONG><a name="[62]"></a>_double_epilogue</STRONG> (Thumb, 156 bytes, Stack size 32 bytes, depilogue.o(.text))
<BR><BR>[Stack]<UL><LI>Max Depth = 40<LI>Call Chain = _double_epilogue &rArr; _double_round
</UL>
<BR>[Calls]<UL><LI><a href="#[63]">&gt;&gt;</a>&nbsp;&nbsp;&nbsp;_double_round
<LI><a href="#[6b]">&gt;&gt;</a>&nbsp;&nbsp;&nbsp;__aeabi_llsr
<LI><a href="#[60]">&gt;&gt;</a>&nbsp;&nbsp;&nbsp;__aeabi_llsl
</UL>
<BR>[Called By]<UL><LI><a href="#[66]">&gt;&gt;</a>&nbsp;&nbsp;&nbsp;__aeabi_dmul
<LI><a href="#[5f]">&gt;&gt;</a>&nbsp;&nbsp;&nbsp;__aeabi_dadd
</UL>

<P><STRONG><a name="[6e]"></a>__aeabi_d2ulz</STRONG> (Thumb, 48 bytes, Stack size 0 bytes, dfixul.o(.text), UNUSED)
<BR><BR>[Calls]<UL><LI><a href="#[6b]">&gt;&gt;</a>&nbsp;&nbsp;&nbsp;__aeabi_llsr
<LI><a href="#[60]">&gt;&gt;</a>&nbsp;&nbsp;&nbsp;__aeabi_llsl
</UL>
<BR>[Called By]<UL><LI><a href="#[8d]">&gt;&gt;</a>&nbsp;&nbsp;&nbsp;_fp_digits
</UL>

<P><STRONG><a name="[55]"></a>__scatterload</STRONG> (Thumb, 28 bytes, Stack size 0 bytes, init.o(.text))
<BR><BR>[Calls]<UL><LI><a href="#[6f]">&gt;&gt;</a>&nbsp;&nbsp;&nbsp;__main_after_scatterload
</UL>
<BR>[Called By]<UL><LI><a href="#[54]">&gt;&gt;</a>&nbsp;&nbsp;&nbsp;_main_scatterload
</UL>

<P><STRONG><a name="[11f]"></a>__scatterload_rt2</STRONG> (Thumb, 0 bytes, Stack size 0 bytes, init.o(.text), UNUSED)

<P><STRONG><a name="[120]"></a>__decompress</STRONG> (Thumb, 0 bytes, Stack size unknown bytes, __dczerorl2.o(.text), UNUSED)

<P><STRONG><a name="[121]"></a>__decompress1</STRONG> (Thumb, 86 bytes, Stack size unknown bytes, __dczerorl2.o(.text), UNUSED)

<P><STRONG><a name="[72]"></a>mt9v03x_set_config_sccb</STRONG> (Thumb, 2498 bytes, Stack size 128 bytes, zf_device_config.o(.text.mt9v03x_set_config_sccb))
<BR><BR>[Stack]<UL><LI>Max Depth = 872<LI>Call Chain = mt9v03x_set_config_sccb &rArr; mt9v03x_read_word_sccb &rArr; soft_iic_sccb_read_register &rArr; soft_iic_read_data &rArr; soft_iic_send_ack &rArr; debug_assert_handler &rArr; debug_output &rArr; __2sprintf
</UL>
<BR>[Calls]<UL><LI><a href="#[74]">&gt;&gt;</a>&nbsp;&nbsp;&nbsp;system_delay
<LI><a href="#[70]">&gt;&gt;</a>&nbsp;&nbsp;&nbsp;mt9v03x_read_word_sccb
<LI><a href="#[73]">&gt;&gt;</a>&nbsp;&nbsp;&nbsp;mt9v03x_write_word_sccb
</UL>
<BR>[Called By]<UL><LI><a href="#[ec]">&gt;&gt;</a>&nbsp;&nbsp;&nbsp;mt9v03x_init
</UL>

<P><STRONG><a name="[75]"></a>mt9v03x_set_exposure_time_sccb</STRONG> (Thumb, 150 bytes, Stack size 16 bytes, zf_device_config.o(.text.mt9v03x_set_exposure_time_sccb))
<BR><BR>[Stack]<UL><LI>Max Depth = 752<LI>Call Chain = mt9v03x_set_exposure_time_sccb &rArr; mt9v03x_write_word_sccb &rArr; soft_iic_sccb_write_register &rArr; soft_iic_send_data &rArr; soft_iic_wait_ack &rArr; debug_assert_handler &rArr; debug_output &rArr; __2sprintf
</UL>
<BR>[Calls]<UL><LI><a href="#[73]">&gt;&gt;</a>&nbsp;&nbsp;&nbsp;mt9v03x_write_word_sccb
</UL>
<BR>[Called By]<UL><LI><a href="#[ed]">&gt;&gt;</a>&nbsp;&nbsp;&nbsp;mt9v03x_set_exposure_time
</UL>

<P><STRONG><a name="[76]"></a>mt9v03x_set_reg_sccb</STRONG> (Thumb, 30 bytes, Stack size 16 bytes, zf_device_config.o(.text.mt9v03x_set_reg_sccb))
<BR><BR>[Stack]<UL><LI>Max Depth = 752<LI>Call Chain = mt9v03x_set_reg_sccb &rArr; mt9v03x_write_word_sccb &rArr; soft_iic_sccb_write_register &rArr; soft_iic_send_data &rArr; soft_iic_wait_ack &rArr; debug_assert_handler &rArr; debug_output &rArr; __2sprintf
</UL>
<BR>[Calls]<UL><LI><a href="#[73]">&gt;&gt;</a>&nbsp;&nbsp;&nbsp;mt9v03x_write_word_sccb
</UL>
<BR>[Called By]<UL><LI><a href="#[ee]">&gt;&gt;</a>&nbsp;&nbsp;&nbsp;mt9v03x_set_reg
</UL>

<P><STRONG><a name="[16]"></a>DMA1_Channel1_IRQHandler</STRONG> (Thumb, 24 bytes, Stack size 0 bytes, isr.o(i.DMA1_Channel1_IRQHandler))
<BR>[Address Reference Count : 1]<UL><LI> startup_mm32f3277g.o(RESET)
</UL>
<P><STRONG><a name="[17]"></a>DMA1_Channel2_IRQHandler</STRONG> (Thumb, 24 bytes, Stack size 0 bytes, isr.o(i.DMA1_Channel2_IRQHandler))
<BR>[Address Reference Count : 1]<UL><LI> startup_mm32f3277g.o(RESET)
</UL>
<P><STRONG><a name="[18]"></a>DMA1_Channel3_IRQHandler</STRONG> (Thumb, 24 bytes, Stack size 0 bytes, isr.o(i.DMA1_Channel3_IRQHandler))
<BR>[Address Reference Count : 1]<UL><LI> startup_mm32f3277g.o(RESET)
</UL>
<P><STRONG><a name="[19]"></a>DMA1_Channel4_IRQHandler</STRONG> (Thumb, 32 bytes, Stack size 8 bytes, isr.o(i.DMA1_Channel4_IRQHandler))
<BR><BR>[Stack]<UL><LI>Max Depth = 8<LI>Call Chain = DMA1_Channel4_IRQHandler
</UL>
<BR>[Address Reference Count : 1]<UL><LI> startup_mm32f3277g.o(RESET)
</UL>
<P><STRONG><a name="[1a]"></a>DMA1_Channel5_IRQHandler</STRONG> (Thumb, 24 bytes, Stack size 0 bytes, isr.o(i.DMA1_Channel5_IRQHandler))
<BR>[Address Reference Count : 1]<UL><LI> startup_mm32f3277g.o(RESET)
</UL>
<P><STRONG><a name="[1b]"></a>DMA1_Channel6_IRQHandler</STRONG> (Thumb, 24 bytes, Stack size 0 bytes, isr.o(i.DMA1_Channel6_IRQHandler))
<BR>[Address Reference Count : 1]<UL><LI> startup_mm32f3277g.o(RESET)
</UL>
<P><STRONG><a name="[1c]"></a>DMA1_Channel7_IRQHandler</STRONG> (Thumb, 24 bytes, Stack size 0 bytes, isr.o(i.DMA1_Channel7_IRQHandler))
<BR>[Address Reference Count : 1]<UL><LI> startup_mm32f3277g.o(RESET)
</UL>
<P><STRONG><a name="[3e]"></a>DMA2_Channel1_IRQHandler</STRONG> (Thumb, 28 bytes, Stack size 0 bytes, isr.o(i.DMA2_Channel1_IRQHandler))
<BR>[Address Reference Count : 1]<UL><LI> startup_mm32f3277g.o(RESET)
</UL>
<P><STRONG><a name="[3f]"></a>DMA2_Channel2_IRQHandler</STRONG> (Thumb, 28 bytes, Stack size 0 bytes, isr.o(i.DMA2_Channel2_IRQHandler))
<BR>[Address Reference Count : 1]<UL><LI> startup_mm32f3277g.o(RESET)
</UL>
<P><STRONG><a name="[40]"></a>DMA2_Channel3_IRQHandler</STRONG> (Thumb, 28 bytes, Stack size 0 bytes, isr.o(i.DMA2_Channel3_IRQHandler))
<BR>[Address Reference Count : 1]<UL><LI> startup_mm32f3277g.o(RESET)
</UL>
<P><STRONG><a name="[41]"></a>DMA2_Channel4_IRQHandler</STRONG> (Thumb, 28 bytes, Stack size 0 bytes, isr.o(i.DMA2_Channel4_IRQHandler))
<BR>[Address Reference Count : 1]<UL><LI> startup_mm32f3277g.o(RESET)
</UL>
<P><STRONG><a name="[42]"></a>DMA2_Channel5_IRQHandler</STRONG> (Thumb, 28 bytes, Stack size 0 bytes, isr.o(i.DMA2_Channel5_IRQHandler))
<BR>[Address Reference Count : 1]<UL><LI> startup_mm32f3277g.o(RESET)
</UL>
<P><STRONG><a name="[11]"></a>EXTI0_IRQHandler</STRONG> (Thumb, 14 bytes, Stack size 0 bytes, isr.o(i.EXTI0_IRQHandler))
<BR>[Address Reference Count : 1]<UL><LI> startup_mm32f3277g.o(RESET)
</UL>
<P><STRONG><a name="[2f]"></a>EXTI15_10_IRQHandler</STRONG> (Thumb, 144 bytes, Stack size 8 bytes, isr.o(i.EXTI15_10_IRQHandler))
<BR><BR>[Stack]<UL><LI>Max Depth = 120<LI>Call Chain = EXTI15_10_IRQHandler &rArr; dm1xa_sound_callback &rArr; __aeabi_dmul &rArr; _double_epilogue &rArr; _double_round
</UL>
<BR>[Calls]<UL><LI><a href="#[79]">&gt;&gt;</a>&nbsp;&nbsp;&nbsp;dm1xa_sound_callback
<LI><a href="#[78]">&gt;&gt;</a>&nbsp;&nbsp;&nbsp;dm1xa_light_callback
</UL>
<BR>[Address Reference Count : 1]<UL><LI> startup_mm32f3277g.o(RESET)
</UL>
<P><STRONG><a name="[12]"></a>EXTI1_IRQHandler</STRONG> (Thumb, 14 bytes, Stack size 0 bytes, isr.o(i.EXTI1_IRQHandler))
<BR>[Address Reference Count : 1]<UL><LI> startup_mm32f3277g.o(RESET)
</UL>
<P><STRONG><a name="[13]"></a>EXTI2_IRQHandler</STRONG> (Thumb, 14 bytes, Stack size 0 bytes, isr.o(i.EXTI2_IRQHandler))
<BR>[Address Reference Count : 1]<UL><LI> startup_mm32f3277g.o(RESET)
</UL>
<P><STRONG><a name="[14]"></a>EXTI3_IRQHandler</STRONG> (Thumb, 14 bytes, Stack size 0 bytes, isr.o(i.EXTI3_IRQHandler))
<BR>[Address Reference Count : 1]<UL><LI> startup_mm32f3277g.o(RESET)
</UL>
<P><STRONG><a name="[15]"></a>EXTI4_IRQHandler</STRONG> (Thumb, 14 bytes, Stack size 0 bytes, isr.o(i.EXTI4_IRQHandler))
<BR>[Address Reference Count : 1]<UL><LI> startup_mm32f3277g.o(RESET)
</UL>
<P><STRONG><a name="[20]"></a>EXTI9_5_IRQHandler</STRONG> (Thumb, 120 bytes, Stack size 8 bytes, isr.o(i.EXTI9_5_IRQHandler))
<BR><BR>[Stack]<UL><LI>Max Depth = 8<LI>Call Chain = EXTI9_5_IRQHandler
</UL>
<BR>[Address Reference Count : 1]<UL><LI> startup_mm32f3277g.o(RESET)
</UL>
<P><STRONG><a name="[7a]"></a>Init_menu</STRONG> (Thumb, 208 bytes, Stack size 16 bytes, mymenu.o(i.Init_menu))
<BR><BR>[Stack]<UL><LI>Max Depth = 88<LI>Call Chain = Init_menu &rArr; dynamic_create_menu_txt &rArr; create_menu_txt &rArr; create_menu_item
</UL>
<BR>[Calls]<UL><LI><a href="#[7c]">&gt;&gt;</a>&nbsp;&nbsp;&nbsp;dynamic_create_menu_txt
<LI><a href="#[7b]">&gt;&gt;</a>&nbsp;&nbsp;&nbsp;dynamic_create_menu_folder
</UL>
<BR>[Called By]<UL><LI><a href="#[49]">&gt;&gt;</a>&nbsp;&nbsp;&nbsp;main
</UL>

<P><STRONG><a name="[7d]"></a>Show_array</STRONG> (Thumb, 60 bytes, Stack size 16 bytes, mymenu.o(i.Show_array))
<BR><BR>[Stack]<UL><LI>Max Depth = 768<LI>Call Chain = Show_array &rArr; ips200_show_string &rArr; ips200_show_char &rArr; ips200_set_region &rArr; debug_assert_handler &rArr; debug_output &rArr; __2sprintf
</UL>
<BR>[Calls]<UL><LI><a href="#[4f]">&gt;&gt;</a>&nbsp;&nbsp;&nbsp;ips200_show_string
</UL>
<BR>[Called By]<UL><LI><a href="#[7e]">&gt;&gt;</a>&nbsp;&nbsp;&nbsp;Show_menu
</UL>

<P><STRONG><a name="[7e]"></a>Show_menu</STRONG> (Thumb, 46 bytes, Stack size 16 bytes, mymenu.o(i.Show_menu))
<BR><BR>[Stack]<UL><LI>Max Depth = 880<LI>Call Chain = Show_menu &rArr; Show_txt &rArr; ips200_show_float &rArr; func_float_to_str &rArr; debug_assert_handler &rArr; debug_output &rArr; __2sprintf
</UL>
<BR>[Calls]<UL><LI><a href="#[7f]">&gt;&gt;</a>&nbsp;&nbsp;&nbsp;Show_txt
<LI><a href="#[7d]">&gt;&gt;</a>&nbsp;&nbsp;&nbsp;Show_array
<LI><a href="#[4f]">&gt;&gt;</a>&nbsp;&nbsp;&nbsp;ips200_show_string
</UL>
<BR>[Called By]<UL><LI><a href="#[49]">&gt;&gt;</a>&nbsp;&nbsp;&nbsp;main
</UL>

<P><STRONG><a name="[7f]"></a>Show_txt</STRONG> (Thumb, 216 bytes, Stack size 24 bytes, mymenu.o(i.Show_txt))
<BR><BR>[Stack]<UL><LI>Max Depth = 864<LI>Call Chain = Show_txt &rArr; ips200_show_float &rArr; func_float_to_str &rArr; debug_assert_handler &rArr; debug_output &rArr; __2sprintf
</UL>
<BR>[Calls]<UL><LI><a href="#[80]">&gt;&gt;</a>&nbsp;&nbsp;&nbsp;ips200_show_int
<LI><a href="#[81]">&gt;&gt;</a>&nbsp;&nbsp;&nbsp;ips200_show_float
<LI><a href="#[4f]">&gt;&gt;</a>&nbsp;&nbsp;&nbsp;ips200_show_string
</UL>
<BR>[Called By]<UL><LI><a href="#[7e]">&gt;&gt;</a>&nbsp;&nbsp;&nbsp;Show_menu
</UL>

<P><STRONG><a name="[4a]"></a>SystemInit</STRONG> (Thumb, 10 bytes, Stack size 8 bytes, system_mm32f3277g.o(i.SystemInit))
<BR><BR>[Stack]<UL><LI>Max Depth = 32<LI>Call Chain = SystemInit &rArr; clock_init &rArr; clock_set_freq
</UL>
<BR>[Calls]<UL><LI><a href="#[82]">&gt;&gt;</a>&nbsp;&nbsp;&nbsp;clock_init
</UL>
<BR>[Address Reference Count : 1]<UL><LI> startup_mm32f3277g.o(.text)
</UL>
<P><STRONG><a name="[22]"></a>TIM1_UP_IRQHandler</STRONG> (Thumb, 16 bytes, Stack size 0 bytes, isr.o(i.TIM1_UP_IRQHandler))
<BR>[Address Reference Count : 1]<UL><LI> startup_mm32f3277g.o(RESET)
</UL>
<P><STRONG><a name="[25]"></a>TIM2_IRQHandler</STRONG> (Thumb, 22 bytes, Stack size 0 bytes, isr.o(i.TIM2_IRQHandler))
<BR>[Address Reference Count : 1]<UL><LI> startup_mm32f3277g.o(RESET)
</UL>
<P><STRONG><a name="[26]"></a>TIM3_IRQHandler</STRONG> (Thumb, 16 bytes, Stack size 0 bytes, isr.o(i.TIM3_IRQHandler))
<BR>[Address Reference Count : 1]<UL><LI> startup_mm32f3277g.o(RESET)
</UL>
<P><STRONG><a name="[27]"></a>TIM4_IRQHandler</STRONG> (Thumb, 16 bytes, Stack size 0 bytes, isr.o(i.TIM4_IRQHandler))
<BR>[Address Reference Count : 1]<UL><LI> startup_mm32f3277g.o(RESET)
</UL>
<P><STRONG><a name="[38]"></a>TIM5_IRQHandler</STRONG> (Thumb, 16 bytes, Stack size 0 bytes, isr.o(i.TIM5_IRQHandler))
<BR>[Address Reference Count : 1]<UL><LI> startup_mm32f3277g.o(RESET)
</UL>
<P><STRONG><a name="[3c]"></a>TIM6_IRQHandler</STRONG> (Thumb, 120 bytes, Stack size 16 bytes, isr.o(i.TIM6_IRQHandler))
<BR><BR>[Stack]<UL><LI>Max Depth = 776<LI>Call Chain = TIM6_IRQHandler &rArr; motor_pid_speedcontrol &rArr; motorr_set_pwm &rArr; pwm_set_duty &rArr; debug_assert_handler &rArr; debug_output &rArr; __2sprintf
</UL>
<BR>[Calls]<UL><LI><a href="#[87]">&gt;&gt;</a>&nbsp;&nbsp;&nbsp;motor_pid_speedcontrol
<LI><a href="#[86]">&gt;&gt;</a>&nbsp;&nbsp;&nbsp;get_motor_speed
<LI><a href="#[83]">&gt;&gt;</a>&nbsp;&nbsp;&nbsp;encoder_get_count
<LI><a href="#[84]">&gt;&gt;</a>&nbsp;&nbsp;&nbsp;encoder_clear_count
<LI><a href="#[5e]">&gt;&gt;</a>&nbsp;&nbsp;&nbsp;__aeabi_fdiv
<LI><a href="#[68]">&gt;&gt;</a>&nbsp;&nbsp;&nbsp;__aeabi_i2f
<LI><a href="#[85]">&gt;&gt;</a>&nbsp;&nbsp;&nbsp;__aeabi_f2iz
</UL>
<BR>[Address Reference Count : 1]<UL><LI> startup_mm32f3277g.o(RESET)
</UL>
<P><STRONG><a name="[3d]"></a>TIM7_IRQHandler</STRONG> (Thumb, 16 bytes, Stack size 0 bytes, isr.o(i.TIM7_IRQHandler))
<BR>[Address Reference Count : 1]<UL><LI> startup_mm32f3277g.o(RESET)
</UL>
<P><STRONG><a name="[33]"></a>TIM8_UP_IRQHandler</STRONG> (Thumb, 22 bytes, Stack size 8 bytes, isr.o(i.TIM8_UP_IRQHandler))
<BR><BR>[Stack]<UL><LI>Max Depth = 16<LI>Call Chain = TIM8_UP_IRQHandler &rArr; tsl1401_collect_pit_handler
</UL>
<BR>[Calls]<UL><LI><a href="#[88]">&gt;&gt;</a>&nbsp;&nbsp;&nbsp;tsl1401_collect_pit_handler
</UL>
<BR>[Address Reference Count : 1]<UL><LI> startup_mm32f3277g.o(RESET)
</UL>
<P><STRONG><a name="[2c]"></a>UART1_IRQHandler</STRONG> (Thumb, 54 bytes, Stack size 0 bytes, isr.o(i.UART1_IRQHandler))
<BR>[Address Reference Count : 1]<UL><LI> startup_mm32f3277g.o(RESET)
</UL>
<P><STRONG><a name="[2d]"></a>UART2_IRQHandler</STRONG> (Thumb, 60 bytes, Stack size 8 bytes, isr.o(i.UART2_IRQHandler))
<BR><BR>[Stack]<UL><LI>Max Depth = 744<LI>Call Chain = UART2_IRQHandler &rArr; gps_uart_callback &rArr; fifo_read_buffer &rArr; fifo_used &rArr; debug_assert_handler &rArr; debug_output &rArr; __2sprintf
</UL>
<BR>[Calls]<UL><LI><a href="#[89]">&gt;&gt;</a>&nbsp;&nbsp;&nbsp;gps_uart_callback
</UL>
<BR>[Address Reference Count : 1]<UL><LI> startup_mm32f3277g.o(RESET)
</UL>
<P><STRONG><a name="[2e]"></a>UART3_IRQHandler</STRONG> (Thumb, 54 bytes, Stack size 0 bytes, isr.o(i.UART3_IRQHandler))
<BR>[Address Reference Count : 1]<UL><LI> startup_mm32f3277g.o(RESET)
</UL>
<P><STRONG><a name="[3a]"></a>UART4_IRQHandler</STRONG> (Thumb, 54 bytes, Stack size 0 bytes, isr.o(i.UART4_IRQHandler))
<BR>[Address Reference Count : 1]<UL><LI> startup_mm32f3277g.o(RESET)
</UL>
<P><STRONG><a name="[3b]"></a>UART5_IRQHandler</STRONG> (Thumb, 46 bytes, Stack size 0 bytes, isr.o(i.UART5_IRQHandler))
<BR>[Address Reference Count : 1]<UL><LI> startup_mm32f3277g.o(RESET)
</UL>
<P><STRONG><a name="[46]"></a>UART6_IRQHandler</STRONG> (Thumb, 62 bytes, Stack size 8 bytes, isr.o(i.UART6_IRQHandler))
<BR><BR>[Stack]<UL><LI>Max Depth = 8<LI>Call Chain = UART6_IRQHandler
</UL>
<BR>[Address Reference Count : 1]<UL><LI> startup_mm32f3277g.o(RESET)
</UL>
<P><STRONG><a name="[47]"></a>UART7_IRQHandler</STRONG> (Thumb, 54 bytes, Stack size 0 bytes, isr.o(i.UART7_IRQHandler))
<BR>[Address Reference Count : 1]<UL><LI> startup_mm32f3277g.o(RESET)
</UL>
<P><STRONG><a name="[48]"></a>UART8_IRQHandler</STRONG> (Thumb, 62 bytes, Stack size 8 bytes, isr.o(i.UART8_IRQHandler))
<BR><BR>[Stack]<UL><LI>Max Depth = 8<LI>Call Chain = UART8_IRQHandler
</UL>
<BR>[Address Reference Count : 1]<UL><LI> startup_mm32f3277g.o(RESET)
</UL>
<P><STRONG><a name="[8a]"></a>__0printf</STRONG> (Thumb, 22 bytes, Stack size 24 bytes, printfa.o(i.__0printf), UNUSED)
<BR><BR>[Calls]<UL><LI><a href="#[8b]">&gt;&gt;</a>&nbsp;&nbsp;&nbsp;_printf_core
</UL>

<P><STRONG><a name="[122]"></a>__1printf</STRONG> (Thumb, 0 bytes, Stack size 24 bytes, printfa.o(i.__0printf), UNUSED)

<P><STRONG><a name="[f5]"></a>__2printf</STRONG> (Thumb, 0 bytes, Stack size 24 bytes, printfa.o(i.__0printf))
<BR><BR>[Stack]<UL><LI>Max Depth = 24<LI>Call Chain = __2printf
</UL>
<BR>[Called By]<UL><LI><a href="#[49]">&gt;&gt;</a>&nbsp;&nbsp;&nbsp;main
</UL>

<P><STRONG><a name="[123]"></a>__c89printf</STRONG> (Thumb, 0 bytes, Stack size 24 bytes, printfa.o(i.__0printf), UNUSED)

<P><STRONG><a name="[124]"></a>printf</STRONG> (Thumb, 0 bytes, Stack size 24 bytes, printfa.o(i.__0printf), UNUSED)

<P><STRONG><a name="[8c]"></a>__0sprintf</STRONG> (Thumb, 34 bytes, Stack size 24 bytes, printfa.o(i.__0sprintf), UNUSED)
<BR><BR>[Calls]<UL><LI><a href="#[4d]">&gt;&gt;</a>&nbsp;&nbsp;&nbsp;_sputc
<LI><a href="#[8b]">&gt;&gt;</a>&nbsp;&nbsp;&nbsp;_printf_core
</UL>

<P><STRONG><a name="[125]"></a>__1sprintf</STRONG> (Thumb, 0 bytes, Stack size 24 bytes, printfa.o(i.__0sprintf), UNUSED)

<P><STRONG><a name="[ac]"></a>__2sprintf</STRONG> (Thumb, 0 bytes, Stack size 24 bytes, printfa.o(i.__0sprintf))
<BR><BR>[Stack]<UL><LI>Max Depth = 24<LI>Call Chain = __2sprintf
</UL>
<BR>[Called By]<UL><LI><a href="#[a4]">&gt;&gt;</a>&nbsp;&nbsp;&nbsp;debug_output
</UL>

<P><STRONG><a name="[126]"></a>__c89sprintf</STRONG> (Thumb, 0 bytes, Stack size 24 bytes, printfa.o(i.__0sprintf), UNUSED)

<P><STRONG><a name="[127]"></a>sprintf</STRONG> (Thumb, 0 bytes, Stack size 24 bytes, printfa.o(i.__0sprintf), UNUSED)

<P><STRONG><a name="[128]"></a>__scatterload_copy</STRONG> (Thumb, 14 bytes, Stack size unknown bytes, handlers.o(i.__scatterload_copy), UNUSED)

<P><STRONG><a name="[129]"></a>__scatterload_null</STRONG> (Thumb, 2 bytes, Stack size unknown bytes, handlers.o(i.__scatterload_null), UNUSED)

<P><STRONG><a name="[12a]"></a>__scatterload_zeroinit</STRONG> (Thumb, 14 bytes, Stack size unknown bytes, handlers.o(i.__scatterload_zeroinit), UNUSED)

<P><STRONG><a name="[10c]"></a>adc_convert</STRONG> (Thumb, 98 bytes, Stack size 0 bytes, zf_driver_adc.o(i.adc_convert))
<BR><BR>[Called By]<UL><LI><a href="#[88]">&gt;&gt;</a>&nbsp;&nbsp;&nbsp;tsl1401_collect_pit_handler
</UL>

<P><STRONG><a name="[bb]"></a>afio_init</STRONG> (Thumb, 224 bytes, Stack size 20 bytes, zf_driver_gpio.o(i.afio_init))
<BR><BR>[Stack]<UL><LI>Max Depth = 20<LI>Call Chain = afio_init
</UL>
<BR>[Called By]<UL><LI><a href="#[a9]">&gt;&gt;</a>&nbsp;&nbsp;&nbsp;uart_init
<LI><a href="#[f6]">&gt;&gt;</a>&nbsp;&nbsp;&nbsp;pwm_init
<LI><a href="#[b8]">&gt;&gt;</a>&nbsp;&nbsp;&nbsp;encoder_quad_init
<LI><a href="#[d5]">&gt;&gt;</a>&nbsp;&nbsp;&nbsp;spi_init
<LI><a href="#[98]">&gt;&gt;</a>&nbsp;&nbsp;&nbsp;timer_etr_init
</UL>

<P><STRONG><a name="[e1]"></a>array_down</STRONG> (Thumb, 20 bytes, Stack size 0 bytes, mymenu.o(i.array_down))
<BR><BR>[Called By]<UL><LI><a href="#[e0]">&gt;&gt;</a>&nbsp;&nbsp;&nbsp;key_2
</UL>

<P><STRONG><a name="[df]"></a>array_up</STRONG> (Thumb, 20 bytes, Stack size 0 bytes, mymenu.o(i.array_up))
<BR><BR>[Called By]<UL><LI><a href="#[de]">&gt;&gt;</a>&nbsp;&nbsp;&nbsp;key_1
</UL>

<P><STRONG><a name="[92]"></a>back_folder</STRONG> (Thumb, 26 bytes, Stack size 8 bytes, mymenu.o(i.back_folder))
<BR><BR>[Stack]<UL><LI>Max Depth = 720<LI>Call Chain = back_folder &rArr; ips200_clear &rArr; ips200_set_region &rArr; debug_assert_handler &rArr; debug_output &rArr; __2sprintf
</UL>
<BR>[Calls]<UL><LI><a href="#[50]">&gt;&gt;</a>&nbsp;&nbsp;&nbsp;ips200_clear
</UL>
<BR>[Called By]<UL><LI><a href="#[e7]">&gt;&gt;</a>&nbsp;&nbsp;&nbsp;key_handle
</UL>

<P><STRONG><a name="[93]"></a>camera_fifo_init</STRONG> (Thumb, 16 bytes, Stack size 8 bytes, zf_device_camera.o(i.camera_fifo_init))
<BR><BR>[Stack]<UL><LI>Max Depth = 704<LI>Call Chain = camera_fifo_init &rArr; fifo_init &rArr; debug_assert_handler &rArr; debug_output &rArr; __2sprintf
</UL>
<BR>[Calls]<UL><LI><a href="#[94]">&gt;&gt;</a>&nbsp;&nbsp;&nbsp;fifo_init
</UL>
<BR>[Called By]<UL><LI><a href="#[ec]">&gt;&gt;</a>&nbsp;&nbsp;&nbsp;mt9v03x_init
</UL>

<P><STRONG><a name="[95]"></a>camera_init</STRONG> (Thumb, 182 bytes, Stack size 16 bytes, zf_device_camera.o(i.camera_init))
<BR><BR>[Stack]<UL><LI>Max Depth = 720<LI>Call Chain = camera_init &rArr; timer_etr_init &rArr; debug_assert_handler &rArr; debug_output &rArr; __2sprintf
</UL>
<BR>[Calls]<UL><LI><a href="#[99]">&gt;&gt;</a>&nbsp;&nbsp;&nbsp;exti_init
<LI><a href="#[97]">&gt;&gt;</a>&nbsp;&nbsp;&nbsp;dma_camera_init
<LI><a href="#[96]">&gt;&gt;</a>&nbsp;&nbsp;&nbsp;interrupt_set_priority
<LI><a href="#[98]">&gt;&gt;</a>&nbsp;&nbsp;&nbsp;timer_etr_init
</UL>
<BR>[Called By]<UL><LI><a href="#[ec]">&gt;&gt;</a>&nbsp;&nbsp;&nbsp;mt9v03x_init
</UL>

<P><STRONG><a name="[82]"></a>clock_init</STRONG> (Thumb, 24 bytes, Stack size 8 bytes, zf_common_clock.o(i.clock_init))
<BR><BR>[Stack]<UL><LI>Max Depth = 24<LI>Call Chain = clock_init &rArr; clock_set_freq
</UL>
<BR>[Calls]<UL><LI><a href="#[9c]">&gt;&gt;</a>&nbsp;&nbsp;&nbsp;interrupt_init
<LI><a href="#[9b]">&gt;&gt;</a>&nbsp;&nbsp;&nbsp;clock_set_freq
<LI><a href="#[9a]">&gt;&gt;</a>&nbsp;&nbsp;&nbsp;clock_reset
</UL>
<BR>[Called By]<UL><LI><a href="#[49]">&gt;&gt;</a>&nbsp;&nbsp;&nbsp;main
<LI><a href="#[4a]">&gt;&gt;</a>&nbsp;&nbsp;&nbsp;SystemInit
</UL>

<P><STRONG><a name="[9e]"></a>create_menu_folder</STRONG> (Thumb, 26 bytes, Stack size 20 bytes, menu.o(i.create_menu_folder))
<BR><BR>[Stack]<UL><LI>Max Depth = 36<LI>Call Chain = create_menu_folder &rArr; create_menu_item
</UL>
<BR>[Calls]<UL><LI><a href="#[9f]">&gt;&gt;</a>&nbsp;&nbsp;&nbsp;create_menu_item
</UL>
<BR>[Called By]<UL><LI><a href="#[7b]">&gt;&gt;</a>&nbsp;&nbsp;&nbsp;dynamic_create_menu_folder
</UL>

<P><STRONG><a name="[9f]"></a>create_menu_item</STRONG> (Thumb, 72 bytes, Stack size 16 bytes, menu.o(i.create_menu_item))
<BR><BR>[Stack]<UL><LI>Max Depth = 16<LI>Call Chain = create_menu_item
</UL>
<BR>[Called By]<UL><LI><a href="#[a0]">&gt;&gt;</a>&nbsp;&nbsp;&nbsp;create_menu_txt
<LI><a href="#[9e]">&gt;&gt;</a>&nbsp;&nbsp;&nbsp;create_menu_folder
</UL>

<P><STRONG><a name="[a0]"></a>create_menu_txt</STRONG> (Thumb, 36 bytes, Stack size 28 bytes, menu.o(i.create_menu_txt))
<BR><BR>[Stack]<UL><LI>Max Depth = 44<LI>Call Chain = create_menu_txt &rArr; create_menu_item
</UL>
<BR>[Calls]<UL><LI><a href="#[9f]">&gt;&gt;</a>&nbsp;&nbsp;&nbsp;create_menu_item
</UL>
<BR>[Called By]<UL><LI><a href="#[7c]">&gt;&gt;</a>&nbsp;&nbsp;&nbsp;dynamic_create_menu_txt
</UL>

<P><STRONG><a name="[a1]"></a>debug_assert_handler</STRONG> (Thumb, 72 bytes, Stack size 16 bytes, zf_common_debug.o(i.debug_assert_handler))
<BR><BR>[Stack]<UL><LI>Max Depth = 672<LI>Call Chain = debug_assert_handler &rArr; debug_output &rArr; __2sprintf
</UL>
<BR>[Calls]<UL><LI><a href="#[a2]">&gt;&gt;</a>&nbsp;&nbsp;&nbsp;interrupt_global_disable
<LI><a href="#[a3]">&gt;&gt;</a>&nbsp;&nbsp;&nbsp;debug_protective_handler
<LI><a href="#[a4]">&gt;&gt;</a>&nbsp;&nbsp;&nbsp;debug_output
<LI><a href="#[a5]">&gt;&gt;</a>&nbsp;&nbsp;&nbsp;debug_delay
</UL>
<BR>[Called By]<UL><LI><a href="#[cc]">&gt;&gt;</a>&nbsp;&nbsp;&nbsp;func_int_to_str
<LI><a href="#[c8]">&gt;&gt;</a>&nbsp;&nbsp;&nbsp;func_float_to_str
<LI><a href="#[c4]">&gt;&gt;</a>&nbsp;&nbsp;&nbsp;fifo_write_element
<LI><a href="#[c2]">&gt;&gt;</a>&nbsp;&nbsp;&nbsp;fifo_write_buffer
<LI><a href="#[bf]">&gt;&gt;</a>&nbsp;&nbsp;&nbsp;fifo_used
<LI><a href="#[be]">&gt;&gt;</a>&nbsp;&nbsp;&nbsp;fifo_read_buffer
<LI><a href="#[94]">&gt;&gt;</a>&nbsp;&nbsp;&nbsp;fifo_init
<LI><a href="#[bd]">&gt;&gt;</a>&nbsp;&nbsp;&nbsp;fifo_clear
<LI><a href="#[b0]">&gt;&gt;</a>&nbsp;&nbsp;&nbsp;uart_write_string
<LI><a href="#[a9]">&gt;&gt;</a>&nbsp;&nbsp;&nbsp;uart_init
<LI><a href="#[b7]">&gt;&gt;</a>&nbsp;&nbsp;&nbsp;ips200_draw_point
<LI><a href="#[fa]">&gt;&gt;</a>&nbsp;&nbsp;&nbsp;pwm_set_duty
<LI><a href="#[f6]">&gt;&gt;</a>&nbsp;&nbsp;&nbsp;pwm_init
<LI><a href="#[b8]">&gt;&gt;</a>&nbsp;&nbsp;&nbsp;encoder_quad_init
<LI><a href="#[80]">&gt;&gt;</a>&nbsp;&nbsp;&nbsp;ips200_show_int
<LI><a href="#[81]">&gt;&gt;</a>&nbsp;&nbsp;&nbsp;ips200_show_float
<LI><a href="#[f2]">&gt;&gt;</a>&nbsp;&nbsp;&nbsp;pit_init
<LI><a href="#[eb]">&gt;&gt;</a>&nbsp;&nbsp;&nbsp;key_init
<LI><a href="#[4f]">&gt;&gt;</a>&nbsp;&nbsp;&nbsp;ips200_show_string
<LI><a href="#[db]">&gt;&gt;</a>&nbsp;&nbsp;&nbsp;ips200_show_gray_image
<LI><a href="#[d5]">&gt;&gt;</a>&nbsp;&nbsp;&nbsp;spi_init
<LI><a href="#[77]">&gt;&gt;</a>&nbsp;&nbsp;&nbsp;soft_iic_sccb_write_register
<LI><a href="#[71]">&gt;&gt;</a>&nbsp;&nbsp;&nbsp;soft_iic_sccb_read_register
<LI><a href="#[ff]">&gt;&gt;</a>&nbsp;&nbsp;&nbsp;soft_iic_init
<LI><a href="#[10b]">&gt;&gt;</a>&nbsp;&nbsp;&nbsp;soft_iic_wait_ack
<LI><a href="#[10a]">&gt;&gt;</a>&nbsp;&nbsp;&nbsp;soft_iic_stop
<LI><a href="#[108]">&gt;&gt;</a>&nbsp;&nbsp;&nbsp;soft_iic_start
<LI><a href="#[109]">&gt;&gt;</a>&nbsp;&nbsp;&nbsp;soft_iic_send_data
<LI><a href="#[107]">&gt;&gt;</a>&nbsp;&nbsp;&nbsp;soft_iic_send_ack
<LI><a href="#[106]">&gt;&gt;</a>&nbsp;&nbsp;&nbsp;soft_iic_read_data
<LI><a href="#[fd]">&gt;&gt;</a>&nbsp;&nbsp;&nbsp;uart_write_buffer
<LI><a href="#[ce]">&gt;&gt;</a>&nbsp;&nbsp;&nbsp;uart_query_byte
<LI><a href="#[98]">&gt;&gt;</a>&nbsp;&nbsp;&nbsp;timer_etr_init
<LI><a href="#[da]">&gt;&gt;</a>&nbsp;&nbsp;&nbsp;ips200_show_char
<LI><a href="#[d1]">&gt;&gt;</a>&nbsp;&nbsp;&nbsp;ips200_set_region
</UL>

<P><STRONG><a name="[a6]"></a>debug_init</STRONG> (Thumb, 40 bytes, Stack size 24 bytes, zf_common_debug.o(i.debug_init))
<BR><BR>[Stack]<UL><LI>Max Depth = 720<LI>Call Chain = debug_init &rArr; uart_init &rArr; debug_assert_handler &rArr; debug_output &rArr; __2sprintf
</UL>
<BR>[Calls]<UL><LI><a href="#[a9]">&gt;&gt;</a>&nbsp;&nbsp;&nbsp;uart_init
<LI><a href="#[a7]">&gt;&gt;</a>&nbsp;&nbsp;&nbsp;debug_output_struct_init
<LI><a href="#[a8]">&gt;&gt;</a>&nbsp;&nbsp;&nbsp;debug_output_init
</UL>
<BR>[Called By]<UL><LI><a href="#[49]">&gt;&gt;</a>&nbsp;&nbsp;&nbsp;main
</UL>

<P><STRONG><a name="[aa]"></a>debug_log_handler</STRONG> (Thumb, 44 bytes, Stack size 24 bytes, zf_common_debug.o(i.debug_log_handler))
<BR><BR>[Stack]<UL><LI>Max Depth = 680<LI>Call Chain = debug_log_handler &rArr; debug_output &rArr; __2sprintf
</UL>
<BR>[Calls]<UL><LI><a href="#[a4]">&gt;&gt;</a>&nbsp;&nbsp;&nbsp;debug_output
</UL>
<BR>[Called By]<UL><LI><a href="#[ec]">&gt;&gt;</a>&nbsp;&nbsp;&nbsp;mt9v03x_init
</UL>

<P><STRONG><a name="[a8]"></a>debug_output_init</STRONG> (Thumb, 42 bytes, Stack size 0 bytes, zf_common_debug.o(i.debug_output_init))
<BR><BR>[Called By]<UL><LI><a href="#[a6]">&gt;&gt;</a>&nbsp;&nbsp;&nbsp;debug_init
<LI><a href="#[d3]">&gt;&gt;</a>&nbsp;&nbsp;&nbsp;ips200_debug_init
</UL>

<P><STRONG><a name="[a7]"></a>debug_output_struct_init</STRONG> (Thumb, 28 bytes, Stack size 0 bytes, zf_common_debug.o(i.debug_output_struct_init))
<BR><BR>[Called By]<UL><LI><a href="#[a6]">&gt;&gt;</a>&nbsp;&nbsp;&nbsp;debug_init
<LI><a href="#[d3]">&gt;&gt;</a>&nbsp;&nbsp;&nbsp;ips200_debug_init
</UL>

<P><STRONG><a name="[78]"></a>dm1xa_light_callback</STRONG> (Thumb, 46 bytes, Stack size 8 bytes, zf_device_dm1xa.o(i.dm1xa_light_callback))
<BR><BR>[Stack]<UL><LI>Max Depth = 8<LI>Call Chain = dm1xa_light_callback
</UL>
<BR>[Calls]<UL><LI><a href="#[b1]">&gt;&gt;</a>&nbsp;&nbsp;&nbsp;timer_clear
</UL>
<BR>[Called By]<UL><LI><a href="#[2f]">&gt;&gt;</a>&nbsp;&nbsp;&nbsp;EXTI15_10_IRQHandler
</UL>

<P><STRONG><a name="[79]"></a>dm1xa_sound_callback</STRONG> (Thumb, 178 bytes, Stack size 24 bytes, zf_device_dm1xa.o(i.dm1xa_sound_callback))
<BR><BR>[Stack]<UL><LI>Max Depth = 112<LI>Call Chain = dm1xa_sound_callback &rArr; __aeabi_dmul &rArr; _double_epilogue &rArr; _double_round
</UL>
<BR>[Calls]<UL><LI><a href="#[69]">&gt;&gt;</a>&nbsp;&nbsp;&nbsp;__aeabi_ui2f
<LI><a href="#[66]">&gt;&gt;</a>&nbsp;&nbsp;&nbsp;__aeabi_dmul
<LI><a href="#[b2]">&gt;&gt;</a>&nbsp;&nbsp;&nbsp;gpio_get_level
<LI><a href="#[b4]">&gt;&gt;</a>&nbsp;&nbsp;&nbsp;__aeabi_f2d
<LI><a href="#[6a]">&gt;&gt;</a>&nbsp;&nbsp;&nbsp;__aeabi_d2uiz
<LI><a href="#[b3]">&gt;&gt;</a>&nbsp;&nbsp;&nbsp;timer_get
<LI><a href="#[b1]">&gt;&gt;</a>&nbsp;&nbsp;&nbsp;timer_clear
</UL>
<BR>[Called By]<UL><LI><a href="#[2f]">&gt;&gt;</a>&nbsp;&nbsp;&nbsp;EXTI15_10_IRQHandler
</UL>

<P><STRONG><a name="[97]"></a>dma_camera_init</STRONG> (Thumb, 296 bytes, Stack size 24 bytes, zf_driver_dma.o(i.dma_camera_init))
<BR><BR>[Stack]<UL><LI>Max Depth = 24<LI>Call Chain = dma_camera_init
</UL>
<BR>[Calls]<UL><LI><a href="#[b5]">&gt;&gt;</a>&nbsp;&nbsp;&nbsp;interrupt_enable
</UL>
<BR>[Called By]<UL><LI><a href="#[95]">&gt;&gt;</a>&nbsp;&nbsp;&nbsp;camera_init
</UL>

<P><STRONG><a name="[fb]"></a>dma_disable</STRONG> (Thumb, 50 bytes, Stack size 0 bytes, zf_driver_dma.o(i.dma_disable))
<BR><BR>[Called By]<UL><LI><a href="#[53]">&gt;&gt;</a>&nbsp;&nbsp;&nbsp;mt9v03x_vsync_handler
<LI><a href="#[52]">&gt;&gt;</a>&nbsp;&nbsp;&nbsp;mt9v03x_dma_handler
</UL>

<P><STRONG><a name="[104]"></a>dma_enable</STRONG> (Thumb, 50 bytes, Stack size 0 bytes, zf_driver_dma.o(i.dma_enable))
<BR><BR>[Called By]<UL><LI><a href="#[53]">&gt;&gt;</a>&nbsp;&nbsp;&nbsp;mt9v03x_vsync_handler
</UL>

<P><STRONG><a name="[103]"></a>dma_set_count</STRONG> (Thumb, 26 bytes, Stack size 0 bytes, zf_driver_dma.o(i.dma_set_count))
<BR><BR>[Called By]<UL><LI><a href="#[53]">&gt;&gt;</a>&nbsp;&nbsp;&nbsp;mt9v03x_vsync_handler
</UL>

<P><STRONG><a name="[b6]"></a>draw_boundary</STRONG> (Thumb, 70 bytes, Stack size 8 bytes, image.o(i.draw_boundary))
<BR><BR>[Stack]<UL><LI>Max Depth = 720<LI>Call Chain = draw_boundary &rArr; ips200_draw_point &rArr; ips200_set_region &rArr; debug_assert_handler &rArr; debug_output &rArr; __2sprintf
</UL>
<BR>[Calls]<UL><LI><a href="#[b7]">&gt;&gt;</a>&nbsp;&nbsp;&nbsp;ips200_draw_point
</UL>
<BR>[Called By]<UL><LI><a href="#[49]">&gt;&gt;</a>&nbsp;&nbsp;&nbsp;main
</UL>

<P><STRONG><a name="[7b]"></a>dynamic_create_menu_folder</STRONG> (Thumb, 54 bytes, Stack size 16 bytes, menu.o(i.dynamic_create_menu_folder))
<BR><BR>[Stack]<UL><LI>Max Depth = 52<LI>Call Chain = dynamic_create_menu_folder &rArr; create_menu_folder &rArr; create_menu_item
</UL>
<BR>[Calls]<UL><LI><a href="#[9e]">&gt;&gt;</a>&nbsp;&nbsp;&nbsp;create_menu_folder
</UL>
<BR>[Called By]<UL><LI><a href="#[7a]">&gt;&gt;</a>&nbsp;&nbsp;&nbsp;Init_menu
</UL>

<P><STRONG><a name="[7c]"></a>dynamic_create_menu_txt</STRONG> (Thumb, 52 bytes, Stack size 28 bytes, menu.o(i.dynamic_create_menu_txt))
<BR><BR>[Stack]<UL><LI>Max Depth = 72<LI>Call Chain = dynamic_create_menu_txt &rArr; create_menu_txt &rArr; create_menu_item
</UL>
<BR>[Calls]<UL><LI><a href="#[a0]">&gt;&gt;</a>&nbsp;&nbsp;&nbsp;create_menu_txt
</UL>
<BR>[Called By]<UL><LI><a href="#[7a]">&gt;&gt;</a>&nbsp;&nbsp;&nbsp;Init_menu
</UL>

<P><STRONG><a name="[84]"></a>encoder_clear_count</STRONG> (Thumb, 110 bytes, Stack size 0 bytes, zf_driver_encoder.o(i.encoder_clear_count))
<BR><BR>[Called By]<UL><LI><a href="#[3c]">&gt;&gt;</a>&nbsp;&nbsp;&nbsp;TIM6_IRQHandler
</UL>

<P><STRONG><a name="[83]"></a>encoder_get_count</STRONG> (Thumb, 118 bytes, Stack size 16 bytes, zf_driver_encoder.o(i.encoder_get_count))
<BR><BR>[Stack]<UL><LI>Max Depth = 16<LI>Call Chain = encoder_get_count
</UL>
<BR>[Calls]<UL><LI><a href="#[b2]">&gt;&gt;</a>&nbsp;&nbsp;&nbsp;gpio_get_level
</UL>
<BR>[Called By]<UL><LI><a href="#[3c]">&gt;&gt;</a>&nbsp;&nbsp;&nbsp;TIM6_IRQHandler
</UL>

<P><STRONG><a name="[b8]"></a>encoder_quad_init</STRONG> (Thumb, 214 bytes, Stack size 32 bytes, zf_driver_encoder.o(i.encoder_quad_init))
<BR><BR>[Stack]<UL><LI>Max Depth = 704<LI>Call Chain = encoder_quad_init &rArr; debug_assert_handler &rArr; debug_output &rArr; __2sprintf
</UL>
<BR>[Calls]<UL><LI><a href="#[b9]">&gt;&gt;</a>&nbsp;&nbsp;&nbsp;timer_funciton_check
<LI><a href="#[ba]">&gt;&gt;</a>&nbsp;&nbsp;&nbsp;timer_clock_enable
<LI><a href="#[bb]">&gt;&gt;</a>&nbsp;&nbsp;&nbsp;afio_init
<LI><a href="#[a1]">&gt;&gt;</a>&nbsp;&nbsp;&nbsp;debug_assert_handler
</UL>
<BR>[Called By]<UL><LI><a href="#[d0]">&gt;&gt;</a>&nbsp;&nbsp;&nbsp;init_encoder
</UL>

<P><STRONG><a name="[e3]"></a>enter_editting</STRONG> (Thumb, 30 bytes, Stack size 0 bytes, mymenu.o(i.enter_editting))
<BR><BR>[Called By]<UL><LI><a href="#[e2]">&gt;&gt;</a>&nbsp;&nbsp;&nbsp;key_3
</UL>

<P><STRONG><a name="[bc]"></a>enter_folder</STRONG> (Thumb, 34 bytes, Stack size 8 bytes, mymenu.o(i.enter_folder))
<BR><BR>[Stack]<UL><LI>Max Depth = 720<LI>Call Chain = enter_folder &rArr; ips200_clear &rArr; ips200_set_region &rArr; debug_assert_handler &rArr; debug_output &rArr; __2sprintf
</UL>
<BR>[Calls]<UL><LI><a href="#[50]">&gt;&gt;</a>&nbsp;&nbsp;&nbsp;ips200_clear
</UL>
<BR>[Called By]<UL><LI><a href="#[e2]">&gt;&gt;</a>&nbsp;&nbsp;&nbsp;key_3
</UL>

<P><STRONG><a name="[99]"></a>exti_init</STRONG> (Thumb, 524 bytes, Stack size 16 bytes, zf_driver_exti.o(i.exti_init))
<BR><BR>[Stack]<UL><LI>Max Depth = 56<LI>Call Chain = exti_init &rArr; gpio_init &rArr; gpio_set_level
</UL>
<BR>[Calls]<UL><LI><a href="#[b5]">&gt;&gt;</a>&nbsp;&nbsp;&nbsp;interrupt_enable
<LI><a href="#[af]">&gt;&gt;</a>&nbsp;&nbsp;&nbsp;gpio_init
</UL>
<BR>[Called By]<UL><LI><a href="#[95]">&gt;&gt;</a>&nbsp;&nbsp;&nbsp;camera_init
</UL>

<P><STRONG><a name="[bd]"></a>fifo_clear</STRONG> (Thumb, 122 bytes, Stack size 16 bytes, zf_common_fifo.o(i.fifo_clear))
<BR><BR>[Stack]<UL><LI>Max Depth = 688<LI>Call Chain = fifo_clear &rArr; debug_assert_handler &rArr; debug_output &rArr; __2sprintf
</UL>
<BR>[Calls]<UL><LI><a href="#[a1]">&gt;&gt;</a>&nbsp;&nbsp;&nbsp;debug_assert_handler
<LI><a href="#[56]">&gt;&gt;</a>&nbsp;&nbsp;&nbsp;__aeabi_memclr
</UL>
<BR>[Called By]<UL><LI><a href="#[89]">&gt;&gt;</a>&nbsp;&nbsp;&nbsp;gps_uart_callback
<LI><a href="#[51]">&gt;&gt;</a>&nbsp;&nbsp;&nbsp;mt9v03x_uart_handler
</UL>

<P><STRONG><a name="[94]"></a>fifo_init</STRONG> (Thumb, 72 bytes, Stack size 24 bytes, zf_common_fifo.o(i.fifo_init))
<BR><BR>[Stack]<UL><LI>Max Depth = 696<LI>Call Chain = fifo_init &rArr; debug_assert_handler &rArr; debug_output &rArr; __2sprintf
</UL>
<BR>[Calls]<UL><LI><a href="#[a1]">&gt;&gt;</a>&nbsp;&nbsp;&nbsp;debug_assert_handler
</UL>
<BR>[Called By]<UL><LI><a href="#[93]">&gt;&gt;</a>&nbsp;&nbsp;&nbsp;camera_fifo_init
</UL>

<P><STRONG><a name="[be]"></a>fifo_read_buffer</STRONG> (Thumb, 362 bytes, Stack size 32 bytes, zf_common_fifo.o(i.fifo_read_buffer))
<BR><BR>[Stack]<UL><LI>Max Depth = 712<LI>Call Chain = fifo_read_buffer &rArr; fifo_used &rArr; debug_assert_handler &rArr; debug_output &rArr; __2sprintf
</UL>
<BR>[Calls]<UL><LI><a href="#[bf]">&gt;&gt;</a>&nbsp;&nbsp;&nbsp;fifo_used
<LI><a href="#[c1]">&gt;&gt;</a>&nbsp;&nbsp;&nbsp;fifo_end_offset
<LI><a href="#[a1]">&gt;&gt;</a>&nbsp;&nbsp;&nbsp;debug_assert_handler
<LI><a href="#[c0]">&gt;&gt;</a>&nbsp;&nbsp;&nbsp;__aeabi_memcpy
</UL>
<BR>[Called By]<UL><LI><a href="#[89]">&gt;&gt;</a>&nbsp;&nbsp;&nbsp;gps_uart_callback
<LI><a href="#[ee]">&gt;&gt;</a>&nbsp;&nbsp;&nbsp;mt9v03x_set_reg
<LI><a href="#[ed]">&gt;&gt;</a>&nbsp;&nbsp;&nbsp;mt9v03x_set_exposure_time
<LI><a href="#[fe]">&gt;&gt;</a>&nbsp;&nbsp;&nbsp;mt9v03x_get_version
<LI><a href="#[102]">&gt;&gt;</a>&nbsp;&nbsp;&nbsp;mt9v03x_set_config
<LI><a href="#[fc]">&gt;&gt;</a>&nbsp;&nbsp;&nbsp;mt9v03x_get_config
</UL>

<P><STRONG><a name="[bf]"></a>fifo_used</STRONG> (Thumb, 30 bytes, Stack size 8 bytes, zf_common_fifo.o(i.fifo_used))
<BR><BR>[Stack]<UL><LI>Max Depth = 680<LI>Call Chain = fifo_used &rArr; debug_assert_handler &rArr; debug_output &rArr; __2sprintf
</UL>
<BR>[Calls]<UL><LI><a href="#[a1]">&gt;&gt;</a>&nbsp;&nbsp;&nbsp;debug_assert_handler
</UL>
<BR>[Called By]<UL><LI><a href="#[be]">&gt;&gt;</a>&nbsp;&nbsp;&nbsp;fifo_read_buffer
<LI><a href="#[89]">&gt;&gt;</a>&nbsp;&nbsp;&nbsp;gps_uart_callback
<LI><a href="#[ee]">&gt;&gt;</a>&nbsp;&nbsp;&nbsp;mt9v03x_set_reg
<LI><a href="#[ed]">&gt;&gt;</a>&nbsp;&nbsp;&nbsp;mt9v03x_set_exposure_time
<LI><a href="#[fe]">&gt;&gt;</a>&nbsp;&nbsp;&nbsp;mt9v03x_get_version
<LI><a href="#[102]">&gt;&gt;</a>&nbsp;&nbsp;&nbsp;mt9v03x_set_config
<LI><a href="#[fc]">&gt;&gt;</a>&nbsp;&nbsp;&nbsp;mt9v03x_get_config
</UL>

<P><STRONG><a name="[c2]"></a>fifo_write_buffer</STRONG> (Thumb, 378 bytes, Stack size 24 bytes, zf_common_fifo.o(i.fifo_write_buffer))
<BR><BR>[Stack]<UL><LI>Max Depth = 696<LI>Call Chain = fifo_write_buffer &rArr; debug_assert_handler &rArr; debug_output &rArr; __2sprintf
</UL>
<BR>[Calls]<UL><LI><a href="#[c3]">&gt;&gt;</a>&nbsp;&nbsp;&nbsp;fifo_head_offset
<LI><a href="#[a1]">&gt;&gt;</a>&nbsp;&nbsp;&nbsp;debug_assert_handler
<LI><a href="#[ae]">&gt;&gt;</a>&nbsp;&nbsp;&nbsp;__aeabi_memcpy4
<LI><a href="#[c0]">&gt;&gt;</a>&nbsp;&nbsp;&nbsp;__aeabi_memcpy
</UL>
<BR>[Called By]<UL><LI><a href="#[89]">&gt;&gt;</a>&nbsp;&nbsp;&nbsp;gps_uart_callback
</UL>

<P><STRONG><a name="[c4]"></a>fifo_write_element</STRONG> (Thumb, 132 bytes, Stack size 16 bytes, zf_common_fifo.o(i.fifo_write_element))
<BR><BR>[Stack]<UL><LI>Max Depth = 688<LI>Call Chain = fifo_write_element &rArr; debug_assert_handler &rArr; debug_output &rArr; __2sprintf
</UL>
<BR>[Calls]<UL><LI><a href="#[c3]">&gt;&gt;</a>&nbsp;&nbsp;&nbsp;fifo_head_offset
<LI><a href="#[a1]">&gt;&gt;</a>&nbsp;&nbsp;&nbsp;debug_assert_handler
</UL>
<BR>[Called By]<UL><LI><a href="#[51]">&gt;&gt;</a>&nbsp;&nbsp;&nbsp;mt9v03x_uart_handler
</UL>

<P><STRONG><a name="[f4]"></a>find_base_point</STRONG> (Thumb, 782 bytes, Stack size 8 bytes, image.o(i.find_base_point))
<BR><BR>[Stack]<UL><LI>Max Depth = 8<LI>Call Chain = find_base_point
</UL>
<BR>[Called By]<UL><LI><a href="#[49]">&gt;&gt;</a>&nbsp;&nbsp;&nbsp;main
</UL>

<P><STRONG><a name="[c5]"></a>find_boundary</STRONG> (Thumb, 714 bytes, Stack size 40 bytes, image.o(i.find_boundary))
<BR><BR>[Stack]<UL><LI>Max Depth = 40<LI>Call Chain = find_boundary
</UL>
<BR>[Calls]<UL><LI><a href="#[c6]">&gt;&gt;</a>&nbsp;&nbsp;&nbsp;uint8_limit
</UL>
<BR>[Called By]<UL><LI><a href="#[49]">&gt;&gt;</a>&nbsp;&nbsp;&nbsp;main
</UL>

<P><STRONG><a name="[4c]"></a>fputc</STRONG> (Thumb, 18 bytes, Stack size 16 bytes, zf_common_debug.o(i.fputc))
<BR><BR>[Stack]<UL><LI>Max Depth = 16<LI>Call Chain = fputc
</UL>
<BR>[Calls]<UL><LI><a href="#[c7]">&gt;&gt;</a>&nbsp;&nbsp;&nbsp;uart_write_byte
</UL>
<BR>[Address Reference Count : 1]<UL><LI> printfa.o(i.__0printf)
</UL>
<P><STRONG><a name="[c8]"></a>func_float_to_str</STRONG> (Thumb, 358 bytes, Stack size 96 bytes, zf_common_function.o(i.func_float_to_str))
<BR><BR>[Stack]<UL><LI>Max Depth = 768<LI>Call Chain = func_float_to_str &rArr; debug_assert_handler &rArr; debug_output &rArr; __2sprintf
</UL>
<BR>[Calls]<UL><LI><a href="#[ca]">&gt;&gt;</a>&nbsp;&nbsp;&nbsp;__aeabi_cdcmpeq
<LI><a href="#[a1]">&gt;&gt;</a>&nbsp;&nbsp;&nbsp;debug_assert_handler
<LI><a href="#[5d]">&gt;&gt;</a>&nbsp;&nbsp;&nbsp;__aeabi_frsub
<LI><a href="#[c9]">&gt;&gt;</a>&nbsp;&nbsp;&nbsp;__aeabi_cfrcmple
<LI><a href="#[68]">&gt;&gt;</a>&nbsp;&nbsp;&nbsp;__aeabi_i2f
<LI><a href="#[cb]">&gt;&gt;</a>&nbsp;&nbsp;&nbsp;__aeabi_fmul
<LI><a href="#[85]">&gt;&gt;</a>&nbsp;&nbsp;&nbsp;__aeabi_f2iz
<LI><a href="#[b4]">&gt;&gt;</a>&nbsp;&nbsp;&nbsp;__aeabi_f2d
</UL>
<BR>[Called By]<UL><LI><a href="#[81]">&gt;&gt;</a>&nbsp;&nbsp;&nbsp;ips200_show_float
</UL>

<P><STRONG><a name="[9d]"></a>func_get_greatest_common_divisor</STRONG> (Thumb, 20 bytes, Stack size 0 bytes, zf_common_function.o(i.func_get_greatest_common_divisor))
<BR><BR>[Called By]<UL><LI><a href="#[9b]">&gt;&gt;</a>&nbsp;&nbsp;&nbsp;clock_set_freq
</UL>

<P><STRONG><a name="[cc]"></a>func_int_to_str</STRONG> (Thumb, 134 bytes, Stack size 40 bytes, zf_common_function.o(i.func_int_to_str))
<BR><BR>[Stack]<UL><LI>Max Depth = 712<LI>Call Chain = func_int_to_str &rArr; debug_assert_handler &rArr; debug_output &rArr; __2sprintf
</UL>
<BR>[Calls]<UL><LI><a href="#[a1]">&gt;&gt;</a>&nbsp;&nbsp;&nbsp;debug_assert_handler
</UL>
<BR>[Called By]<UL><LI><a href="#[80]">&gt;&gt;</a>&nbsp;&nbsp;&nbsp;ips200_show_int
</UL>

<P><STRONG><a name="[86]"></a>get_motor_speed</STRONG> (Thumb, 100 bytes, Stack size 32 bytes, motor.o(i.get_motor_speed))
<BR><BR>[Stack]<UL><LI>Max Depth = 120<LI>Call Chain = get_motor_speed &rArr; __aeabi_dmul &rArr; _double_epilogue &rArr; _double_round
</UL>
<BR>[Calls]<UL><LI><a href="#[66]">&gt;&gt;</a>&nbsp;&nbsp;&nbsp;__aeabi_dmul
<LI><a href="#[6c]">&gt;&gt;</a>&nbsp;&nbsp;&nbsp;__aeabi_d2f
<LI><a href="#[5e]">&gt;&gt;</a>&nbsp;&nbsp;&nbsp;__aeabi_fdiv
<LI><a href="#[68]">&gt;&gt;</a>&nbsp;&nbsp;&nbsp;__aeabi_i2f
<LI><a href="#[b4]">&gt;&gt;</a>&nbsp;&nbsp;&nbsp;__aeabi_f2d
</UL>
<BR>[Called By]<UL><LI><a href="#[3c]">&gt;&gt;</a>&nbsp;&nbsp;&nbsp;TIM6_IRQHandler
</UL>

<P><STRONG><a name="[b2]"></a>gpio_get_level</STRONG> (Thumb, 32 bytes, Stack size 0 bytes, zf_driver_gpio.o(i.gpio_get_level))
<BR><BR>[Called By]<UL><LI><a href="#[e8]">&gt;&gt;</a>&nbsp;&nbsp;&nbsp;key_scanner
<LI><a href="#[83]">&gt;&gt;</a>&nbsp;&nbsp;&nbsp;encoder_get_count
<LI><a href="#[79]">&gt;&gt;</a>&nbsp;&nbsp;&nbsp;dm1xa_sound_callback
[...]
</UL>

<P><STRONG><a name="[88]"></a>tsl1401_collect_pit_handler</STRONG> (Thumb, 190 bytes, Stack size 8 bytes, zf_device_tsl1401.o(i.tsl1401_collect_pit_handler))
<BR><BR>[Stack]<UL><LI>Max Depth = 8<LI>Call Chain = tsl1401_collect_pit_handler
</UL>
<BR>[Calls]<UL><LI><a href="#[10c]">&gt;&gt;</a>&nbsp;&nbsp;&nbsp;adc_convert
</UL>
<BR>[Called By]<UL><LI><a href="#[33]">&gt;&gt;</a>&nbsp;&nbsp;&nbsp;TIM8_UP_IRQHandler
</UL>

<P><STRONG><a name="[a9]"></a>uart_init</STRONG> (Thumb, 494 bytes, Stack size 24 bytes, zf_driver_uart.o(i.uart_init))
<BR><BR>[Stack]<UL><LI>Max Depth = 696<LI>Call Chain = uart_init &rArr; debug_assert_handler &rArr; debug_output &rArr; __2sprintf
</UL>
<BR>[Calls]<UL><LI><a href="#[bb]">&gt;&gt;</a>&nbsp;&nbsp;&nbsp;afio_init
<LI><a href="#[a1]">&gt;&gt;</a>&nbsp;&nbsp;&nbsp;debug_assert_handler
</UL>
<BR>[Called By]<UL><LI><a href="#[ec]">&gt;&gt;</a>&nbsp;&nbsp;&nbsp;mt9v03x_init
<LI><a href="#[a6]">&gt;&gt;</a>&nbsp;&nbsp;&nbsp;debug_init
</UL>

<P><STRONG><a name="[ce]"></a>uart_query_byte</STRONG> (Thumb, 56 bytes, Stack size 16 bytes, zf_driver_uart.o(i.uart_query_byte))
<BR><BR>[Stack]<UL><LI>Max Depth = 688<LI>Call Chain = uart_query_byte &rArr; debug_assert_handler &rArr; debug_output &rArr; __2sprintf
</UL>
<BR>[Calls]<UL><LI><a href="#[a1]">&gt;&gt;</a>&nbsp;&nbsp;&nbsp;debug_assert_handler
</UL>
<BR>[Called By]<UL><LI><a href="#[89]">&gt;&gt;</a>&nbsp;&nbsp;&nbsp;gps_uart_callback
<LI><a href="#[51]">&gt;&gt;</a>&nbsp;&nbsp;&nbsp;mt9v03x_uart_handler
</UL>

<P><STRONG><a name="[100]"></a>uart_rx_interrupt</STRONG> (Thumb, 98 bytes, Stack size 16 bytes, zf_driver_uart.o(i.uart_rx_interrupt))
<BR><BR>[Stack]<UL><LI>Max Depth = 24<LI>Call Chain = uart_rx_interrupt &rArr; interrupt_disable
</UL>
<BR>[Calls]<UL><LI><a href="#[b5]">&gt;&gt;</a>&nbsp;&nbsp;&nbsp;interrupt_enable
<LI><a href="#[10d]">&gt;&gt;</a>&nbsp;&nbsp;&nbsp;interrupt_disable
</UL>
<BR>[Called By]<UL><LI><a href="#[ec]">&gt;&gt;</a>&nbsp;&nbsp;&nbsp;mt9v03x_init
</UL>

<P><STRONG><a name="[fd]"></a>uart_write_buffer</STRONG> (Thumb, 66 bytes, Stack size 16 bytes, zf_driver_uart.o(i.uart_write_buffer))
<BR><BR>[Stack]<UL><LI>Max Depth = 688<LI>Call Chain = uart_write_buffer &rArr; debug_assert_handler &rArr; debug_output &rArr; __2sprintf
</UL>
<BR>[Calls]<UL><LI><a href="#[a1]">&gt;&gt;</a>&nbsp;&nbsp;&nbsp;debug_assert_handler
</UL>
<BR>[Called By]<UL><LI><a href="#[ee]">&gt;&gt;</a>&nbsp;&nbsp;&nbsp;mt9v03x_set_reg
<LI><a href="#[ed]">&gt;&gt;</a>&nbsp;&nbsp;&nbsp;mt9v03x_set_exposure_time
<LI><a href="#[fe]">&gt;&gt;</a>&nbsp;&nbsp;&nbsp;mt9v03x_get_version
<LI><a href="#[102]">&gt;&gt;</a>&nbsp;&nbsp;&nbsp;mt9v03x_set_config
<LI><a href="#[fc]">&gt;&gt;</a>&nbsp;&nbsp;&nbsp;mt9v03x_get_config
</UL>

<P><STRONG><a name="[c7]"></a>uart_write_byte</STRONG> (Thumb, 28 bytes, Stack size 0 bytes, zf_driver_uart.o(i.uart_write_byte))
<BR><BR>[Called By]<UL><LI><a href="#[b0]">&gt;&gt;</a>&nbsp;&nbsp;&nbsp;uart_write_string
<LI><a href="#[4c]">&gt;&gt;</a>&nbsp;&nbsp;&nbsp;fputc
</UL>

<P><STRONG><a name="[b0]"></a>uart_write_string</STRONG> (Thumb, 44 bytes, Stack size 16 bytes, zf_driver_uart.o(i.uart_write_string))
<BR><BR>[Stack]<UL><LI>Max Depth = 688<LI>Call Chain = uart_write_string &rArr; debug_assert_handler &rArr; debug_output &rArr; __2sprintf
</UL>
<BR>[Calls]<UL><LI><a href="#[c7]">&gt;&gt;</a>&nbsp;&nbsp;&nbsp;uart_write_byte
<LI><a href="#[a1]">&gt;&gt;</a>&nbsp;&nbsp;&nbsp;debug_assert_handler
</UL>
<BR>[Called By]<UL><LI><a href="#[4e]">&gt;&gt;</a>&nbsp;&nbsp;&nbsp;debug_uart_str_output
</UL>

<P><STRONG><a name="[c6]"></a>uint8_limit</STRONG> (Thumb, 22 bytes, Stack size 0 bytes, calculation.o(i.uint8_limit))
<BR><BR>[Called By]<UL><LI><a href="#[c5]">&gt;&gt;</a>&nbsp;&nbsp;&nbsp;find_boundary
</UL>
<P>
<H3>
Local Symbols
</H3>
<P><STRONG><a name="[9a]"></a>clock_reset</STRONG> (Thumb, 112 bytes, Stack size 0 bytes, zf_common_clock.o(i.clock_reset))
<BR><BR>[Called By]<UL><LI><a href="#[82]">&gt;&gt;</a>&nbsp;&nbsp;&nbsp;clock_init
</UL>

<P><STRONG><a name="[9b]"></a>clock_set_freq</STRONG> (Thumb, 430 bytes, Stack size 16 bytes, zf_common_clock.o(i.clock_set_freq))
<BR><BR>[Stack]<UL><LI>Max Depth = 16<LI>Call Chain = clock_set_freq
</UL>
<BR>[Calls]<UL><LI><a href="#[9d]">&gt;&gt;</a>&nbsp;&nbsp;&nbsp;func_get_greatest_common_divisor
</UL>
<BR>[Called By]<UL><LI><a href="#[82]">&gt;&gt;</a>&nbsp;&nbsp;&nbsp;clock_init
</UL>

<P><STRONG><a name="[a5]"></a>debug_delay</STRONG> (Thumb, 50 bytes, Stack size 12 bytes, zf_common_debug.o(i.debug_delay))
<BR><BR>[Stack]<UL><LI>Max Depth = 12<LI>Call Chain = debug_delay
</UL>
<BR>[Called By]<UL><LI><a href="#[a1]">&gt;&gt;</a>&nbsp;&nbsp;&nbsp;debug_assert_handler
</UL>

<P><STRONG><a name="[a4]"></a>debug_output</STRONG> (Thumb, 690 bytes, Stack size 632 bytes, zf_common_debug.o(i.debug_output))
<BR><BR>[Stack]<UL><LI>Max Depth = 656<LI>Call Chain = debug_output &rArr; __2sprintf
</UL>
<BR>[Calls]<UL><LI><a href="#[ac]">&gt;&gt;</a>&nbsp;&nbsp;&nbsp;__2sprintf
<LI><a href="#[ab]">&gt;&gt;</a>&nbsp;&nbsp;&nbsp;strlen
<LI><a href="#[ad]">&gt;&gt;</a>&nbsp;&nbsp;&nbsp;__aeabi_memclr4
</UL>
<BR>[Called By]<UL><LI><a href="#[aa]">&gt;&gt;</a>&nbsp;&nbsp;&nbsp;debug_log_handler
<LI><a href="#[a1]">&gt;&gt;</a>&nbsp;&nbsp;&nbsp;debug_assert_handler
</UL>

<P><STRONG><a name="[a3]"></a>debug_protective_handler</STRONG> (Thumb, 128 bytes, Stack size 192 bytes, zf_common_debug.o(i.debug_protective_handler))
<BR><BR>[Stack]<UL><LI>Max Depth = 232<LI>Call Chain = debug_protective_handler &rArr; gpio_init &rArr; gpio_set_level
</UL>
<BR>[Calls]<UL><LI><a href="#[af]">&gt;&gt;</a>&nbsp;&nbsp;&nbsp;gpio_init
<LI><a href="#[ae]">&gt;&gt;</a>&nbsp;&nbsp;&nbsp;__aeabi_memcpy4
</UL>
<BR>[Called By]<UL><LI><a href="#[a1]">&gt;&gt;</a>&nbsp;&nbsp;&nbsp;debug_assert_handler
</UL>

<P><STRONG><a name="[4e]"></a>debug_uart_str_output</STRONG> (Thumb, 14 bytes, Stack size 8 bytes, zf_common_debug.o(i.debug_uart_str_output))
<BR><BR>[Stack]<UL><LI>Max Depth = 696<LI>Call Chain = debug_uart_str_output &rArr; uart_write_string &rArr; debug_assert_handler &rArr; debug_output &rArr; __2sprintf
</UL>
<BR>[Calls]<UL><LI><a href="#[b0]">&gt;&gt;</a>&nbsp;&nbsp;&nbsp;uart_write_string
</UL>
<BR>[Address Reference Count : 1]<UL><LI> zf_common_debug.o(i.debug_init)
</UL>
<P><STRONG><a name="[c1]"></a>fifo_end_offset</STRONG> (Thumb, 26 bytes, Stack size 0 bytes, zf_common_fifo.o(i.fifo_end_offset))
<BR><BR>[Called By]<UL><LI><a href="#[be]">&gt;&gt;</a>&nbsp;&nbsp;&nbsp;fifo_read_buffer
</UL>

<P><STRONG><a name="[c3]"></a>fifo_head_offset</STRONG> (Thumb, 26 bytes, Stack size 0 bytes, zf_common_fifo.o(i.fifo_head_offset))
<BR><BR>[Called By]<UL><LI><a href="#[c4]">&gt;&gt;</a>&nbsp;&nbsp;&nbsp;fifo_write_element
<LI><a href="#[c2]">&gt;&gt;</a>&nbsp;&nbsp;&nbsp;fifo_write_buffer
</UL>

<P><STRONG><a name="[106]"></a>soft_iic_read_data</STRONG> (Thumb, 296 bytes, Stack size 24 bytes, zf_driver_soft_iic.o(i.soft_iic_read_data))
<BR><BR>[Stack]<UL><LI>Max Depth = 712<LI>Call Chain = soft_iic_read_data &rArr; soft_iic_send_ack &rArr; debug_assert_handler &rArr; debug_output &rArr; __2sprintf
</UL>
<BR>[Calls]<UL><LI><a href="#[a1]">&gt;&gt;</a>&nbsp;&nbsp;&nbsp;debug_assert_handler
<LI><a href="#[b2]">&gt;&gt;</a>&nbsp;&nbsp;&nbsp;gpio_get_level
<LI><a href="#[107]">&gt;&gt;</a>&nbsp;&nbsp;&nbsp;soft_iic_send_ack
</UL>
<BR>[Called By]<UL><LI><a href="#[71]">&gt;&gt;</a>&nbsp;&nbsp;&nbsp;soft_iic_sccb_read_register
</UL>

<P><STRONG><a name="[107]"></a>soft_iic_send_ack</STRONG> (Thumb, 270 bytes, Stack size 16 bytes, zf_driver_soft_iic.o(i.soft_iic_send_ack))
<BR><BR>[Stack]<UL><LI>Max Depth = 688<LI>Call Chain = soft_iic_send_ack &rArr; debug_assert_handler &rArr; debug_output &rArr; __2sprintf
</UL>
<BR>[Calls]<UL><LI><a href="#[a1]">&gt;&gt;</a>&nbsp;&nbsp;&nbsp;debug_assert_handler
</UL>
<BR>[Called By]<UL><LI><a href="#[106]">&gt;&gt;</a>&nbsp;&nbsp;&nbsp;soft_iic_read_data
</UL>

<P><STRONG><a name="[109]"></a>soft_iic_send_data</STRONG> (Thumb, 228 bytes, Stack size 16 bytes, zf_driver_soft_iic.o(i.soft_iic_send_data))
<BR><BR>[Stack]<UL><LI>Max Depth = 704<LI>Call Chain = soft_iic_send_data &rArr; soft_iic_wait_ack &rArr; debug_assert_handler &rArr; debug_output &rArr; __2sprintf
</UL>
<BR>[Calls]<UL><LI><a href="#[a1]">&gt;&gt;</a>&nbsp;&nbsp;&nbsp;debug_assert_handler
<LI><a href="#[10b]">&gt;&gt;</a>&nbsp;&nbsp;&nbsp;soft_iic_wait_ack
</UL>
<BR>[Called By]<UL><LI><a href="#[77]">&gt;&gt;</a>&nbsp;&nbsp;&nbsp;soft_iic_sccb_write_register
<LI><a href="#[71]">&gt;&gt;</a>&nbsp;&nbsp;&nbsp;soft_iic_sccb_read_register
</UL>

<P><STRONG><a name="[108]"></a>soft_iic_start</STRONG> (Thumb, 192 bytes, Stack size 8 bytes, zf_driver_soft_iic.o(i.soft_iic_start))
<BR><BR>[Stack]<UL><LI>Max Depth = 680<LI>Call Chain = soft_iic_start &rArr; debug_assert_handler &rArr; debug_output &rArr; __2sprintf
</UL>
<BR>[Calls]<UL><LI><a href="#[a1]">&gt;&gt;</a>&nbsp;&nbsp;&nbsp;debug_assert_handler
</UL>
<BR>[Called By]<UL><LI><a href="#[77]">&gt;&gt;</a>&nbsp;&nbsp;&nbsp;soft_iic_sccb_write_register
<LI><a href="#[71]">&gt;&gt;</a>&nbsp;&nbsp;&nbsp;soft_iic_sccb_read_register
</UL>

<P><STRONG><a name="[10a]"></a>soft_iic_stop</STRONG> (Thumb, 204 bytes, Stack size 8 bytes, zf_driver_soft_iic.o(i.soft_iic_stop))
<BR><BR>[Stack]<UL><LI>Max Depth = 680<LI>Call Chain = soft_iic_stop &rArr; debug_assert_handler &rArr; debug_output &rArr; __2sprintf
</UL>
<BR>[Calls]<UL><LI><a href="#[a1]">&gt;&gt;</a>&nbsp;&nbsp;&nbsp;debug_assert_handler
</UL>
<BR>[Called By]<UL><LI><a href="#[77]">&gt;&gt;</a>&nbsp;&nbsp;&nbsp;soft_iic_sccb_write_register
<LI><a href="#[71]">&gt;&gt;</a>&nbsp;&nbsp;&nbsp;soft_iic_sccb_read_register
</UL>

<P><STRONG><a name="[10b]"></a>soft_iic_wait_ack</STRONG> (Thumb, 218 bytes, Stack size 16 bytes, zf_driver_soft_iic.o(i.soft_iic_wait_ack))
<BR><BR>[Stack]<UL><LI>Max Depth = 688<LI>Call Chain = soft_iic_wait_ack &rArr; debug_assert_handler &rArr; debug_output &rArr; __2sprintf
</UL>
<BR>[Calls]<UL><LI><a href="#[a1]">&gt;&gt;</a>&nbsp;&nbsp;&nbsp;debug_assert_handler
<LI><a href="#[b2]">&gt;&gt;</a>&nbsp;&nbsp;&nbsp;gpio_get_level
</UL>
<BR>[Called By]<UL><LI><a href="#[109]">&gt;&gt;</a>&nbsp;&nbsp;&nbsp;soft_iic_send_data
</UL>

<P><STRONG><a name="[d3]"></a>ips200_debug_init</STRONG> (Thumb, 98 bytes, Stack size 24 bytes, zf_device_ips200.o(i.ips200_debug_init))
<BR><BR>[Stack]<UL><LI>Max Depth = 24<LI>Call Chain = ips200_debug_init
</UL>
<BR>[Calls]<UL><LI><a href="#[a7]">&gt;&gt;</a>&nbsp;&nbsp;&nbsp;debug_output_struct_init
<LI><a href="#[a8]">&gt;&gt;</a>&nbsp;&nbsp;&nbsp;debug_output_init
</UL>
<BR>[Called By]<UL><LI><a href="#[d4]">&gt;&gt;</a>&nbsp;&nbsp;&nbsp;ips200_init
</UL>

<P><STRONG><a name="[d1]"></a>ips200_set_region</STRONG> (Thumb, 154 bytes, Stack size 24 bytes, zf_device_ips200.o(i.ips200_set_region))
<BR><BR>[Stack]<UL><LI>Max Depth = 696<LI>Call Chain = ips200_set_region &rArr; debug_assert_handler &rArr; debug_output &rArr; __2sprintf
</UL>
<BR>[Calls]<UL><LI><a href="#[a1]">&gt;&gt;</a>&nbsp;&nbsp;&nbsp;debug_assert_handler
<LI><a href="#[d8]">&gt;&gt;</a>&nbsp;&nbsp;&nbsp;ips200_write_command
<LI><a href="#[d2]">&gt;&gt;</a>&nbsp;&nbsp;&nbsp;ips200_write_16bit_data
</UL>
<BR>[Called By]<UL><LI><a href="#[b7]">&gt;&gt;</a>&nbsp;&nbsp;&nbsp;ips200_draw_point
<LI><a href="#[50]">&gt;&gt;</a>&nbsp;&nbsp;&nbsp;ips200_clear
<LI><a href="#[db]">&gt;&gt;</a>&nbsp;&nbsp;&nbsp;ips200_show_gray_image
<LI><a href="#[da]">&gt;&gt;</a>&nbsp;&nbsp;&nbsp;ips200_show_char
</UL>

<P><STRONG><a name="[d2]"></a>ips200_write_16bit_data</STRONG> (Thumb, 144 bytes, Stack size 8 bytes, zf_device_ips200.o(i.ips200_write_16bit_data))
<BR><BR>[Stack]<UL><LI>Max Depth = 8<LI>Call Chain = ips200_write_16bit_data
</UL>
<BR>[Calls]<UL><LI><a href="#[dc]">&gt;&gt;</a>&nbsp;&nbsp;&nbsp;spi_write_16bit
</UL>
<BR>[Called By]<UL><LI><a href="#[b7]">&gt;&gt;</a>&nbsp;&nbsp;&nbsp;ips200_draw_point
<LI><a href="#[50]">&gt;&gt;</a>&nbsp;&nbsp;&nbsp;ips200_clear
<LI><a href="#[db]">&gt;&gt;</a>&nbsp;&nbsp;&nbsp;ips200_show_gray_image
<LI><a href="#[da]">&gt;&gt;</a>&nbsp;&nbsp;&nbsp;ips200_show_char
<LI><a href="#[d1]">&gt;&gt;</a>&nbsp;&nbsp;&nbsp;ips200_set_region
</UL>

<P><STRONG><a name="[d9]"></a>ips200_write_8bit_data</STRONG> (Thumb, 106 bytes, Stack size 8 bytes, zf_device_ips200.o(i.ips200_write_8bit_data))
<BR><BR>[Stack]<UL><LI>Max Depth = 8<LI>Call Chain = ips200_write_8bit_data
</UL>
<BR>[Calls]<UL><LI><a href="#[dd]">&gt;&gt;</a>&nbsp;&nbsp;&nbsp;spi_write_8bit
</UL>
<BR>[Called By]<UL><LI><a href="#[d4]">&gt;&gt;</a>&nbsp;&nbsp;&nbsp;ips200_init
</UL>

<P><STRONG><a name="[d8]"></a>ips200_write_command</STRONG> (Thumb, 170 bytes, Stack size 8 bytes, zf_device_ips200.o(i.ips200_write_command))
<BR><BR>[Stack]<UL><LI>Max Depth = 8<LI>Call Chain = ips200_write_command
</UL>
<BR>[Calls]<UL><LI><a href="#[dd]">&gt;&gt;</a>&nbsp;&nbsp;&nbsp;spi_write_8bit
</UL>
<BR>[Called By]<UL><LI><a href="#[d4]">&gt;&gt;</a>&nbsp;&nbsp;&nbsp;ips200_init
<LI><a href="#[d1]">&gt;&gt;</a>&nbsp;&nbsp;&nbsp;ips200_set_region
</UL>

<P><STRONG><a name="[52]"></a>mt9v03x_dma_handler</STRONG> (Thumb, 16 bytes, Stack size 8 bytes, zf_device_mt9v03x.o(i.mt9v03x_dma_handler))
<BR><BR>[Stack]<UL><LI>Max Depth = 8<LI>Call Chain = mt9v03x_dma_handler
</UL>
<BR>[Calls]<UL><LI><a href="#[fb]">&gt;&gt;</a>&nbsp;&nbsp;&nbsp;dma_disable
</UL>
<BR>[Address Reference Count : 3]<UL><LI> zf_device_mt9v03x.o(i.mt9v03x_set_exposure_time)
<LI> zf_device_mt9v03x.o(i.mt9v03x_set_reg)
<LI> zf_device_mt9v03x.o(i.mt9v03x_init)
</UL>
<P><STRONG><a name="[fc]"></a>mt9v03x_get_config</STRONG> (Thumb, 202 bytes, Stack size 32 bytes, zf_device_mt9v03x.o(i.mt9v03x_get_config))
<BR><BR>[Stack]<UL><LI>Max Depth = 744<LI>Call Chain = mt9v03x_get_config &rArr; fifo_read_buffer &rArr; fifo_used &rArr; debug_assert_handler &rArr; debug_output &rArr; __2sprintf
</UL>
<BR>[Calls]<UL><LI><a href="#[bf]">&gt;&gt;</a>&nbsp;&nbsp;&nbsp;fifo_used
<LI><a href="#[be]">&gt;&gt;</a>&nbsp;&nbsp;&nbsp;fifo_read_buffer
<LI><a href="#[74]">&gt;&gt;</a>&nbsp;&nbsp;&nbsp;system_delay
<LI><a href="#[fd]">&gt;&gt;</a>&nbsp;&nbsp;&nbsp;uart_write_buffer
</UL>
<BR>[Called By]<UL><LI><a href="#[ec]">&gt;&gt;</a>&nbsp;&nbsp;&nbsp;mt9v03x_init
</UL>

<P><STRONG><a name="[102]"></a>mt9v03x_set_config</STRONG> (Thumb, 174 bytes, Stack size 32 bytes, zf_device_mt9v03x.o(i.mt9v03x_set_config))
<BR><BR>[Stack]<UL><LI>Max Depth = 744<LI>Call Chain = mt9v03x_set_config &rArr; fifo_read_buffer &rArr; fifo_used &rArr; debug_assert_handler &rArr; debug_output &rArr; __2sprintf
</UL>
<BR>[Calls]<UL><LI><a href="#[bf]">&gt;&gt;</a>&nbsp;&nbsp;&nbsp;fifo_used
<LI><a href="#[be]">&gt;&gt;</a>&nbsp;&nbsp;&nbsp;fifo_read_buffer
<LI><a href="#[74]">&gt;&gt;</a>&nbsp;&nbsp;&nbsp;system_delay
<LI><a href="#[fd]">&gt;&gt;</a>&nbsp;&nbsp;&nbsp;uart_write_buffer
</UL>
<BR>[Called By]<UL><LI><a href="#[ec]">&gt;&gt;</a>&nbsp;&nbsp;&nbsp;mt9v03x_init
</UL>

<P><STRONG><a name="[51]"></a>mt9v03x_uart_handler</STRONG> (Thumb, 40 bytes, Stack size 8 bytes, zf_device_mt9v03x.o(i.mt9v03x_uart_handler))
<BR><BR>[Stack]<UL><LI>Max Depth = 696<LI>Call Chain = mt9v03x_uart_handler &rArr; fifo_write_element &rArr; debug_assert_handler &rArr; debug_output &rArr; __2sprintf
</UL>
<BR>[Calls]<UL><LI><a href="#[c4]">&gt;&gt;</a>&nbsp;&nbsp;&nbsp;fifo_write_element
<LI><a href="#[bd]">&gt;&gt;</a>&nbsp;&nbsp;&nbsp;fifo_clear
<LI><a href="#[ce]">&gt;&gt;</a>&nbsp;&nbsp;&nbsp;uart_query_byte
</UL>
<BR>[Address Reference Count : 3]<UL><LI> zf_device_mt9v03x.o(i.mt9v03x_set_exposure_time)
<LI> zf_device_mt9v03x.o(i.mt9v03x_set_reg)
<LI> zf_device_mt9v03x.o(i.mt9v03x_init)
</UL>
<P><STRONG><a name="[53]"></a>mt9v03x_vsync_handler</STRONG> (Thumb, 48 bytes, Stack size 8 bytes, zf_device_mt9v03x.o(i.mt9v03x_vsync_handler))
<BR><BR>[Stack]<UL><LI>Max Depth = 8<LI>Call Chain = mt9v03x_vsync_handler
</UL>
<BR>[Calls]<UL><LI><a href="#[103]">&gt;&gt;</a>&nbsp;&nbsp;&nbsp;dma_set_count
<LI><a href="#[104]">&gt;&gt;</a>&nbsp;&nbsp;&nbsp;dma_enable
<LI><a href="#[fb]">&gt;&gt;</a>&nbsp;&nbsp;&nbsp;dma_disable
</UL>
<BR>[Address Reference Count : 3]<UL><LI> zf_device_mt9v03x.o(i.mt9v03x_set_exposure_time)
<LI> zf_device_mt9v03x.o(i.mt9v03x_set_reg)
<LI> zf_device_mt9v03x.o(i.mt9v03x_init)
</UL>
<P><STRONG><a name="[0]"></a>type_default_callback</STRONG> (Thumb, 2 bytes, Stack size 0 bytes, zf_device_type.o(i.type_default_callback))
<BR>[Address Reference Count : 2]<UL><LI> zf_device_type.o(i.set_camera_type)
<LI> zf_device_type.o(.data)
</UL>
<P><STRONG><a name="[73]"></a>mt9v03x_write_word_sccb</STRONG> (Thumb, 50 bytes, Stack size 16 bytes, zf_device_config.o(.text.mt9v03x_write_word_sccb))
<BR><BR>[Stack]<UL><LI>Max Depth = 736<LI>Call Chain = mt9v03x_write_word_sccb &rArr; soft_iic_sccb_write_register &rArr; soft_iic_send_data &rArr; soft_iic_wait_ack &rArr; debug_assert_handler &rArr; debug_output &rArr; __2sprintf
</UL>
<BR>[Calls]<UL><LI><a href="#[77]">&gt;&gt;</a>&nbsp;&nbsp;&nbsp;soft_iic_sccb_write_register
</UL>
<BR>[Called By]<UL><LI><a href="#[76]">&gt;&gt;</a>&nbsp;&nbsp;&nbsp;mt9v03x_set_reg_sccb
<LI><a href="#[75]">&gt;&gt;</a>&nbsp;&nbsp;&nbsp;mt9v03x_set_exposure_time_sccb
<LI><a href="#[72]">&gt;&gt;</a>&nbsp;&nbsp;&nbsp;mt9v03x_set_config_sccb
</UL>

<P><STRONG><a name="[70]"></a>mt9v03x_read_word_sccb</STRONG> (Thumb, 60 bytes, Stack size 16 bytes, zf_device_config.o(.text.mt9v03x_read_word_sccb))
<BR><BR>[Stack]<UL><LI>Max Depth = 744<LI>Call Chain = mt9v03x_read_word_sccb &rArr; soft_iic_sccb_read_register &rArr; soft_iic_read_data &rArr; soft_iic_send_ack &rArr; debug_assert_handler &rArr; debug_output &rArr; __2sprintf
</UL>
<BR>[Calls]<UL><LI><a href="#[71]">&gt;&gt;</a>&nbsp;&nbsp;&nbsp;soft_iic_sccb_read_register
</UL>
<BR>[Called By]<UL><LI><a href="#[72]">&gt;&gt;</a>&nbsp;&nbsp;&nbsp;mt9v03x_set_config_sccb
</UL>

<P><STRONG><a name="[8d]"></a>_fp_digits</STRONG> (Thumb, 366 bytes, Stack size 64 bytes, printfa.o(i._fp_digits), UNUSED)
<BR><BR>[Calls]<UL><LI><a href="#[67]">&gt;&gt;</a>&nbsp;&nbsp;&nbsp;__aeabi_ddiv
<LI><a href="#[8e]">&gt;&gt;</a>&nbsp;&nbsp;&nbsp;__aeabi_cdrcmple
<LI><a href="#[66]">&gt;&gt;</a>&nbsp;&nbsp;&nbsp;__aeabi_dmul
<LI><a href="#[5f]">&gt;&gt;</a>&nbsp;&nbsp;&nbsp;__aeabi_dadd
<LI><a href="#[6e]">&gt;&gt;</a>&nbsp;&nbsp;&nbsp;__aeabi_d2ulz
<LI><a href="#[6d]">&gt;&gt;</a>&nbsp;&nbsp;&nbsp;__aeabi_uldivmod
</UL>
<BR>[Called By]<UL><LI><a href="#[8b]">&gt;&gt;</a>&nbsp;&nbsp;&nbsp;_printf_core
</UL>

<P><STRONG><a name="[8b]"></a>_printf_core</STRONG> (Thumb, 1704 bytes, Stack size 136 bytes, printfa.o(i._printf_core), UNUSED)
<BR><BR>[Calls]<UL><LI><a href="#[8f]">&gt;&gt;</a>&nbsp;&nbsp;&nbsp;_printf_pre_padding
<LI><a href="#[90]">&gt;&gt;</a>&nbsp;&nbsp;&nbsp;_printf_post_padding
<LI><a href="#[8d]">&gt;&gt;</a>&nbsp;&nbsp;&nbsp;_fp_digits
<LI><a href="#[6d]">&gt;&gt;</a>&nbsp;&nbsp;&nbsp;__aeabi_uldivmod
<LI><a href="#[91]">&gt;&gt;</a>&nbsp;&nbsp;&nbsp;__aeabi_uidivmod
</UL>
<BR>[Called By]<UL><LI><a href="#[8c]">&gt;&gt;</a>&nbsp;&nbsp;&nbsp;__0sprintf
<LI><a href="#[8a]">&gt;&gt;</a>&nbsp;&nbsp;&nbsp;__0printf
</UL>

<P><STRONG><a name="[90]"></a>_printf_post_padding</STRONG> (Thumb, 36 bytes, Stack size 24 bytes, printfa.o(i._printf_post_padding), UNUSED)
<BR><BR>[Called By]<UL><LI><a href="#[8b]">&gt;&gt;</a>&nbsp;&nbsp;&nbsp;_printf_core
</UL>

<P><STRONG><a name="[8f]"></a>_printf_pre_padding</STRONG> (Thumb, 46 bytes, Stack size 24 bytes, printfa.o(i._printf_pre_padding), UNUSED)
<BR><BR>[Called By]<UL><LI><a href="#[8b]">&gt;&gt;</a>&nbsp;&nbsp;&nbsp;_printf_core
</UL>

<P><STRONG><a name="[4d]"></a>_sputc</STRONG> (Thumb, 10 bytes, Stack size 0 bytes, printfa.o(i._sputc))
<BR><BR>[Called By]<UL><LI><a href="#[8c]">&gt;&gt;</a>&nbsp;&nbsp;&nbsp;__0sprintf
</UL>
<BR>[Address Reference Count : 1]<UL><LI> printfa.o(i.__0sprintf)
</UL><P>
<H3>
Undefined Global Symbols
</H3><HR></body></html>
